Archive member included because of file (symbol)

c:/users/mohamed karem/desktop/embedded/programs/imt_sdk_win_64/imt_sdk_win_64/winavr/bin/../lib/gcc/avr/4.3.3/avr5\libgcc.a(_mulsi3.o)
                              ./app/Test_ADC.o (__mulsi3)
c:/users/mohamed karem/desktop/embedded/programs/imt_sdk_win_64/imt_sdk_win_64/winavr/bin/../lib/gcc/avr/4.3.3/avr5\libgcc.a(_udivmodqi4.o)
                              ./HAL/LCD_driver/Log_program.o (__udivmodqi4)
c:/users/mohamed karem/desktop/embedded/programs/imt_sdk_win_64/imt_sdk_win_64/winavr/bin/../lib/gcc/avr/4.3.3/avr5\libgcc.a(_udivmodhi4.o)
                              ./app/ICU_Using_Timer.o (__udivmodhi4)
c:/users/mohamed karem/desktop/embedded/programs/imt_sdk_win_64/imt_sdk_win_64/winavr/bin/../lib/gcc/avr/4.3.3/avr5\libgcc.a(_exit.o)
                              c:/users/mohamed karem/desktop/embedded/programs/imt_sdk_win_64/imt_sdk_win_64/winavr/bin/../lib/gcc/avr/4.3.3/../../../../avr/lib/avr5/crtm32.o (exit)
c:/users/mohamed karem/desktop/embedded/programs/imt_sdk_win_64/imt_sdk_win_64/winavr/bin/../lib/gcc/avr/4.3.3/avr5\libgcc.a(_copy_data.o)
                              ./app/FreeRtos_2TasksHasLCDSource.o (__do_copy_data)
c:/users/mohamed karem/desktop/embedded/programs/imt_sdk_win_64/imt_sdk_win_64/winavr/bin/../lib/gcc/avr/4.3.3/avr5\libgcc.a(_clear_bss.o)
                              ./app/FreeRtos_2TasksHasLCDSource_Semahore.o (__do_clear_bss)
c:/users/mohamed karem/desktop/embedded/programs/imt_sdk_win_64/imt_sdk_win_64/winavr/bin/../lib/gcc/avr/4.3.3/avr5\libgcc.a(_fixunssfsi.o)
                              ./app/Test_EXTI.o (__fixunssfsi)
c:/users/mohamed karem/desktop/embedded/programs/imt_sdk_win_64/imt_sdk_win_64/winavr/bin/../lib/gcc/avr/4.3.3/avr5\libgcc.a(_addsub_sf.o)
                              c:/users/mohamed karem/desktop/embedded/programs/imt_sdk_win_64/imt_sdk_win_64/winavr/bin/../lib/gcc/avr/4.3.3/avr5\libgcc.a(_fixunssfsi.o) (__subsf3)
c:/users/mohamed karem/desktop/embedded/programs/imt_sdk_win_64/imt_sdk_win_64/winavr/bin/../lib/gcc/avr/4.3.3/avr5\libgcc.a(_mul_sf.o)
                              ./app/Test_EXTI.o (__mulsf3)
c:/users/mohamed karem/desktop/embedded/programs/imt_sdk_win_64/imt_sdk_win_64/winavr/bin/../lib/gcc/avr/4.3.3/avr5\libgcc.a(_gt_sf.o)
                              ./app/Test_EXTI.o (__gtsf2)
c:/users/mohamed karem/desktop/embedded/programs/imt_sdk_win_64/imt_sdk_win_64/winavr/bin/../lib/gcc/avr/4.3.3/avr5\libgcc.a(_ge_sf.o)
                              c:/users/mohamed karem/desktop/embedded/programs/imt_sdk_win_64/imt_sdk_win_64/winavr/bin/../lib/gcc/avr/4.3.3/avr5\libgcc.a(_fixunssfsi.o) (__gesf2)
c:/users/mohamed karem/desktop/embedded/programs/imt_sdk_win_64/imt_sdk_win_64/winavr/bin/../lib/gcc/avr/4.3.3/avr5\libgcc.a(_lt_sf.o)
                              ./app/Test_EXTI.o (__ltsf2)
c:/users/mohamed karem/desktop/embedded/programs/imt_sdk_win_64/imt_sdk_win_64/winavr/bin/../lib/gcc/avr/4.3.3/avr5\libgcc.a(_sf_to_si.o)
                              c:/users/mohamed karem/desktop/embedded/programs/imt_sdk_win_64/imt_sdk_win_64/winavr/bin/../lib/gcc/avr/4.3.3/avr5\libgcc.a(_fixunssfsi.o) (__fixsfsi)
c:/users/mohamed karem/desktop/embedded/programs/imt_sdk_win_64/imt_sdk_win_64/winavr/bin/../lib/gcc/avr/4.3.3/avr5\libgcc.a(_thenan_sf.o)
                              c:/users/mohamed karem/desktop/embedded/programs/imt_sdk_win_64/imt_sdk_win_64/winavr/bin/../lib/gcc/avr/4.3.3/avr5\libgcc.a(_addsub_sf.o) (__thenan_sf)
c:/users/mohamed karem/desktop/embedded/programs/imt_sdk_win_64/imt_sdk_win_64/winavr/bin/../lib/gcc/avr/4.3.3/avr5\libgcc.a(_prologue.o)
                              c:/users/mohamed karem/desktop/embedded/programs/imt_sdk_win_64/imt_sdk_win_64/winavr/bin/../lib/gcc/avr/4.3.3/avr5\libgcc.a(_addsub_sf.o) (__prologue_saves__)
c:/users/mohamed karem/desktop/embedded/programs/imt_sdk_win_64/imt_sdk_win_64/winavr/bin/../lib/gcc/avr/4.3.3/avr5\libgcc.a(_epilogue.o)
                              c:/users/mohamed karem/desktop/embedded/programs/imt_sdk_win_64/imt_sdk_win_64/winavr/bin/../lib/gcc/avr/4.3.3/avr5\libgcc.a(_addsub_sf.o) (__epilogue_restores__)
c:/users/mohamed karem/desktop/embedded/programs/imt_sdk_win_64/imt_sdk_win_64/winavr/bin/../lib/gcc/avr/4.3.3/avr5\libgcc.a(_pack_sf.o)
                              c:/users/mohamed karem/desktop/embedded/programs/imt_sdk_win_64/imt_sdk_win_64/winavr/bin/../lib/gcc/avr/4.3.3/avr5\libgcc.a(_addsub_sf.o) (__pack_f)
c:/users/mohamed karem/desktop/embedded/programs/imt_sdk_win_64/imt_sdk_win_64/winavr/bin/../lib/gcc/avr/4.3.3/avr5\libgcc.a(_unpack_sf.o)
                              c:/users/mohamed karem/desktop/embedded/programs/imt_sdk_win_64/imt_sdk_win_64/winavr/bin/../lib/gcc/avr/4.3.3/avr5\libgcc.a(_addsub_sf.o) (__unpack_f)
c:/users/mohamed karem/desktop/embedded/programs/imt_sdk_win_64/imt_sdk_win_64/winavr/bin/../lib/gcc/avr/4.3.3/avr5\libgcc.a(_fpcmp_parts_sf.o)
                              c:/users/mohamed karem/desktop/embedded/programs/imt_sdk_win_64/imt_sdk_win_64/winavr/bin/../lib/gcc/avr/4.3.3/avr5\libgcc.a(_gt_sf.o) (__fpcmp_parts_f)
c:/users/mohamed karem/desktop/embedded/programs/imt_sdk_win_64/imt_sdk_win_64/winavr/bin/../lib/gcc/avr/4.3.3/../../../../avr/lib/avr5\libc.a(memcpy.o)
                              ./FREE_RTOS/queue.o (memcpy)
c:/users/mohamed karem/desktop/embedded/programs/imt_sdk_win_64/imt_sdk_win_64/winavr/bin/../lib/gcc/avr/4.3.3/../../../../avr/lib/avr5\libc.a(memset.o)
                              ./FREE_RTOS/tasks.o (memset)
c:/users/mohamed karem/desktop/embedded/programs/imt_sdk_win_64/imt_sdk_win_64/winavr/bin/../lib/gcc/avr/4.3.3/../../../../avr/lib/avr5\libc.a(strncpy.o)
                              ./FREE_RTOS/tasks.o (strncpy)

Allocating common symbols
Common symbol       size              file

taskinit            0x2               ./app/FreeRtos_SynchSemaphore_Task_INT.o
buffer              0x2               ./app/FreeRtos_Queue.o

Memory Configuration

Name             Origin             Length             Attributes
text             0x00000000         0x00020000         xr
data             0x00800060         0x0000ffa0         rw !x
eeprom           0x00810000         0x00010000         rw !x
fuse             0x00820000         0x00000400         rw !x
lock             0x00830000         0x00000400         rw !x
signature        0x00840000         0x00000400         rw !x
*default*        0x00000000         0xffffffff

Linker script and memory map

LOAD c:/users/mohamed karem/desktop/embedded/programs/imt_sdk_win_64/imt_sdk_win_64/winavr/bin/../lib/gcc/avr/4.3.3/../../../../avr/lib/avr5/crtm32.o
LOAD ./app/FreeRtos_2TasksHasLCDSource.o
LOAD ./app/FreeRtos_2TasksHasLCDSource_Semahore.o
LOAD ./app/FreeRtos_Blinking2Leds.o
LOAD ./app/FreeRtos_Queue.o
LOAD ./app/FreeRtos_SynchSemaphore_Task_INT.o
LOAD ./app/ICU_Using_Timer.o
LOAD ./app/Test_ADC.o
LOAD ./app/Test_EXTI.o
LOAD ./app/Test_I2c_Ext_EEPROM.o
LOAD ./app/Test_LCD_Keypad.o
LOAD ./app/Test_OverFlow_Timer.o
LOAD ./app/Test_SPI.o
LOAD ./app/Test_UART.o
LOAD ./app/Test_WD.o
LOAD ./app/anims.o
LOAD ./app/blinkled.o
LOAD ./app/lcd.o
LOAD ./app/testDIO.o
LOAD ./MCAL/WatchDog/WATCHDOG.program.o
LOAD ./MCAL/UART/UART_program.o
LOAD ./MCAL/TIMER/TIMER.program.o
LOAD ./MCAL/SPI/SPI_program.o
LOAD ./MCAL/I2C/IIC_program.o
LOAD ./MCAL/EXTI/EXTI_program.o
LOAD ./MCAL/DIO_driver/DIO_program.o
LOAD ./MCAL/ADC/ADC_program.o
LOAD ./HAL/LCD_driver/LCD_program.o
LOAD ./HAL/LCD_driver/Log_program.o
LOAD ./HAL/Keypad_driver/keypad_program.o
LOAD ./HAL/EXT_EEPROM/EXT_EEPROM_program.o
LOAD ./FREE_RTOS/croutine.o
LOAD ./FREE_RTOS/heap_1.o
LOAD ./FREE_RTOS/list.o
LOAD ./FREE_RTOS/port.o
LOAD ./FREE_RTOS/queue.o
LOAD ./FREE_RTOS/tasks.o
LOAD ./FREE_RTOS/timers.o
LOAD ./main.o
LOAD c:/users/mohamed karem/desktop/embedded/programs/imt_sdk_win_64/imt_sdk_win_64/winavr/bin/../lib/gcc/avr/4.3.3/avr5\libgcc.a
LOAD c:/users/mohamed karem/desktop/embedded/programs/imt_sdk_win_64/imt_sdk_win_64/winavr/bin/../lib/gcc/avr/4.3.3/../../../../avr/lib/avr5\libc.a
LOAD c:/users/mohamed karem/desktop/embedded/programs/imt_sdk_win_64/imt_sdk_win_64/winavr/bin/../lib/gcc/avr/4.3.3/avr5\libgcc.a

.hash
 *(.hash)

.dynsym
 *(.dynsym)

.dynstr
 *(.dynstr)

.gnu.version
 *(.gnu.version)

.gnu.version_d
 *(.gnu.version_d)

.gnu.version_r
 *(.gnu.version_r)

.rel.init
 *(.rel.init)

.rela.init
 *(.rela.init)

.rel.text
 *(.rel.text)
 *(.rel.text.*)
 *(.rel.gnu.linkonce.t*)

.rela.text
 *(.rela.text)
 *(.rela.text.*)
 *(.rela.gnu.linkonce.t*)

.rel.fini
 *(.rel.fini)

.rela.fini
 *(.rela.fini)

.rel.rodata
 *(.rel.rodata)
 *(.rel.rodata.*)
 *(.rel.gnu.linkonce.r*)

.rela.rodata
 *(.rela.rodata)
 *(.rela.rodata.*)
 *(.rela.gnu.linkonce.r*)

.rel.data
 *(.rel.data)
 *(.rel.data.*)
 *(.rel.gnu.linkonce.d*)

.rela.data
 *(.rela.data)
 *(.rela.data.*)
 *(.rela.gnu.linkonce.d*)

.rel.ctors
 *(.rel.ctors)

.rela.ctors
 *(.rela.ctors)

.rel.dtors
 *(.rel.dtors)

.rela.dtors
 *(.rela.dtors)

.rel.got
 *(.rel.got)

.rela.got
 *(.rela.got)

.rel.bss
 *(.rel.bss)

.rela.bss
 *(.rela.bss)

.rel.plt
 *(.rel.plt)

.rela.plt
 *(.rela.plt)

.text           0x00000000     0x6742
 *(.vectors)
 .vectors       0x00000000       0x54 c:/users/mohamed karem/desktop/embedded/programs/imt_sdk_win_64/imt_sdk_win_64/winavr/bin/../lib/gcc/avr/4.3.3/../../../../avr/lib/avr5/crtm32.o
                0x00000000                __vectors
                0x00000000                __vector_default
 *(.vectors)
 *(.progmem.gcc*)
 *(.progmem*)
                0x00000054                . = ALIGN (0x2)
                0x00000054                __trampolines_start = .
 *(.trampolines)
 .trampolines   0x00000054        0x0 linker stubs
 *(.trampolines*)
                0x00000054                __trampolines_end = .
 *(.jumptables)
 *(.jumptables*)
 *(.lowtext)
 *(.lowtext*)
                0x00000054                __ctors_start = .
 *(.ctors)
                0x00000054                __ctors_end = .
                0x00000054                __dtors_start = .
 *(.dtors)
                0x00000054                __dtors_end = .
 SORT(*)(.ctors)
 SORT(*)(.dtors)
 *(.init0)
 .init0         0x00000054        0x0 c:/users/mohamed karem/desktop/embedded/programs/imt_sdk_win_64/imt_sdk_win_64/winavr/bin/../lib/gcc/avr/4.3.3/../../../../avr/lib/avr5/crtm32.o
                0x00000054                __init
 *(.init0)
 *(.init1)
 *(.init1)
 *(.init2)
 .init2         0x00000054        0xc c:/users/mohamed karem/desktop/embedded/programs/imt_sdk_win_64/imt_sdk_win_64/winavr/bin/../lib/gcc/avr/4.3.3/../../../../avr/lib/avr5/crtm32.o
 *(.init2)
 *(.init3)
 *(.init3)
 *(.init4)
 .init4         0x00000060       0x16 c:/users/mohamed karem/desktop/embedded/programs/imt_sdk_win_64/imt_sdk_win_64/winavr/bin/../lib/gcc/avr/4.3.3/avr5\libgcc.a(_copy_data.o)
                0x00000060                __do_copy_data
 .init4         0x00000076       0x10 c:/users/mohamed karem/desktop/embedded/programs/imt_sdk_win_64/imt_sdk_win_64/winavr/bin/../lib/gcc/avr/4.3.3/avr5\libgcc.a(_clear_bss.o)
                0x00000076                __do_clear_bss
 *(.init4)
 *(.init5)
 *(.init5)
 *(.init6)
 *(.init6)
 *(.init7)
 *(.init7)
 *(.init8)
 *(.init8)
 *(.init9)
 .init9         0x00000086        0x8 c:/users/mohamed karem/desktop/embedded/programs/imt_sdk_win_64/imt_sdk_win_64/winavr/bin/../lib/gcc/avr/4.3.3/../../../../avr/lib/avr5/crtm32.o
 *(.init9)
 *(.text)
 .text          0x0000008e        0x4 c:/users/mohamed karem/desktop/embedded/programs/imt_sdk_win_64/imt_sdk_win_64/winavr/bin/../lib/gcc/avr/4.3.3/../../../../avr/lib/avr5/crtm32.o
                0x0000008e                __vector_12
                0x0000008e                __bad_interrupt
                0x0000008e                __vector_3
                0x0000008e                __vector_11
                0x0000008e                __vector_13
                0x0000008e                __vector_17
                0x0000008e                __vector_19
                0x0000008e                __vector_5
                0x0000008e                __vector_4
                0x0000008e                __vector_9
                0x0000008e                __vector_15
                0x0000008e                __vector_8
                0x0000008e                __vector_14
                0x0000008e                __vector_10
                0x0000008e                __vector_16
                0x0000008e                __vector_18
                0x0000008e                __vector_20
 .text          0x00000092        0x0 ./app/FreeRtos_2TasksHasLCDSource.o
 .text          0x00000092        0x0 ./app/FreeRtos_2TasksHasLCDSource_Semahore.o
 .text          0x00000092        0x0 ./app/FreeRtos_Blinking2Leds.o
 .text          0x00000092        0x0 ./app/FreeRtos_Queue.o
 .text          0x00000092        0x0 ./app/FreeRtos_SynchSemaphore_Task_INT.o
 .text          0x00000092        0x0 ./app/ICU_Using_Timer.o
 .text          0x00000092        0x0 ./app/Test_ADC.o
 .text          0x00000092        0x0 ./app/Test_EXTI.o
 .text          0x00000092        0x0 ./app/Test_I2c_Ext_EEPROM.o
 .text          0x00000092        0x0 ./app/Test_LCD_Keypad.o
 .text          0x00000092        0x0 ./app/Test_OverFlow_Timer.o
 .text          0x00000092        0x0 ./app/Test_SPI.o
 .text          0x00000092        0x0 ./app/Test_UART.o
 .text          0x00000092        0x0 ./app/Test_WD.o
 .text          0x00000092        0x0 ./app/anims.o
 .text          0x00000092        0x0 ./app/blinkled.o
 .text          0x00000092        0x0 ./app/lcd.o
 .text          0x00000092        0x0 ./app/testDIO.o
 .text          0x00000092        0x0 ./MCAL/WatchDog/WATCHDOG.program.o
 .text          0x00000092        0x0 ./MCAL/UART/UART_program.o
 .text          0x00000092        0x0 ./MCAL/TIMER/TIMER.program.o
 .text          0x00000092        0x0 ./MCAL/SPI/SPI_program.o
 .text          0x00000092        0x0 ./MCAL/I2C/IIC_program.o
 .text          0x00000092        0x0 ./MCAL/EXTI/EXTI_program.o
 .text          0x00000092        0x0 ./MCAL/DIO_driver/DIO_program.o
 .text          0x00000092        0x0 ./MCAL/ADC/ADC_program.o
 .text          0x00000092        0x0 ./HAL/LCD_driver/LCD_program.o
 .text          0x00000092        0x0 ./HAL/LCD_driver/Log_program.o
 .text          0x00000092        0x0 ./HAL/Keypad_driver/keypad_program.o
 .text          0x00000092        0x0 ./HAL/EXT_EEPROM/EXT_EEPROM_program.o
 .text          0x00000092        0x0 ./FREE_RTOS/croutine.o
 .text          0x00000092        0x0 ./FREE_RTOS/heap_1.o
 .text          0x00000092        0x0 ./FREE_RTOS/list.o
 .text          0x00000092        0x0 ./FREE_RTOS/port.o
 .text          0x00000092        0x0 ./FREE_RTOS/queue.o
 .text          0x00000092        0x0 ./FREE_RTOS/tasks.o
 .text          0x00000092        0x0 ./FREE_RTOS/timers.o
 .text          0x00000092        0x0 ./main.o
 .text          0x00000092        0x0 c:/users/mohamed karem/desktop/embedded/programs/imt_sdk_win_64/imt_sdk_win_64/winavr/bin/../lib/gcc/avr/4.3.3/avr5\libgcc.a(_mulsi3.o)
 .text          0x00000092        0x0 c:/users/mohamed karem/desktop/embedded/programs/imt_sdk_win_64/imt_sdk_win_64/winavr/bin/../lib/gcc/avr/4.3.3/avr5\libgcc.a(_udivmodqi4.o)
 .text          0x00000092        0x0 c:/users/mohamed karem/desktop/embedded/programs/imt_sdk_win_64/imt_sdk_win_64/winavr/bin/../lib/gcc/avr/4.3.3/avr5\libgcc.a(_udivmodhi4.o)
 .text          0x00000092        0x0 c:/users/mohamed karem/desktop/embedded/programs/imt_sdk_win_64/imt_sdk_win_64/winavr/bin/../lib/gcc/avr/4.3.3/avr5\libgcc.a(_exit.o)
 .text          0x00000092        0x0 c:/users/mohamed karem/desktop/embedded/programs/imt_sdk_win_64/imt_sdk_win_64/winavr/bin/../lib/gcc/avr/4.3.3/avr5\libgcc.a(_copy_data.o)
 .text          0x00000092        0x0 c:/users/mohamed karem/desktop/embedded/programs/imt_sdk_win_64/imt_sdk_win_64/winavr/bin/../lib/gcc/avr/4.3.3/avr5\libgcc.a(_clear_bss.o)
 .text          0x00000092       0x58 c:/users/mohamed karem/desktop/embedded/programs/imt_sdk_win_64/imt_sdk_win_64/winavr/bin/../lib/gcc/avr/4.3.3/avr5\libgcc.a(_fixunssfsi.o)
                0x00000092                __fixunssfsi
 .text          0x000000ea      0x354 c:/users/mohamed karem/desktop/embedded/programs/imt_sdk_win_64/imt_sdk_win_64/winavr/bin/../lib/gcc/avr/4.3.3/avr5\libgcc.a(_addsub_sf.o)
                0x00000382                __subsf3
                0x000003e4                __addsf3
 .text          0x0000043e      0x1f4 c:/users/mohamed karem/desktop/embedded/programs/imt_sdk_win_64/imt_sdk_win_64/winavr/bin/../lib/gcc/avr/4.3.3/avr5\libgcc.a(_mul_sf.o)
                0x0000043e                __mulsf3
 .text          0x00000632       0x60 c:/users/mohamed karem/desktop/embedded/programs/imt_sdk_win_64/imt_sdk_win_64/winavr/bin/../lib/gcc/avr/4.3.3/avr5\libgcc.a(_gt_sf.o)
                0x00000632                __gtsf2
 .text          0x00000692       0x60 c:/users/mohamed karem/desktop/embedded/programs/imt_sdk_win_64/imt_sdk_win_64/winavr/bin/../lib/gcc/avr/4.3.3/avr5\libgcc.a(_ge_sf.o)
                0x00000692                __gesf2
 .text          0x000006f2       0x60 c:/users/mohamed karem/desktop/embedded/programs/imt_sdk_win_64/imt_sdk_win_64/winavr/bin/../lib/gcc/avr/4.3.3/avr5\libgcc.a(_lt_sf.o)
                0x000006f2                __ltsf2
 .text          0x00000752       0xa8 c:/users/mohamed karem/desktop/embedded/programs/imt_sdk_win_64/imt_sdk_win_64/winavr/bin/../lib/gcc/avr/4.3.3/avr5\libgcc.a(_sf_to_si.o)
                0x00000752                __fixsfsi
 .text          0x000007fa        0x0 c:/users/mohamed karem/desktop/embedded/programs/imt_sdk_win_64/imt_sdk_win_64/winavr/bin/../lib/gcc/avr/4.3.3/avr5\libgcc.a(_thenan_sf.o)
 .text          0x000007fa        0x0 c:/users/mohamed karem/desktop/embedded/programs/imt_sdk_win_64/imt_sdk_win_64/winavr/bin/../lib/gcc/avr/4.3.3/avr5\libgcc.a(_prologue.o)
 .text          0x000007fa        0x0 c:/users/mohamed karem/desktop/embedded/programs/imt_sdk_win_64/imt_sdk_win_64/winavr/bin/../lib/gcc/avr/4.3.3/avr5\libgcc.a(_epilogue.o)
 .text          0x000007fa      0x1aa c:/users/mohamed karem/desktop/embedded/programs/imt_sdk_win_64/imt_sdk_win_64/winavr/bin/../lib/gcc/avr/4.3.3/avr5\libgcc.a(_pack_sf.o)
                0x000007fa                __pack_f
 .text          0x000009a4       0xf0 c:/users/mohamed karem/desktop/embedded/programs/imt_sdk_win_64/imt_sdk_win_64/winavr/bin/../lib/gcc/avr/4.3.3/avr5\libgcc.a(_unpack_sf.o)
                0x000009a4                __unpack_f
 .text          0x00000a94       0xb2 c:/users/mohamed karem/desktop/embedded/programs/imt_sdk_win_64/imt_sdk_win_64/winavr/bin/../lib/gcc/avr/4.3.3/avr5\libgcc.a(_fpcmp_parts_sf.o)
                0x00000a94                __fpcmp_parts_f
 .text          0x00000b46        0x0 c:/users/mohamed karem/desktop/embedded/programs/imt_sdk_win_64/imt_sdk_win_64/winavr/bin/../lib/gcc/avr/4.3.3/../../../../avr/lib/avr5\libc.a(memcpy.o)
 .text          0x00000b46        0x0 c:/users/mohamed karem/desktop/embedded/programs/imt_sdk_win_64/imt_sdk_win_64/winavr/bin/../lib/gcc/avr/4.3.3/../../../../avr/lib/avr5\libc.a(memset.o)
 .text          0x00000b46        0x0 c:/users/mohamed karem/desktop/embedded/programs/imt_sdk_win_64/imt_sdk_win_64/winavr/bin/../lib/gcc/avr/4.3.3/../../../../avr/lib/avr5\libc.a(strncpy.o)
                0x00000b46                . = ALIGN (0x2)
 *(.text.*)
 .text.lab2     0x00000b46       0x76 ./app/FreeRtos_2TasksHasLCDSource.o
                0x00000b46                lab2
 .text.LCD_Task1_
                0x00000bbc       0x26 ./app/FreeRtos_2TasksHasLCDSource.o
                0x00000bbc                LCD_Task1_
 .text.LCD_Task2_
                0x00000be2       0x26 ./app/FreeRtos_2TasksHasLCDSource.o
                0x00000be2                LCD_Task2_
 .text.lab22    0x00000c08       0xa8 ./app/FreeRtos_2TasksHasLCDSource_Semahore.o
                0x00000c08                lab22
 .text.LCD_Task_1
                0x00000cb0       0x56 ./app/FreeRtos_2TasksHasLCDSource_Semahore.o
                0x00000cb0                LCD_Task_1
 .text.LCD_Task_2
                0x00000d06       0x56 ./app/FreeRtos_2TasksHasLCDSource_Semahore.o
                0x00000d06                LCD_Task_2
 .text.init_DIOPins
                0x00000d5c       0x36 ./app/FreeRtos_Blinking2Leds.o
                0x00000d5c                init_DIOPins
 .text.lab1     0x00000d92       0x76 ./app/FreeRtos_Blinking2Leds.o
                0x00000d92                lab1
 .text.Blink_200ms_Task
                0x00000e08       0x2e ./app/FreeRtos_Blinking2Leds.o
                0x00000e08                Blink_200ms_Task
 .text.Blink_1000ms_Task
                0x00000e36       0x2e ./app/FreeRtos_Blinking2Leds.o
                0x00000e36                Blink_1000ms_Task
 .text.lab4     0x00000e64       0x8a ./app/FreeRtos_Queue.o
                0x00000e64                lab4
 .text.LCD_Task_
                0x00000eee       0x5c ./app/FreeRtos_Queue.o
                0x00000eee                LCD_Task_
 .text.Keypad_Task
                0x00000f4a       0x46 ./app/FreeRtos_Queue.o
                0x00000f4a                Keypad_Task
 .text.init_EXTI
                0x00000f90       0x32 ./app/FreeRtos_SynchSemaphore_Task_INT.o
                0x00000f90                init_EXTI
 .text.lab3     0x00000fc2       0xae ./app/FreeRtos_SynchSemaphore_Task_INT.o
                0x00000fc2                lab3
 .text.INIT_Task
                0x00001070       0x3a ./app/FreeRtos_SynchSemaphore_Task_INT.o
                0x00001070                INIT_Task
 .text.LCD_Task
                0x000010aa       0x46 ./app/FreeRtos_SynchSemaphore_Task_INT.o
                0x000010aa                LCD_Task
 .text.SWCheck_INT
                0x000010f0       0x24 ./app/FreeRtos_SynchSemaphore_Task_INT.o
                0x000010f0                SWCheck_INT
 .text.ICU      0x00001114       0x94 ./app/ICU_Using_Timer.o
                0x00001114                ICU
 .text.Test_ICU
                0x000011a8      0x126 ./app/ICU_Using_Timer.o
                0x000011a8                Test_ICU
 .text.ADC_Keypad
                0x000012ce       0x86 ./app/Test_ADC.o
                0x000012ce                ADC_Keypad
 .text.LED_ISR0
                0x00001354      0x11e ./app/Test_EXTI.o
                0x00001354                LED_ISR0
 .text.LED_ISR1
                0x00001472      0x11e ./app/Test_EXTI.o
                0x00001472                LED_ISR1
 .text.EXTI     0x00001590       0x62 ./app/Test_EXTI.o
                0x00001590                EXTI
 .text.I2C_EXT_EEPROM
                0x000015f2       0x1e ./app/Test_I2c_Ext_EEPROM.o
                0x000015f2                I2C_EXT_EEPROM
 .text.GetButtonKeyppad_PresentLCD
                0x00001610      0x23c ./app/Test_LCD_Keypad.o
                0x00001610                GetButtonKeyppad_PresentLCD
 .text.LED_Toggle
                0x0000184c       0x54 ./app/Test_OverFlow_Timer.o
                0x0000184c                LED_Toggle
 .text.Timer_Overflow_1000msBlinkingLED
                0x000018a0       0x2e ./app/Test_OverFlow_Timer.o
                0x000018a0                Timer_Overflow_1000msBlinkingLED
 .text.SPI      0x000018ce      0x172 ./app/Test_SPI.o
                0x000018ce                SPI
 .text.UART_SENDReceive_DATA
                0x00001a40       0x5e ./app/Test_UART.o
                0x00001a40                UART_SENDReceive_DATA
 .text.WatchDog_Reset
                0x00001a9e      0x122 ./app/Test_WD.o
                0x00001a9e                WatchDog_Reset
 .text.anim     0x00001bc0      0x49c ./app/anims.o
                0x00001bc0                anim
 .text.blinkled
                0x0000205c      0x20e ./app/blinkled.o
                0x0000205c                blinkled
 .text.LCD      0x0000226a      0x150 ./app/lcd.o
                0x0000226a                LCD
 .text.WGT_voidEnable
                0x000023ba       0x1c ./MCAL/WatchDog/WATCHDOG.program.o
                0x000023ba                WGT_voidEnable
 .text.WGT_voiddisable
                0x000023d6       0x2a ./MCAL/WatchDog/WATCHDOG.program.o
                0x000023d6                WGT_voiddisable
 .text.WGT_voidSleep
                0x00002400       0x32 ./MCAL/WatchDog/WATCHDOG.program.o
                0x00002400                WGT_voidSleep
 .text.UART_voidINST
                0x00002432       0x72 ./MCAL/UART/UART_program.o
                0x00002432                UART_voidINST
 .text.UART_voidSend
                0x000024a4       0x34 ./MCAL/UART/UART_program.o
                0x000024a4                UART_voidSend
 .text.UART_u8Recieve
                0x000024d8       0x1e ./MCAL/UART/UART_program.o
                0x000024d8                UART_u8Recieve
 .text.TIMER_voidINST
                0x000024f6       0x70 ./MCAL/TIMER/TIMER.program.o
                0x000024f6                TIMER_voidINST
 .text.TIMER_voidSetCOMPAREMATCHvalue
                0x00002566       0x1c ./MCAL/TIMER/TIMER.program.o
                0x00002566                TIMER_voidSetCOMPAREMATCHvalue
 .text.TIMER1_voidINST
                0x00002582       0x6e ./MCAL/TIMER/TIMER.program.o
                0x00002582                TIMER1_voidINST
 .text.TIMER1_voidSetTopValue
                0x000025f0       0x18 ./MCAL/TIMER/TIMER.program.o
                0x000025f0                TIMER1_voidSetTopValue
 .text.TIMER1_voidSetChannelACompareMatch
                0x00002608       0x18 ./MCAL/TIMER/TIMER.program.o
                0x00002608                TIMER1_voidSetChannelACompareMatch
 .text.TIMER1_Value
                0x00002620       0x46 ./MCAL/TIMER/TIMER.program.o
                0x00002620                TIMER1_Value
 .text.ICU_voidINST
                0x00002666       0x1c ./MCAL/TIMER/TIMER.program.o
                0x00002666                ICU_voidINST
 .text.ICU_u16ReadCapture
                0x00002682       0x14 ./MCAL/TIMER/TIMER.program.o
                0x00002682                ICU_u16ReadCapture
 .text.ICU_voidEdgeSelect
                0x00002696       0x2a ./MCAL/TIMER/TIMER.program.o
                0x00002696                ICU_voidEdgeSelect
 .text.TIMER_u8SetCallBack
                0x000026c0       0x2c ./MCAL/TIMER/TIMER.program.o
                0x000026c0                TIMER_u8SetCallBack
 .text.ICU_u8SetCallBack
                0x000026ec       0x2c ./MCAL/TIMER/TIMER.program.o
                0x000026ec                ICU_u8SetCallBack
 .text.__vector_6
                0x00002718       0x20 ./MCAL/TIMER/TIMER.program.o
                0x00002718                __vector_6
 .text.SPI_voidMasterInit
                0x00002738       0x54 ./MCAL/SPI/SPI_program.o
                0x00002738                SPI_voidMasterInit
 .text.SPI_voidSlaveInit
                0x0000278c       0x2a ./MCAL/SPI/SPI_program.o
                0x0000278c                SPI_voidSlaveInit
 .text.SPI_u8SendRecieve
                0x000027b6       0x2c ./MCAL/SPI/SPI_program.o
                0x000027b6                SPI_u8SendRecieve
 .text.TWI_voidMasterINST
                0x000027e2       0x54 ./MCAL/I2C/IIC_program.o
                0x000027e2                TWI_voidMasterINST
 .text.TWI_voidSlaveINST
                0x00002836       0x2a ./MCAL/I2C/IIC_program.o
                0x00002836                TWI_voidSlaveINST
 .text.TWI_SendStartcondition
                0x00002860       0x68 ./MCAL/I2C/IIC_program.o
                0x00002860                TWI_SendStartcondition
 .text.TWI_SendRepeatedStart
                0x000028c8       0x58 ./MCAL/I2C/IIC_program.o
                0x000028c8                TWI_SendRepeatedStart
 .text.TWI_SendSlaveAddressWithWrite
                0x00002920       0x76 ./MCAL/I2C/IIC_program.o
                0x00002920                TWI_SendSlaveAddressWithWrite
 .text.TWI_SendSlaveAddressWithRead
                0x00002996       0x7c ./MCAL/I2C/IIC_program.o
                0x00002996                TWI_SendSlaveAddressWithRead
 .text.TWI_MasterSendDataByte
                0x00002a12       0x66 ./MCAL/I2C/IIC_program.o
                0x00002a12                TWI_MasterSendDataByte
 .text.TWI_MasterReceiveDataByte
                0x00002a78       0x70 ./MCAL/I2C/IIC_program.o
                0x00002a78                TWI_MasterReceiveDataByte
 .text.IIC_voidSendStopcondition
                0x00002ae8       0x38 ./MCAL/I2C/IIC_program.o
                0x00002ae8                IIC_voidSendStopcondition
 .text.EXTI_voidINT0int
                0x00002b20       0x38 ./MCAL/EXTI/EXTI_program.o
                0x00002b20                EXTI_voidINT0int
 .text.__vector_1
                0x00002b58       0x5a ./MCAL/EXTI/EXTI_program.o
                0x00002b58                __vector_1
 .text.__vector_2
                0x00002bb2       0x5a ./MCAL/EXTI/EXTI_program.o
                0x00002bb2                __vector_2
 .text.GIE_voidENABLE
                0x00002c0c       0x1c ./MCAL/EXTI/EXTI_program.o
                0x00002c0c                GIE_voidENABLE
 .text.GIE_voidDISABLE
                0x00002c28       0x1c ./MCAL/EXTI/EXTI_program.o
                0x00002c28                GIE_voidDISABLE
 .text.EXTI_voidINT1int
                0x00002c44       0x38 ./MCAL/EXTI/EXTI_program.o
                0x00002c44                EXTI_voidINT1int
 .text.EXTI_voidINT2int
                0x00002c7c       0x2a ./MCAL/EXTI/EXTI_program.o
                0x00002c7c                EXTI_voidINT2int
 .text.EXTI_u8SetCallBack
                0x00002ca6       0x26 ./MCAL/EXTI/EXTI_program.o
                0x00002ca6                EXTI_u8SetCallBack
 .text.EXTI1_u8SetCallBack
                0x00002ccc       0x26 ./MCAL/EXTI/EXTI_program.o
                0x00002ccc                EXTI1_u8SetCallBack
 .text.DIO_voidsetportdirection
                0x00002cf2       0x82 ./MCAL/DIO_driver/DIO_program.o
                0x00002cf2                DIO_voidsetportdirection
 .text.DIO_voidsetpindirection
                0x00002d74      0x208 ./MCAL/DIO_driver/DIO_program.o
                0x00002d74                DIO_voidsetpindirection
 .text.DIO_voidsetportvalue
                0x00002f7c       0x82 ./MCAL/DIO_driver/DIO_program.o
                0x00002f7c                DIO_voidsetportvalue
 .text.DIO_voidsetpinvalue
                0x00002ffe      0x208 ./MCAL/DIO_driver/DIO_program.o
                0x00002ffe                DIO_voidsetpinvalue
 .text.DIO_u8getpinvalue
                0x00003206       0xf4 ./MCAL/DIO_driver/DIO_program.o
                0x00003206                DIO_u8getpinvalue
 .text.ADC_voidINST
                0x000032fa       0x70 ./MCAL/ADC/ADC_program.o
                0x000032fa                ADC_voidINST
 .text.ADC_u8GetChannelRead
                0x0000336a       0x6a ./MCAL/ADC/ADC_program.o
                0x0000336a                ADC_u8GetChannelRead
 .text.LCD_voidsendcommand
                0x000033d4      0x220 ./HAL/LCD_driver/LCD_program.o
                0x000033d4                LCD_voidsendcommand
 .text.LCD_voidsendDATA
                0x000035f4      0x220 ./HAL/LCD_driver/LCD_program.o
                0x000035f4                LCD_voidsendDATA
 .text.LCD_voidINST
                0x00003814      0x210 ./HAL/LCD_driver/LCD_program.o
                0x00003814                LCD_voidINST
 .text.LCD_voidsendstring
                0x00003a24       0x52 ./HAL/LCD_driver/LCD_program.o
                0x00003a24                LCD_voidsendstring
 .text.LCD_voidGoToXY
                0x00003a76       0x3c ./HAL/LCD_driver/LCD_program.o
                0x00003a76                LCD_voidGoToXY
 .text.Log_voidPrintString
                0x00003ab2       0x38 ./HAL/LCD_driver/Log_program.o
                0x00003ab2                Log_voidPrintString
 .text.Log_voidPrintNumber
                0x00003aea      0x306 ./HAL/LCD_driver/Log_program.o
                0x00003aea                Log_voidPrintNumber
 .text.keypad_voidInit
                0x00003df0       0x66 ./HAL/Keypad_driver/keypad_program.o
                0x00003df0                keypad_voidInit
 .text.keypad_u8GetPressedkey
                0x00003e56      0x190 ./HAL/Keypad_driver/keypad_program.o
                0x00003e56                keypad_u8GetPressedkey
 .text.EEPROM_Init
                0x00003fe6       0x14 ./HAL/EXT_EEPROM/EXT_EEPROM_program.o
                0x00003fe6                EEPROM_Init
 .text.EEPROM_WriteData
                0x00003ffa       0x50 ./HAL/EXT_EEPROM/EXT_EEPROM_program.o
                0x00003ffa                EEPROM_WriteData
 .text.EEPROM_ReadData
                0x0000404a       0x3a ./HAL/EXT_EEPROM/EXT_EEPROM_program.o
                0x0000404a                EEPROM_ReadData
 .text.xCoRoutineCreate
                0x00004084      0x128 ./FREE_RTOS/croutine.o
                0x00004084                xCoRoutineCreate
 .text.vCoRoutineAddToDelayedList
                0x000041ac       0xc2 ./FREE_RTOS/croutine.o
                0x000041ac                vCoRoutineAddToDelayedList
 .text.prvCheckPendingReadyList
                0x0000426e       0x94 ./FREE_RTOS/croutine.o
 .text.prvCheckDelayedList
                0x00004302      0x15c ./FREE_RTOS/croutine.o
 .text.vCoRoutineSchedule
                0x0000445e       0xf4 ./FREE_RTOS/croutine.o
                0x0000445e                vCoRoutineSchedule
 .text.prvInitialiseCoRoutineLists
                0x00004552       0x72 ./FREE_RTOS/croutine.o
 .text.xCoRoutineRemoveFromEventList
                0x000045c4       0x70 ./FREE_RTOS/croutine.o
                0x000045c4                xCoRoutineRemoveFromEventList
 .text.pvPortMalloc
                0x00004634       0x8c ./FREE_RTOS/heap_1.o
                0x00004634                pvPortMalloc
 .text.vPortFree
                0x000046c0       0x18 ./FREE_RTOS/heap_1.o
                0x000046c0                vPortFree
 .text.vPortInitialiseBlocks
                0x000046d8       0x16 ./FREE_RTOS/heap_1.o
                0x000046d8                vPortInitialiseBlocks
 .text.xPortGetFreeHeapSize
                0x000046ee       0x1e ./FREE_RTOS/heap_1.o
                0x000046ee                xPortGetFreeHeapSize
 .text.vListInitialise
                0x0000470c       0x54 ./FREE_RTOS/list.o
                0x0000470c                vListInitialise
 .text.vListInitialiseItem
                0x00004760       0x20 ./FREE_RTOS/list.o
                0x00004760                vListInitialiseItem
 .text.vListInsertEnd
                0x00004780       0x98 ./FREE_RTOS/list.o
                0x00004780                vListInsertEnd
 .text.vListInsert
                0x00004818       0xd8 ./FREE_RTOS/list.o
                0x00004818                vListInsert
 .text.vListRemove
                0x000048f0       0x92 ./FREE_RTOS/list.o
                0x000048f0                vListRemove
 .text.pxPortInitialiseStack
                0x00004982      0x306 ./FREE_RTOS/port.o
                0x00004982                pxPortInitialiseStack
 .text.xPortStartScheduler
                0x00004c88       0x6a ./FREE_RTOS/port.o
                0x00004c88                xPortStartScheduler
 .text.vPortEndScheduler
                0x00004cf2        0xe ./FREE_RTOS/port.o
                0x00004cf2                vPortEndScheduler
 .text.vPortYield
                0x00004d00       0xb2 ./FREE_RTOS/port.o
                0x00004d00                vPortYield
 .text.vPortYieldFromTick
                0x00004db2       0xb6 ./FREE_RTOS/port.o
                0x00004db2                vPortYieldFromTick
 .text.prvSetupTimerInterrupt
                0x00004e68       0xb8 ./FREE_RTOS/port.o
 .text.__vector_7
                0x00004f20        0x6 ./FREE_RTOS/port.o
                0x00004f20                __vector_7
 .text.xQueueCreate
                0x00004f26      0x152 ./FREE_RTOS/queue.o
                0x00004f26                xQueueCreate
 .text.xQueueGenericSend
                0x00005078      0x13c ./FREE_RTOS/queue.o
                0x00005078                xQueueGenericSend
 .text.xQueueGenericSendFromISR
                0x000051b4       0x9a ./FREE_RTOS/queue.o
                0x000051b4                xQueueGenericSendFromISR
 .text.xQueueGenericReceive
                0x0000524e      0x180 ./FREE_RTOS/queue.o
                0x0000524e                xQueueGenericReceive
 .text.xQueueReceiveFromISR
                0x000053ce       0x9e ./FREE_RTOS/queue.o
                0x000053ce                xQueueReceiveFromISR
 .text.uxQueueMessagesWaiting
                0x0000546c       0x30 ./FREE_RTOS/queue.o
                0x0000546c                uxQueueMessagesWaiting
 .text.uxQueueMessagesWaitingFromISR
                0x0000549c       0x26 ./FREE_RTOS/queue.o
                0x0000549c                uxQueueMessagesWaitingFromISR
 .text.vQueueDelete
                0x000054c2       0x2c ./FREE_RTOS/queue.o
                0x000054c2                vQueueDelete
 .text.prvCopyDataToQueue
                0x000054ee      0x12a ./FREE_RTOS/queue.o
 .text.prvCopyDataFromQueue
                0x00005618       0x90 ./FREE_RTOS/queue.o
 .text.prvUnlockQueue
                0x000056a8       0xa8 ./FREE_RTOS/queue.o
 .text.prvIsQueueEmpty
                0x00005750       0x38 ./FREE_RTOS/queue.o
 .text.xQueueIsQueueEmptyFromISR
                0x00005788       0x2e ./FREE_RTOS/queue.o
                0x00005788                xQueueIsQueueEmptyFromISR
 .text.prvIsQueueFull
                0x000057b6       0x3e ./FREE_RTOS/queue.o
 .text.xQueueIsQueueFullFromISR
                0x000057f4       0x34 ./FREE_RTOS/queue.o
                0x000057f4                xQueueIsQueueFullFromISR
 .text.xTaskGenericCreate
                0x00005828      0x1da ./FREE_RTOS/tasks.o
                0x00005828                xTaskGenericCreate
 .text.vTaskDelete
                0x00005a02       0xc6 ./FREE_RTOS/tasks.o
                0x00005a02                vTaskDelete
 .text.vTaskDelayUntil
                0x00005ac8       0xe8 ./FREE_RTOS/tasks.o
                0x00005ac8                vTaskDelayUntil
 .text.vTaskDelay
                0x00005bb0       0x6a ./FREE_RTOS/tasks.o
                0x00005bb0                vTaskDelay
 .text.vTaskStartScheduler
                0x00005c1a       0x6e ./FREE_RTOS/tasks.o
                0x00005c1a                vTaskStartScheduler
 .text.vTaskEndScheduler
                0x00005c88       0x18 ./FREE_RTOS/tasks.o
                0x00005c88                vTaskEndScheduler
 .text.vTaskSuspendAll
                0x00005ca0       0x18 ./FREE_RTOS/tasks.o
                0x00005ca0                vTaskSuspendAll
 .text.xTaskResumeAll
                0x00005cb8      0x114 ./FREE_RTOS/tasks.o
                0x00005cb8                xTaskResumeAll
 .text.xTaskGetTickCount
                0x00005dcc       0x2e ./FREE_RTOS/tasks.o
                0x00005dcc                xTaskGetTickCount
 .text.xTaskGetTickCountFromISR
                0x00005dfa       0x2a ./FREE_RTOS/tasks.o
                0x00005dfa                xTaskGetTickCountFromISR
 .text.uxTaskGetNumberOfTasks
                0x00005e24       0x12 ./FREE_RTOS/tasks.o
                0x00005e24                uxTaskGetNumberOfTasks
 .text.vTaskIncrementTick
                0x00005e36      0x1aa ./FREE_RTOS/tasks.o
                0x00005e36                vTaskIncrementTick
 .text.vTaskSwitchContext
                0x00005fe0       0xcc ./FREE_RTOS/tasks.o
                0x00005fe0                vTaskSwitchContext
 .text.vTaskPlaceOnEventList
                0x000060ac       0x6c ./FREE_RTOS/tasks.o
                0x000060ac                vTaskPlaceOnEventList
 .text.xTaskRemoveFromEventList
                0x00006118       0xd0 ./FREE_RTOS/tasks.o
                0x00006118                xTaskRemoveFromEventList
 .text.vTaskSetTimeOutState
                0x000061e8       0x32 ./FREE_RTOS/tasks.o
                0x000061e8                vTaskSetTimeOutState
 .text.xTaskCheckForTimeOut
                0x0000621a       0xba ./FREE_RTOS/tasks.o
                0x0000621a                xTaskCheckForTimeOut
 .text.vTaskMissedYield
                0x000062d4       0x14 ./FREE_RTOS/tasks.o
                0x000062d4                vTaskMissedYield
 .text.prvIdleTask
                0x000062e8       0x14 ./FREE_RTOS/tasks.o
 .text.prvInitialiseTCBVariables
                0x000062fc       0xae ./FREE_RTOS/tasks.o
 .text.prvInitialiseTaskLists
                0x000063aa       0x7a ./FREE_RTOS/tasks.o
 .text.prvCheckTasksWaitingTermination
                0x00006424       0x7c ./FREE_RTOS/tasks.o
 .text.prvAddCurrentTaskToDelayedList
                0x000064a0       0x92 ./FREE_RTOS/tasks.o
 .text.prvAllocateTCBAndStack
                0x00006532       0xa0 ./FREE_RTOS/tasks.o
 .text.prvDeleteTCB
                0x000065d2       0x2c ./FREE_RTOS/tasks.o
 .text.main     0x000065fe       0x16 ./main.o
                0x000065fe                main
 .text.libgcc   0x00006614       0x3e c:/users/mohamed karem/desktop/embedded/programs/imt_sdk_win_64/imt_sdk_win_64/winavr/bin/../lib/gcc/avr/4.3.3/avr5\libgcc.a(_mulsi3.o)
                0x00006614                __mulsi3
 .text.libgcc   0x00006652       0x18 c:/users/mohamed karem/desktop/embedded/programs/imt_sdk_win_64/imt_sdk_win_64/winavr/bin/../lib/gcc/avr/4.3.3/avr5\libgcc.a(_udivmodqi4.o)
                0x00006652                __udivmodqi4
 .text.libgcc   0x0000666a       0x28 c:/users/mohamed karem/desktop/embedded/programs/imt_sdk_win_64/imt_sdk_win_64/winavr/bin/../lib/gcc/avr/4.3.3/avr5\libgcc.a(_udivmodhi4.o)
                0x0000666a                __udivmodhi4
 .text.libgcc   0x00006692        0x0 c:/users/mohamed karem/desktop/embedded/programs/imt_sdk_win_64/imt_sdk_win_64/winavr/bin/../lib/gcc/avr/4.3.3/avr5\libgcc.a(_exit.o)
 .text.libgcc   0x00006692        0x0 c:/users/mohamed karem/desktop/embedded/programs/imt_sdk_win_64/imt_sdk_win_64/winavr/bin/../lib/gcc/avr/4.3.3/avr5\libgcc.a(_copy_data.o)
 .text.libgcc   0x00006692        0x0 c:/users/mohamed karem/desktop/embedded/programs/imt_sdk_win_64/imt_sdk_win_64/winavr/bin/../lib/gcc/avr/4.3.3/avr5\libgcc.a(_clear_bss.o)
 .text.libgcc   0x00006692       0x38 c:/users/mohamed karem/desktop/embedded/programs/imt_sdk_win_64/imt_sdk_win_64/winavr/bin/../lib/gcc/avr/4.3.3/avr5\libgcc.a(_prologue.o)
                0x00006692                __prologue_saves__
 .text.libgcc   0x000066ca       0x36 c:/users/mohamed karem/desktop/embedded/programs/imt_sdk_win_64/imt_sdk_win_64/winavr/bin/../lib/gcc/avr/4.3.3/avr5\libgcc.a(_epilogue.o)
                0x000066ca                __epilogue_restores__
 .text.avr-libc
                0x00006700       0x12 c:/users/mohamed karem/desktop/embedded/programs/imt_sdk_win_64/imt_sdk_win_64/winavr/bin/../lib/gcc/avr/4.3.3/../../../../avr/lib/avr5\libc.a(memcpy.o)
                0x00006700                memcpy
 .text.avr-libc
                0x00006712        0xe c:/users/mohamed karem/desktop/embedded/programs/imt_sdk_win_64/imt_sdk_win_64/winavr/bin/../lib/gcc/avr/4.3.3/../../../../avr/lib/avr5\libc.a(memset.o)
                0x00006712                memset
 .text.avr-libc
                0x00006720       0x1e c:/users/mohamed karem/desktop/embedded/programs/imt_sdk_win_64/imt_sdk_win_64/winavr/bin/../lib/gcc/avr/4.3.3/../../../../avr/lib/avr5\libc.a(strncpy.o)
                0x00006720                strncpy
                0x0000673e                . = ALIGN (0x2)
 *(.fini9)
 .fini9         0x0000673e        0x0 c:/users/mohamed karem/desktop/embedded/programs/imt_sdk_win_64/imt_sdk_win_64/winavr/bin/../lib/gcc/avr/4.3.3/avr5\libgcc.a(_exit.o)
                0x0000673e                exit
                0x0000673e                _exit
 *(.fini9)
 *(.fini8)
 *(.fini8)
 *(.fini7)
 *(.fini7)
 *(.fini6)
 *(.fini6)
 *(.fini5)
 *(.fini5)
 *(.fini4)
 *(.fini4)
 *(.fini3)
 *(.fini3)
 *(.fini2)
 *(.fini2)
 *(.fini1)
 *(.fini1)
 *(.fini0)
 .fini0         0x0000673e        0x4 c:/users/mohamed karem/desktop/embedded/programs/imt_sdk_win_64/imt_sdk_win_64/winavr/bin/../lib/gcc/avr/4.3.3/avr5\libgcc.a(_exit.o)
 *(.fini0)
                0x00006742                _etext = .

.data           0x00800060       0xa0 load address 0x00006742
                0x00800060                PROVIDE (__data_start, .)
 *(.data)
 .data          0x00800060        0x0 c:/users/mohamed karem/desktop/embedded/programs/imt_sdk_win_64/imt_sdk_win_64/winavr/bin/../lib/gcc/avr/4.3.3/../../../../avr/lib/avr5/crtm32.o
 .data          0x00800060       0x18 ./app/FreeRtos_2TasksHasLCDSource.o
 .data          0x00800078       0x18 ./app/FreeRtos_2TasksHasLCDSource_Semahore.o
 .data          0x00800090        0x0 ./app/FreeRtos_Blinking2Leds.o
 .data          0x00800090        0x0 ./app/FreeRtos_Queue.o
 .data          0x00800090       0x12 ./app/FreeRtos_SynchSemaphore_Task_INT.o
 .data          0x008000a2       0x15 ./app/ICU_Using_Timer.o
 .data          0x008000b7        0x2 ./app/Test_ADC.o
 .data          0x008000b9        0x0 ./app/Test_EXTI.o
 .data          0x008000b9        0x2 ./app/Test_I2c_Ext_EEPROM.o
 .data          0x008000bb       0x1d ./app/Test_LCD_Keypad.o
 .data          0x008000d8        0x0 ./app/Test_OverFlow_Timer.o
 .data          0x008000d8        0x0 ./app/Test_SPI.o
 .data          0x008000d8        0x0 ./app/Test_UART.o
 .data          0x008000d8        0x0 ./app/Test_WD.o
 .data          0x008000d8        0x0 ./app/anims.o
 .data          0x008000d8        0x0 ./app/blinkled.o
 .data          0x008000d8        0x0 ./app/lcd.o
 .data          0x008000d8        0x0 ./app/testDIO.o
 .data          0x008000d8        0x0 ./MCAL/WatchDog/WATCHDOG.program.o
 .data          0x008000d8        0x0 ./MCAL/UART/UART_program.o
 .data          0x008000d8        0x0 ./MCAL/TIMER/TIMER.program.o
 .data          0x008000d8        0x0 ./MCAL/SPI/SPI_program.o
 .data          0x008000d8        0x0 ./MCAL/I2C/IIC_program.o
 .data          0x008000d8        0x0 ./MCAL/EXTI/EXTI_program.o
 .data          0x008000d8        0x0 ./MCAL/DIO_driver/DIO_program.o
 .data          0x008000d8        0x0 ./MCAL/ADC/ADC_program.o
 .data          0x008000d8        0x0 ./HAL/LCD_driver/LCD_program.o
 .data          0x008000d8        0x0 ./HAL/LCD_driver/Log_program.o
 .data          0x008000d8        0x0 ./HAL/Keypad_driver/keypad_program.o
 .data          0x008000d8        0x0 ./HAL/EXT_EEPROM/EXT_EEPROM_program.o
 .data          0x008000d8        0x0 ./FREE_RTOS/croutine.o
 .data          0x008000d8        0x0 ./FREE_RTOS/heap_1.o
 .data          0x008000d8        0x0 ./FREE_RTOS/list.o
 .data          0x008000d8        0x0 ./FREE_RTOS/port.o
 .data          0x008000d8        0x0 ./FREE_RTOS/queue.o
 .data          0x008000d8        0x5 ./FREE_RTOS/tasks.o
 .data          0x008000dd        0x0 ./FREE_RTOS/timers.o
 .data          0x008000dd        0x0 ./main.o
 .data          0x008000dd        0x0 c:/users/mohamed karem/desktop/embedded/programs/imt_sdk_win_64/imt_sdk_win_64/winavr/bin/../lib/gcc/avr/4.3.3/avr5\libgcc.a(_mulsi3.o)
 .data          0x008000dd        0x0 c:/users/mohamed karem/desktop/embedded/programs/imt_sdk_win_64/imt_sdk_win_64/winavr/bin/../lib/gcc/avr/4.3.3/avr5\libgcc.a(_udivmodqi4.o)
 .data          0x008000dd        0x0 c:/users/mohamed karem/desktop/embedded/programs/imt_sdk_win_64/imt_sdk_win_64/winavr/bin/../lib/gcc/avr/4.3.3/avr5\libgcc.a(_udivmodhi4.o)
 .data          0x008000dd        0x0 c:/users/mohamed karem/desktop/embedded/programs/imt_sdk_win_64/imt_sdk_win_64/winavr/bin/../lib/gcc/avr/4.3.3/avr5\libgcc.a(_exit.o)
 .data          0x008000dd        0x0 c:/users/mohamed karem/desktop/embedded/programs/imt_sdk_win_64/imt_sdk_win_64/winavr/bin/../lib/gcc/avr/4.3.3/avr5\libgcc.a(_copy_data.o)
 .data          0x008000dd        0x0 c:/users/mohamed karem/desktop/embedded/programs/imt_sdk_win_64/imt_sdk_win_64/winavr/bin/../lib/gcc/avr/4.3.3/avr5\libgcc.a(_clear_bss.o)
 .data          0x008000dd        0x0 c:/users/mohamed karem/desktop/embedded/programs/imt_sdk_win_64/imt_sdk_win_64/winavr/bin/../lib/gcc/avr/4.3.3/avr5\libgcc.a(_fixunssfsi.o)
 .data          0x008000dd        0x0 c:/users/mohamed karem/desktop/embedded/programs/imt_sdk_win_64/imt_sdk_win_64/winavr/bin/../lib/gcc/avr/4.3.3/avr5\libgcc.a(_addsub_sf.o)
 .data          0x008000dd        0x0 c:/users/mohamed karem/desktop/embedded/programs/imt_sdk_win_64/imt_sdk_win_64/winavr/bin/../lib/gcc/avr/4.3.3/avr5\libgcc.a(_mul_sf.o)
 .data          0x008000dd        0x0 c:/users/mohamed karem/desktop/embedded/programs/imt_sdk_win_64/imt_sdk_win_64/winavr/bin/../lib/gcc/avr/4.3.3/avr5\libgcc.a(_gt_sf.o)
 .data          0x008000dd        0x0 c:/users/mohamed karem/desktop/embedded/programs/imt_sdk_win_64/imt_sdk_win_64/winavr/bin/../lib/gcc/avr/4.3.3/avr5\libgcc.a(_ge_sf.o)
 .data          0x008000dd        0x0 c:/users/mohamed karem/desktop/embedded/programs/imt_sdk_win_64/imt_sdk_win_64/winavr/bin/../lib/gcc/avr/4.3.3/avr5\libgcc.a(_lt_sf.o)
 .data          0x008000dd        0x0 c:/users/mohamed karem/desktop/embedded/programs/imt_sdk_win_64/imt_sdk_win_64/winavr/bin/../lib/gcc/avr/4.3.3/avr5\libgcc.a(_sf_to_si.o)
 .data          0x008000dd        0x8 c:/users/mohamed karem/desktop/embedded/programs/imt_sdk_win_64/imt_sdk_win_64/winavr/bin/../lib/gcc/avr/4.3.3/avr5\libgcc.a(_thenan_sf.o)
                0x008000dd                __thenan_sf
 .data          0x008000e5        0x0 c:/users/mohamed karem/desktop/embedded/programs/imt_sdk_win_64/imt_sdk_win_64/winavr/bin/../lib/gcc/avr/4.3.3/avr5\libgcc.a(_prologue.o)
 .data          0x008000e5        0x0 c:/users/mohamed karem/desktop/embedded/programs/imt_sdk_win_64/imt_sdk_win_64/winavr/bin/../lib/gcc/avr/4.3.3/avr5\libgcc.a(_epilogue.o)
 .data          0x008000e5        0x0 c:/users/mohamed karem/desktop/embedded/programs/imt_sdk_win_64/imt_sdk_win_64/winavr/bin/../lib/gcc/avr/4.3.3/avr5\libgcc.a(_pack_sf.o)
 .data          0x008000e5        0x0 c:/users/mohamed karem/desktop/embedded/programs/imt_sdk_win_64/imt_sdk_win_64/winavr/bin/../lib/gcc/avr/4.3.3/avr5\libgcc.a(_unpack_sf.o)
 .data          0x008000e5        0x0 c:/users/mohamed karem/desktop/embedded/programs/imt_sdk_win_64/imt_sdk_win_64/winavr/bin/../lib/gcc/avr/4.3.3/avr5\libgcc.a(_fpcmp_parts_sf.o)
 .data          0x008000e5        0x0 c:/users/mohamed karem/desktop/embedded/programs/imt_sdk_win_64/imt_sdk_win_64/winavr/bin/../lib/gcc/avr/4.3.3/../../../../avr/lib/avr5\libc.a(memcpy.o)
 .data          0x008000e5        0x0 c:/users/mohamed karem/desktop/embedded/programs/imt_sdk_win_64/imt_sdk_win_64/winavr/bin/../lib/gcc/avr/4.3.3/../../../../avr/lib/avr5\libc.a(memset.o)
 .data          0x008000e5        0x0 c:/users/mohamed karem/desktop/embedded/programs/imt_sdk_win_64/imt_sdk_win_64/winavr/bin/../lib/gcc/avr/4.3.3/../../../../avr/lib/avr5\libc.a(strncpy.o)
 *(.data*)
 .data.keypad_Array
                0x008000e5       0x10 ./HAL/Keypad_driver/keypad_program.o
                0x008000e5                keypad_Array
 .data.xNextTaskUnblockTime
                0x008000f5        0x2 ./FREE_RTOS/tasks.o
 *(.rodata)
 *(.rodata*)
 .rodata.C.0.1288
                0x008000f7        0x8 ./app/anims.o
 *(.gnu.linkonce.d*)
                0x00800100                . = ALIGN (0x2)
 *fill*         0x008000ff        0x1 00
                0x00800100                _edata = .
                0x00800100                PROVIDE (__data_end, .)

.bss            0x00800100      0x334
                0x00800100                PROVIDE (__bss_start, .)
 *(.bss)
 .bss           0x00800100        0x0 c:/users/mohamed karem/desktop/embedded/programs/imt_sdk_win_64/imt_sdk_win_64/winavr/bin/../lib/gcc/avr/4.3.3/../../../../avr/lib/avr5/crtm32.o
 .bss           0x00800100        0x0 ./app/FreeRtos_2TasksHasLCDSource.o
 .bss           0x00800100        0x0 ./app/FreeRtos_2TasksHasLCDSource_Semahore.o
 .bss           0x00800100        0x0 ./app/FreeRtos_Blinking2Leds.o
 .bss           0x00800100        0x0 ./app/FreeRtos_Queue.o
 .bss           0x00800100        0x0 ./app/FreeRtos_SynchSemaphore_Task_INT.o
 .bss           0x00800100        0x0 ./app/ICU_Using_Timer.o
 .bss           0x00800100        0x0 ./app/Test_ADC.o
 .bss           0x00800100        0x0 ./app/Test_EXTI.o
 .bss           0x00800100        0x0 ./app/Test_I2c_Ext_EEPROM.o
 .bss           0x00800100        0x0 ./app/Test_LCD_Keypad.o
 .bss           0x00800100        0x0 ./app/Test_OverFlow_Timer.o
 .bss           0x00800100        0x0 ./app/Test_SPI.o
 .bss           0x00800100        0x0 ./app/Test_UART.o
 .bss           0x00800100        0x0 ./app/Test_WD.o
 .bss           0x00800100        0x0 ./app/anims.o
 .bss           0x00800100        0x0 ./app/blinkled.o
 .bss           0x00800100        0x0 ./app/lcd.o
 .bss           0x00800100        0x0 ./app/testDIO.o
 .bss           0x00800100        0x0 ./MCAL/WatchDog/WATCHDOG.program.o
 .bss           0x00800100        0x0 ./MCAL/UART/UART_program.o
 .bss           0x00800100        0x0 ./MCAL/TIMER/TIMER.program.o
 .bss           0x00800100        0x0 ./MCAL/SPI/SPI_program.o
 .bss           0x00800100        0x0 ./MCAL/I2C/IIC_program.o
 .bss           0x00800100        0x0 ./MCAL/EXTI/EXTI_program.o
 .bss           0x00800100        0x0 ./MCAL/DIO_driver/DIO_program.o
 .bss           0x00800100        0x0 ./MCAL/ADC/ADC_program.o
 .bss           0x00800100        0x0 ./HAL/LCD_driver/LCD_program.o
 .bss           0x00800100        0x0 ./HAL/LCD_driver/Log_program.o
 .bss           0x00800100        0x0 ./HAL/Keypad_driver/keypad_program.o
 .bss           0x00800100        0x0 ./HAL/EXT_EEPROM/EXT_EEPROM_program.o
 .bss           0x00800100        0x0 ./FREE_RTOS/croutine.o
 .bss           0x00800100        0x0 ./FREE_RTOS/heap_1.o
 .bss           0x00800100        0x0 ./FREE_RTOS/list.o
 .bss           0x00800100        0x0 ./FREE_RTOS/port.o
 .bss           0x00800100        0x0 ./FREE_RTOS/queue.o
 .bss           0x00800100        0x0 ./FREE_RTOS/tasks.o
 .bss           0x00800100        0x0 ./FREE_RTOS/timers.o
 .bss           0x00800100        0x0 ./main.o
 .bss           0x00800100        0x0 c:/users/mohamed karem/desktop/embedded/programs/imt_sdk_win_64/imt_sdk_win_64/winavr/bin/../lib/gcc/avr/4.3.3/avr5\libgcc.a(_mulsi3.o)
 .bss           0x00800100        0x0 c:/users/mohamed karem/desktop/embedded/programs/imt_sdk_win_64/imt_sdk_win_64/winavr/bin/../lib/gcc/avr/4.3.3/avr5\libgcc.a(_udivmodqi4.o)
 .bss           0x00800100        0x0 c:/users/mohamed karem/desktop/embedded/programs/imt_sdk_win_64/imt_sdk_win_64/winavr/bin/../lib/gcc/avr/4.3.3/avr5\libgcc.a(_udivmodhi4.o)
 .bss           0x00800100        0x0 c:/users/mohamed karem/desktop/embedded/programs/imt_sdk_win_64/imt_sdk_win_64/winavr/bin/../lib/gcc/avr/4.3.3/avr5\libgcc.a(_exit.o)
 .bss           0x00800100        0x0 c:/users/mohamed karem/desktop/embedded/programs/imt_sdk_win_64/imt_sdk_win_64/winavr/bin/../lib/gcc/avr/4.3.3/avr5\libgcc.a(_copy_data.o)
 .bss           0x00800100        0x0 c:/users/mohamed karem/desktop/embedded/programs/imt_sdk_win_64/imt_sdk_win_64/winavr/bin/../lib/gcc/avr/4.3.3/avr5\libgcc.a(_clear_bss.o)
 .bss           0x00800100        0x0 c:/users/mohamed karem/desktop/embedded/programs/imt_sdk_win_64/imt_sdk_win_64/winavr/bin/../lib/gcc/avr/4.3.3/avr5\libgcc.a(_fixunssfsi.o)
 .bss           0x00800100        0x0 c:/users/mohamed karem/desktop/embedded/programs/imt_sdk_win_64/imt_sdk_win_64/winavr/bin/../lib/gcc/avr/4.3.3/avr5\libgcc.a(_addsub_sf.o)
 .bss           0x00800100        0x0 c:/users/mohamed karem/desktop/embedded/programs/imt_sdk_win_64/imt_sdk_win_64/winavr/bin/../lib/gcc/avr/4.3.3/avr5\libgcc.a(_mul_sf.o)
 .bss           0x00800100        0x0 c:/users/mohamed karem/desktop/embedded/programs/imt_sdk_win_64/imt_sdk_win_64/winavr/bin/../lib/gcc/avr/4.3.3/avr5\libgcc.a(_gt_sf.o)
 .bss           0x00800100        0x0 c:/users/mohamed karem/desktop/embedded/programs/imt_sdk_win_64/imt_sdk_win_64/winavr/bin/../lib/gcc/avr/4.3.3/avr5\libgcc.a(_ge_sf.o)
 .bss           0x00800100        0x0 c:/users/mohamed karem/desktop/embedded/programs/imt_sdk_win_64/imt_sdk_win_64/winavr/bin/../lib/gcc/avr/4.3.3/avr5\libgcc.a(_lt_sf.o)
 .bss           0x00800100        0x0 c:/users/mohamed karem/desktop/embedded/programs/imt_sdk_win_64/imt_sdk_win_64/winavr/bin/../lib/gcc/avr/4.3.3/avr5\libgcc.a(_sf_to_si.o)
 .bss           0x00800100        0x0 c:/users/mohamed karem/desktop/embedded/programs/imt_sdk_win_64/imt_sdk_win_64/winavr/bin/../lib/gcc/avr/4.3.3/avr5\libgcc.a(_thenan_sf.o)
 .bss           0x00800100        0x0 c:/users/mohamed karem/desktop/embedded/programs/imt_sdk_win_64/imt_sdk_win_64/winavr/bin/../lib/gcc/avr/4.3.3/avr5\libgcc.a(_prologue.o)
 .bss           0x00800100        0x0 c:/users/mohamed karem/desktop/embedded/programs/imt_sdk_win_64/imt_sdk_win_64/winavr/bin/../lib/gcc/avr/4.3.3/avr5\libgcc.a(_epilogue.o)
 .bss           0x00800100        0x0 c:/users/mohamed karem/desktop/embedded/programs/imt_sdk_win_64/imt_sdk_win_64/winavr/bin/../lib/gcc/avr/4.3.3/avr5\libgcc.a(_pack_sf.o)
 .bss           0x00800100        0x0 c:/users/mohamed karem/desktop/embedded/programs/imt_sdk_win_64/imt_sdk_win_64/winavr/bin/../lib/gcc/avr/4.3.3/avr5\libgcc.a(_unpack_sf.o)
 .bss           0x00800100        0x0 c:/users/mohamed karem/desktop/embedded/programs/imt_sdk_win_64/imt_sdk_win_64/winavr/bin/../lib/gcc/avr/4.3.3/avr5\libgcc.a(_fpcmp_parts_sf.o)
 .bss           0x00800100        0x0 c:/users/mohamed karem/desktop/embedded/programs/imt_sdk_win_64/imt_sdk_win_64/winavr/bin/../lib/gcc/avr/4.3.3/../../../../avr/lib/avr5\libc.a(memcpy.o)
 .bss           0x00800100        0x0 c:/users/mohamed karem/desktop/embedded/programs/imt_sdk_win_64/imt_sdk_win_64/winavr/bin/../lib/gcc/avr/4.3.3/../../../../avr/lib/avr5\libc.a(memset.o)
 .bss           0x00800100        0x0 c:/users/mohamed karem/desktop/embedded/programs/imt_sdk_win_64/imt_sdk_win_64/winavr/bin/../lib/gcc/avr/4.3.3/../../../../avr/lib/avr5\libc.a(strncpy.o)
 *(.bss*)
 .bss.binarysemaphore
                0x00800100        0x2 ./app/FreeRtos_2TasksHasLCDSource_Semahore.o
                0x00800100                binarysemaphore
 .bss.Binarysemaphore
                0x00800102        0x2 ./app/FreeRtos_SynchSemaphore_Task_INT.o
                0x00800102                Binarysemaphore
 .bss.ONFunction
                0x00800104        0x1 ./app/ICU_Using_Timer.o
                0x00800104                ONFunction
 .bss.TON       0x00800105        0x2 ./app/ICU_Using_Timer.o
                0x00800105                TON
 .bss.TOFF      0x00800107        0x2 ./app/ICU_Using_Timer.o
                0x00800107                TOFF
 .bss.Frequency
                0x00800109        0x2 ./app/ICU_Using_Timer.o
                0x00800109                Frequency
 .bss.DutyCycle
                0x0080010b        0x2 ./app/ICU_Using_Timer.o
                0x0080010b                DutyCycle
 .bss.num_overflow
                0x0080010d        0x2 ./app/Test_OverFlow_Timer.o
                0x0080010d                num_overflow
 .bss.TIMER_pvGlobalCallBack
                0x0080010f        0x2 ./MCAL/TIMER/TIMER.program.o
                0x0080010f                TIMER_pvGlobalCallBack
 .bss.EXTI_INT0func
                0x00800111        0x2 ./MCAL/EXTI/EXTI_program.o
                0x00800111                EXTI_INT0func
 .bss.EXTI_INT1func
                0x00800113        0x2 ./MCAL/EXTI/EXTI_program.o
                0x00800113                EXTI_INT1func
 .bss.pxCurrentCoRoutine
                0x00800115        0x2 ./FREE_RTOS/croutine.o
                0x00800115                pxCurrentCoRoutine
 .bss.uxTopCoRoutineReadyPriority
                0x00800117        0x1 ./FREE_RTOS/croutine.o
 .bss.xCoRoutineTickCount
                0x00800118        0x2 ./FREE_RTOS/croutine.o
 .bss.xLastTickCount
                0x0080011a        0x2 ./FREE_RTOS/croutine.o
 .bss.xPassedTicks
                0x0080011c        0x2 ./FREE_RTOS/croutine.o
 .bss.pxReadyCoRoutineLists
                0x0080011e       0x12 ./FREE_RTOS/croutine.o
 .bss.xDelayedCoRoutineList1
                0x00800130        0x9 ./FREE_RTOS/croutine.o
 .bss.xDelayedCoRoutineList2
                0x00800139        0x9 ./FREE_RTOS/croutine.o
 .bss.pxDelayedCoRoutineList
                0x00800142        0x2 ./FREE_RTOS/croutine.o
 .bss.pxOverflowDelayedCoRoutineList
                0x00800144        0x2 ./FREE_RTOS/croutine.o
 .bss.xPendingReadyCoRoutineList
                0x00800146        0x9 ./FREE_RTOS/croutine.o
 .bss.xNextFreeByte
                0x0080014f        0x2 ./FREE_RTOS/heap_1.o
 .bss.xHeap     0x00800151      0x258 ./FREE_RTOS/heap_1.o
 .bss.pxCurrentTCB
                0x008003a9        0x2 ./FREE_RTOS/tasks.o
                0x008003a9                pxCurrentTCB
 .bss.uxTasksDeleted
                0x008003ab        0x1 ./FREE_RTOS/tasks.o
 .bss.uxCurrentNumberOfTasks
                0x008003ac        0x1 ./FREE_RTOS/tasks.o
 .bss.xTickCount
                0x008003ad        0x2 ./FREE_RTOS/tasks.o
 .bss.uxTopUsedPriority
                0x008003af        0x1 ./FREE_RTOS/tasks.o
 .bss.uxTopReadyPriority
                0x008003b0        0x1 ./FREE_RTOS/tasks.o
 .bss.xSchedulerRunning
                0x008003b1        0x1 ./FREE_RTOS/tasks.o
 .bss.uxSchedulerSuspended
                0x008003b2        0x1 ./FREE_RTOS/tasks.o
 .bss.uxMissedTicks
                0x008003b3        0x1 ./FREE_RTOS/tasks.o
 .bss.xMissedYield
                0x008003b4        0x1 ./FREE_RTOS/tasks.o
 .bss.xNumOfOverflows
                0x008003b5        0x1 ./FREE_RTOS/tasks.o
 .bss.uxTaskNumber
                0x008003b6        0x1 ./FREE_RTOS/tasks.o
 .bss.pxReadyTasksLists
                0x008003b7       0x51 ./FREE_RTOS/tasks.o
 .bss.xDelayedTaskList1
                0x00800408        0x9 ./FREE_RTOS/tasks.o
 .bss.xDelayedTaskList2
                0x00800411        0x9 ./FREE_RTOS/tasks.o
 .bss.pxDelayedTaskList
                0x0080041a        0x2 ./FREE_RTOS/tasks.o
 .bss.pxOverflowDelayedTaskList
                0x0080041c        0x2 ./FREE_RTOS/tasks.o
 .bss.xPendingReadyList
                0x0080041e        0x9 ./FREE_RTOS/tasks.o
 .bss.xTasksWaitingTermination
                0x00800427        0x9 ./FREE_RTOS/tasks.o
 *(COMMON)
 COMMON         0x00800430        0x2 ./app/FreeRtos_Queue.o
                0x00800430                buffer
 COMMON         0x00800432        0x2 ./app/FreeRtos_SynchSemaphore_Task_INT.o
                0x00800432                taskinit
                0x00800434                PROVIDE (__bss_end, .)
                0x00006742                __data_load_start = LOADADDR (.data)
                0x000067e2                __data_load_end = (__data_load_start + SIZEOF (.data))

.noinit         0x00800434        0x0
                0x00800434                PROVIDE (__noinit_start, .)
 *(.noinit*)
                0x00800434                PROVIDE (__noinit_end, .)
                0x00800434                _end = .
                0x00800434                PROVIDE (__heap_start, .)

.eeprom         0x00810000        0x0
 *(.eeprom*)
                0x00810000                __eeprom_end = .

.fuse
 *(.fuse)
 *(.lfuse)
 *(.hfuse)
 *(.efuse)

.lock
 *(.lock*)

.signature
 *(.signature*)

.stab           0x00000000     0xa3a4
 *(.stab)
 .stab          0x00000000      0x5d0 ./app/FreeRtos_2TasksHasLCDSource.o
 .stab          0x000005d0      0x2f4 ./app/FreeRtos_2TasksHasLCDSource_Semahore.o
                                0x660 (size before relaxing)
 .stab          0x000008c4      0x2a0 ./app/FreeRtos_Blinking2Leds.o
                                0x60c (size before relaxing)
 .stab          0x00000b64      0x348 ./app/FreeRtos_Queue.o
                                0x6cc (size before relaxing)
 .stab          0x00000eac      0x378 ./app/FreeRtos_SynchSemaphore_Task_INT.o
                                0x708 (size before relaxing)
 .stab          0x00001224      0x378 ./app/ICU_Using_Timer.o
                                0x570 (size before relaxing)
 .stab          0x0000159c      0x1bc ./app/Test_ADC.o
                                0x234 (size before relaxing)
 .stab          0x00001758      0x390 ./app/Test_EXTI.o
                                0x5a0 (size before relaxing)
 .stab          0x00001ae8      0x1c8 ./app/Test_I2c_Ext_EEPROM.o
                                0x1d4 (size before relaxing)
 .stab          0x00001cb0      0x354 ./app/Test_LCD_Keypad.o
                                0x558 (size before relaxing)
 .stab          0x00002004      0x1c8 ./app/Test_OverFlow_Timer.o
                                0x240 (size before relaxing)
 .stab          0x000021cc      0x2d0 ./app/Test_SPI.o
                                0x4d4 (size before relaxing)
 .stab          0x0000249c      0x198 ./app/Test_UART.o
                                0x210 (size before relaxing)
 .stab          0x00002634      0x21c ./app/Test_WD.o
                                0x42c (size before relaxing)
 .stab          0x00002850      0x4d4 ./app/anims.o
                                0x6d8 (size before relaxing)
 .stab          0x00002d24      0x2e8 ./app/blinkled.o
                                0x4ec (size before relaxing)
 .stab          0x0000300c      0x270 ./app/lcd.o
                                0x474 (size before relaxing)
 .stab          0x0000327c      0x120 ./app/testDIO.o
                                0x348 (size before relaxing)
 .stab          0x0000339c      0x204 ./MCAL/WatchDog/WATCHDOG.program.o
                                0x210 (size before relaxing)
 .stab          0x000035a0      0x2ac ./MCAL/UART/UART_program.o
                                0x2b8 (size before relaxing)
 .stab          0x0000384c      0x57c ./MCAL/TIMER/TIMER.program.o
                                0x588 (size before relaxing)
 .stab          0x00003dc8      0x240 ./MCAL/SPI/SPI_program.o
                                0x24c (size before relaxing)
 .stab          0x00004008      0x6a8 ./MCAL/I2C/IIC_program.o
                                0x6b4 (size before relaxing)
 .stab          0x000046b0      0x384 ./MCAL/EXTI/EXTI_program.o
                                0x390 (size before relaxing)
 .stab          0x00004a34      0x4bc ./MCAL/DIO_driver/DIO_program.o
                                0x4c8 (size before relaxing)
 .stab          0x00004ef0      0x240 ./MCAL/ADC/ADC_program.o
                                0x24c (size before relaxing)
 .stab          0x00005130      0x804 ./HAL/LCD_driver/LCD_program.o
                                0x99c (size before relaxing)
 .stab          0x00005934      0x360 ./HAL/LCD_driver/Log_program.o
                                0x3d8 (size before relaxing)
 .stab          0x00005c94      0x3d8 ./HAL/Keypad_driver/keypad_program.o
                                0x570 (size before relaxing)
 .stab          0x0000606c      0x2f4 ./HAL/EXT_EEPROM/EXT_EEPROM_program.o
                                0x300 (size before relaxing)
 .stab          0x00006360      0x954 ./FREE_RTOS/croutine.o
                                0xb40 (size before relaxing)
 .stab          0x00006cb4      0x354 ./FREE_RTOS/heap_1.o
                                0x624 (size before relaxing)
 .stab          0x00007008      0x474 ./FREE_RTOS/list.o
                                0x750 (size before relaxing)
 .stab          0x0000747c      0x840 ./FREE_RTOS/port.o
                                0xb70 (size before relaxing)
 .stab          0x00007cbc      0xe94 ./FREE_RTOS/queue.o
                               0x11d0 (size before relaxing)
 .stab          0x00008b50     0x1578 ./FREE_RTOS/tasks.o
                               0x17d0 (size before relaxing)
 .stab          0x0000a0c8      0x1c8 ./FREE_RTOS/timers.o
                                0x4c8 (size before relaxing)
 .stab          0x0000a290      0x114 ./main.o
                                0x120 (size before relaxing)

.stabstr        0x00000000     0x4a17
 *(.stabstr)
 .stabstr       0x00000000     0x4a17 ./app/FreeRtos_2TasksHasLCDSource.o

.stab.excl
 *(.stab.excl)

.stab.exclstr
 *(.stab.exclstr)

.stab.index
 *(.stab.index)

.stab.indexstr
 *(.stab.indexstr)

.comment
 *(.comment)

.debug
 *(.debug)

.line
 *(.line)

.debug_srcinfo
 *(.debug_srcinfo)

.debug_sfnames
 *(.debug_sfnames)

.debug_aranges  0x00000000      0x140
 *(.debug_aranges)
 .debug_aranges
                0x00000000       0x20 c:/users/mohamed karem/desktop/embedded/programs/imt_sdk_win_64/imt_sdk_win_64/winavr/bin/../lib/gcc/avr/4.3.3/avr5\libgcc.a(_fixunssfsi.o)
 .debug_aranges
                0x00000020       0x20 c:/users/mohamed karem/desktop/embedded/programs/imt_sdk_win_64/imt_sdk_win_64/winavr/bin/../lib/gcc/avr/4.3.3/avr5\libgcc.a(_addsub_sf.o)
 .debug_aranges
                0x00000040       0x20 c:/users/mohamed karem/desktop/embedded/programs/imt_sdk_win_64/imt_sdk_win_64/winavr/bin/../lib/gcc/avr/4.3.3/avr5\libgcc.a(_mul_sf.o)
 .debug_aranges
                0x00000060       0x20 c:/users/mohamed karem/desktop/embedded/programs/imt_sdk_win_64/imt_sdk_win_64/winavr/bin/../lib/gcc/avr/4.3.3/avr5\libgcc.a(_gt_sf.o)
 .debug_aranges
                0x00000080       0x20 c:/users/mohamed karem/desktop/embedded/programs/imt_sdk_win_64/imt_sdk_win_64/winavr/bin/../lib/gcc/avr/4.3.3/avr5\libgcc.a(_ge_sf.o)
 .debug_aranges
                0x000000a0       0x20 c:/users/mohamed karem/desktop/embedded/programs/imt_sdk_win_64/imt_sdk_win_64/winavr/bin/../lib/gcc/avr/4.3.3/avr5\libgcc.a(_lt_sf.o)
 .debug_aranges
                0x000000c0       0x20 c:/users/mohamed karem/desktop/embedded/programs/imt_sdk_win_64/imt_sdk_win_64/winavr/bin/../lib/gcc/avr/4.3.3/avr5\libgcc.a(_sf_to_si.o)
 .debug_aranges
                0x000000e0       0x20 c:/users/mohamed karem/desktop/embedded/programs/imt_sdk_win_64/imt_sdk_win_64/winavr/bin/../lib/gcc/avr/4.3.3/avr5\libgcc.a(_pack_sf.o)
 .debug_aranges
                0x00000100       0x20 c:/users/mohamed karem/desktop/embedded/programs/imt_sdk_win_64/imt_sdk_win_64/winavr/bin/../lib/gcc/avr/4.3.3/avr5\libgcc.a(_unpack_sf.o)
 .debug_aranges
                0x00000120       0x20 c:/users/mohamed karem/desktop/embedded/programs/imt_sdk_win_64/imt_sdk_win_64/winavr/bin/../lib/gcc/avr/4.3.3/avr5\libgcc.a(_fpcmp_parts_sf.o)

.debug_pubnames
                0x00000000      0x170
 *(.debug_pubnames)
 .debug_pubnames
                0x00000000       0x23 c:/users/mohamed karem/desktop/embedded/programs/imt_sdk_win_64/imt_sdk_win_64/winavr/bin/../lib/gcc/avr/4.3.3/avr5\libgcc.a(_fixunssfsi.o)
 .debug_pubnames
                0x00000023       0x2c c:/users/mohamed karem/desktop/embedded/programs/imt_sdk_win_64/imt_sdk_win_64/winavr/bin/../lib/gcc/avr/4.3.3/avr5\libgcc.a(_addsub_sf.o)
 .debug_pubnames
                0x0000004f       0x1f c:/users/mohamed karem/desktop/embedded/programs/imt_sdk_win_64/imt_sdk_win_64/winavr/bin/../lib/gcc/avr/4.3.3/avr5\libgcc.a(_mul_sf.o)
 .debug_pubnames
                0x0000006e       0x1e c:/users/mohamed karem/desktop/embedded/programs/imt_sdk_win_64/imt_sdk_win_64/winavr/bin/../lib/gcc/avr/4.3.3/avr5\libgcc.a(_gt_sf.o)
 .debug_pubnames
                0x0000008c       0x1e c:/users/mohamed karem/desktop/embedded/programs/imt_sdk_win_64/imt_sdk_win_64/winavr/bin/../lib/gcc/avr/4.3.3/avr5\libgcc.a(_ge_sf.o)
 .debug_pubnames
                0x000000aa       0x1e c:/users/mohamed karem/desktop/embedded/programs/imt_sdk_win_64/imt_sdk_win_64/winavr/bin/../lib/gcc/avr/4.3.3/avr5\libgcc.a(_lt_sf.o)
 .debug_pubnames
                0x000000c8       0x20 c:/users/mohamed karem/desktop/embedded/programs/imt_sdk_win_64/imt_sdk_win_64/winavr/bin/../lib/gcc/avr/4.3.3/avr5\libgcc.a(_sf_to_si.o)
 .debug_pubnames
                0x000000e8       0x22 c:/users/mohamed karem/desktop/embedded/programs/imt_sdk_win_64/imt_sdk_win_64/winavr/bin/../lib/gcc/avr/4.3.3/avr5\libgcc.a(_thenan_sf.o)
 .debug_pubnames
                0x0000010a       0x1f c:/users/mohamed karem/desktop/embedded/programs/imt_sdk_win_64/imt_sdk_win_64/winavr/bin/../lib/gcc/avr/4.3.3/avr5\libgcc.a(_pack_sf.o)
 .debug_pubnames
                0x00000129       0x21 c:/users/mohamed karem/desktop/embedded/programs/imt_sdk_win_64/imt_sdk_win_64/winavr/bin/../lib/gcc/avr/4.3.3/avr5\libgcc.a(_unpack_sf.o)
 .debug_pubnames
                0x0000014a       0x26 c:/users/mohamed karem/desktop/embedded/programs/imt_sdk_win_64/imt_sdk_win_64/winavr/bin/../lib/gcc/avr/4.3.3/avr5\libgcc.a(_fpcmp_parts_sf.o)

.debug_info     0x00000000     0x1c49
 *(.debug_info)
 .debug_info    0x00000000       0xb1 c:/users/mohamed karem/desktop/embedded/programs/imt_sdk_win_64/imt_sdk_win_64/winavr/bin/../lib/gcc/avr/4.3.3/avr5\libgcc.a(_fixunssfsi.o)
 .debug_info    0x000000b1      0x47a c:/users/mohamed karem/desktop/embedded/programs/imt_sdk_win_64/imt_sdk_win_64/winavr/bin/../lib/gcc/avr/4.3.3/avr5\libgcc.a(_addsub_sf.o)
 .debug_info    0x0000052b      0x485 c:/users/mohamed karem/desktop/embedded/programs/imt_sdk_win_64/imt_sdk_win_64/winavr/bin/../lib/gcc/avr/4.3.3/avr5\libgcc.a(_mul_sf.o)
 .debug_info    0x000009b0      0x27f c:/users/mohamed karem/desktop/embedded/programs/imt_sdk_win_64/imt_sdk_win_64/winavr/bin/../lib/gcc/avr/4.3.3/avr5\libgcc.a(_gt_sf.o)
 .debug_info    0x00000c2f      0x27f c:/users/mohamed karem/desktop/embedded/programs/imt_sdk_win_64/imt_sdk_win_64/winavr/bin/../lib/gcc/avr/4.3.3/avr5\libgcc.a(_ge_sf.o)
 .debug_info    0x00000eae      0x27f c:/users/mohamed karem/desktop/embedded/programs/imt_sdk_win_64/imt_sdk_win_64/winavr/bin/../lib/gcc/avr/4.3.3/avr5\libgcc.a(_lt_sf.o)
 .debug_info    0x0000112d      0x2b0 c:/users/mohamed karem/desktop/embedded/programs/imt_sdk_win_64/imt_sdk_win_64/winavr/bin/../lib/gcc/avr/4.3.3/avr5\libgcc.a(_sf_to_si.o)
 .debug_info    0x000013dd      0x12c c:/users/mohamed karem/desktop/embedded/programs/imt_sdk_win_64/imt_sdk_win_64/winavr/bin/../lib/gcc/avr/4.3.3/avr5\libgcc.a(_thenan_sf.o)
 .debug_info    0x00001509      0x2df c:/users/mohamed karem/desktop/embedded/programs/imt_sdk_win_64/imt_sdk_win_64/winavr/bin/../lib/gcc/avr/4.3.3/avr5\libgcc.a(_pack_sf.o)
 .debug_info    0x000017e8      0x251 c:/users/mohamed karem/desktop/embedded/programs/imt_sdk_win_64/imt_sdk_win_64/winavr/bin/../lib/gcc/avr/4.3.3/avr5\libgcc.a(_unpack_sf.o)
 .debug_info    0x00001a39      0x210 c:/users/mohamed karem/desktop/embedded/programs/imt_sdk_win_64/imt_sdk_win_64/winavr/bin/../lib/gcc/avr/4.3.3/avr5\libgcc.a(_fpcmp_parts_sf.o)
 *(.gnu.linkonce.wi.*)

.debug_abbrev   0x00000000      0xeeb
 *(.debug_abbrev)
 .debug_abbrev  0x00000000       0x5d c:/users/mohamed karem/desktop/embedded/programs/imt_sdk_win_64/imt_sdk_win_64/winavr/bin/../lib/gcc/avr/4.3.3/avr5\libgcc.a(_fixunssfsi.o)
 .debug_abbrev  0x0000005d      0x1ea c:/users/mohamed karem/desktop/embedded/programs/imt_sdk_win_64/imt_sdk_win_64/winavr/bin/../lib/gcc/avr/4.3.3/avr5\libgcc.a(_addsub_sf.o)
 .debug_abbrev  0x00000247      0x21b c:/users/mohamed karem/desktop/embedded/programs/imt_sdk_win_64/imt_sdk_win_64/winavr/bin/../lib/gcc/avr/4.3.3/avr5\libgcc.a(_mul_sf.o)
 .debug_abbrev  0x00000462      0x15a c:/users/mohamed karem/desktop/embedded/programs/imt_sdk_win_64/imt_sdk_win_64/winavr/bin/../lib/gcc/avr/4.3.3/avr5\libgcc.a(_gt_sf.o)
 .debug_abbrev  0x000005bc      0x15a c:/users/mohamed karem/desktop/embedded/programs/imt_sdk_win_64/imt_sdk_win_64/winavr/bin/../lib/gcc/avr/4.3.3/avr5\libgcc.a(_ge_sf.o)
 .debug_abbrev  0x00000716      0x15a c:/users/mohamed karem/desktop/embedded/programs/imt_sdk_win_64/imt_sdk_win_64/winavr/bin/../lib/gcc/avr/4.3.3/avr5\libgcc.a(_lt_sf.o)
 .debug_abbrev  0x00000870      0x17f c:/users/mohamed karem/desktop/embedded/programs/imt_sdk_win_64/imt_sdk_win_64/winavr/bin/../lib/gcc/avr/4.3.3/avr5\libgcc.a(_sf_to_si.o)
 .debug_abbrev  0x000009ef       0xad c:/users/mohamed karem/desktop/embedded/programs/imt_sdk_win_64/imt_sdk_win_64/winavr/bin/../lib/gcc/avr/4.3.3/avr5\libgcc.a(_thenan_sf.o)
 .debug_abbrev  0x00000a9c      0x1c0 c:/users/mohamed karem/desktop/embedded/programs/imt_sdk_win_64/imt_sdk_win_64/winavr/bin/../lib/gcc/avr/4.3.3/avr5\libgcc.a(_pack_sf.o)
 .debug_abbrev  0x00000c5c      0x154 c:/users/mohamed karem/desktop/embedded/programs/imt_sdk_win_64/imt_sdk_win_64/winavr/bin/../lib/gcc/avr/4.3.3/avr5\libgcc.a(_unpack_sf.o)
 .debug_abbrev  0x00000db0      0x13b c:/users/mohamed karem/desktop/embedded/programs/imt_sdk_win_64/imt_sdk_win_64/winavr/bin/../lib/gcc/avr/4.3.3/avr5\libgcc.a(_fpcmp_parts_sf.o)

.debug_line     0x00000000      0xdad
 *(.debug_line)
 .debug_line    0x00000000       0xa7 c:/users/mohamed karem/desktop/embedded/programs/imt_sdk_win_64/imt_sdk_win_64/winavr/bin/../lib/gcc/avr/4.3.3/avr5\libgcc.a(_fixunssfsi.o)
 .debug_line    0x000000a7      0x2af c:/users/mohamed karem/desktop/embedded/programs/imt_sdk_win_64/imt_sdk_win_64/winavr/bin/../lib/gcc/avr/4.3.3/avr5\libgcc.a(_addsub_sf.o)
 .debug_line    0x00000356      0x239 c:/users/mohamed karem/desktop/embedded/programs/imt_sdk_win_64/imt_sdk_win_64/winavr/bin/../lib/gcc/avr/4.3.3/avr5\libgcc.a(_mul_sf.o)
 .debug_line    0x0000058f       0xd3 c:/users/mohamed karem/desktop/embedded/programs/imt_sdk_win_64/imt_sdk_win_64/winavr/bin/../lib/gcc/avr/4.3.3/avr5\libgcc.a(_gt_sf.o)
 .debug_line    0x00000662       0xd3 c:/users/mohamed karem/desktop/embedded/programs/imt_sdk_win_64/imt_sdk_win_64/winavr/bin/../lib/gcc/avr/4.3.3/avr5\libgcc.a(_ge_sf.o)
 .debug_line    0x00000735       0xd3 c:/users/mohamed karem/desktop/embedded/programs/imt_sdk_win_64/imt_sdk_win_64/winavr/bin/../lib/gcc/avr/4.3.3/avr5\libgcc.a(_lt_sf.o)
 .debug_line    0x00000808      0x109 c:/users/mohamed karem/desktop/embedded/programs/imt_sdk_win_64/imt_sdk_win_64/winavr/bin/../lib/gcc/avr/4.3.3/avr5\libgcc.a(_sf_to_si.o)
 .debug_line    0x00000911       0x90 c:/users/mohamed karem/desktop/embedded/programs/imt_sdk_win_64/imt_sdk_win_64/winavr/bin/../lib/gcc/avr/4.3.3/avr5\libgcc.a(_thenan_sf.o)
 .debug_line    0x000009a1      0x18a c:/users/mohamed karem/desktop/embedded/programs/imt_sdk_win_64/imt_sdk_win_64/winavr/bin/../lib/gcc/avr/4.3.3/avr5\libgcc.a(_pack_sf.o)
 .debug_line    0x00000b2b      0x14b c:/users/mohamed karem/desktop/embedded/programs/imt_sdk_win_64/imt_sdk_win_64/winavr/bin/../lib/gcc/avr/4.3.3/avr5\libgcc.a(_unpack_sf.o)
 .debug_line    0x00000c76      0x137 c:/users/mohamed karem/desktop/embedded/programs/imt_sdk_win_64/imt_sdk_win_64/winavr/bin/../lib/gcc/avr/4.3.3/avr5\libgcc.a(_fpcmp_parts_sf.o)

.debug_frame    0x00000000      0x160
 *(.debug_frame)
 .debug_frame   0x00000000       0x20 c:/users/mohamed karem/desktop/embedded/programs/imt_sdk_win_64/imt_sdk_win_64/winavr/bin/../lib/gcc/avr/4.3.3/avr5\libgcc.a(_fixunssfsi.o)
 .debug_frame   0x00000020       0x40 c:/users/mohamed karem/desktop/embedded/programs/imt_sdk_win_64/imt_sdk_win_64/winavr/bin/../lib/gcc/avr/4.3.3/avr5\libgcc.a(_addsub_sf.o)
 .debug_frame   0x00000060       0x20 c:/users/mohamed karem/desktop/embedded/programs/imt_sdk_win_64/imt_sdk_win_64/winavr/bin/../lib/gcc/avr/4.3.3/avr5\libgcc.a(_mul_sf.o)
 .debug_frame   0x00000080       0x20 c:/users/mohamed karem/desktop/embedded/programs/imt_sdk_win_64/imt_sdk_win_64/winavr/bin/../lib/gcc/avr/4.3.3/avr5\libgcc.a(_gt_sf.o)
 .debug_frame   0x000000a0       0x20 c:/users/mohamed karem/desktop/embedded/programs/imt_sdk_win_64/imt_sdk_win_64/winavr/bin/../lib/gcc/avr/4.3.3/avr5\libgcc.a(_ge_sf.o)
 .debug_frame   0x000000c0       0x20 c:/users/mohamed karem/desktop/embedded/programs/imt_sdk_win_64/imt_sdk_win_64/winavr/bin/../lib/gcc/avr/4.3.3/avr5\libgcc.a(_lt_sf.o)
 .debug_frame   0x000000e0       0x20 c:/users/mohamed karem/desktop/embedded/programs/imt_sdk_win_64/imt_sdk_win_64/winavr/bin/../lib/gcc/avr/4.3.3/avr5\libgcc.a(_sf_to_si.o)
 .debug_frame   0x00000100       0x20 c:/users/mohamed karem/desktop/embedded/programs/imt_sdk_win_64/imt_sdk_win_64/winavr/bin/../lib/gcc/avr/4.3.3/avr5\libgcc.a(_pack_sf.o)
 .debug_frame   0x00000120       0x20 c:/users/mohamed karem/desktop/embedded/programs/imt_sdk_win_64/imt_sdk_win_64/winavr/bin/../lib/gcc/avr/4.3.3/avr5\libgcc.a(_unpack_sf.o)
 .debug_frame   0x00000140       0x20 c:/users/mohamed karem/desktop/embedded/programs/imt_sdk_win_64/imt_sdk_win_64/winavr/bin/../lib/gcc/avr/4.3.3/avr5\libgcc.a(_fpcmp_parts_sf.o)

.debug_str      0x00000000      0x28d
 *(.debug_str)
 .debug_str     0x00000000       0xbf c:/users/mohamed karem/desktop/embedded/programs/imt_sdk_win_64/imt_sdk_win_64/winavr/bin/../lib/gcc/avr/4.3.3/avr5\libgcc.a(_fixunssfsi.o)
                                 0xfe (size before relaxing)
 .debug_str     0x000000bf      0x14d c:/users/mohamed karem/desktop/embedded/programs/imt_sdk_win_64/imt_sdk_win_64/winavr/bin/../lib/gcc/avr/4.3.3/avr5\libgcc.a(_addsub_sf.o)
                                0x206 (size before relaxing)
 .debug_str     0x0000020c       0x27 c:/users/mohamed karem/desktop/embedded/programs/imt_sdk_win_64/imt_sdk_win_64/winavr/bin/../lib/gcc/avr/4.3.3/avr5\libgcc.a(_mul_sf.o)
                                0x1bf (size before relaxing)
 .debug_str     0x00000233        0xf c:/users/mohamed karem/desktop/embedded/programs/imt_sdk_win_64/imt_sdk_win_64/winavr/bin/../lib/gcc/avr/4.3.3/avr5\libgcc.a(_gt_sf.o)
                                0x195 (size before relaxing)
 .debug_str     0x00000242        0x8 c:/users/mohamed karem/desktop/embedded/programs/imt_sdk_win_64/imt_sdk_win_64/winavr/bin/../lib/gcc/avr/4.3.3/avr5\libgcc.a(_ge_sf.o)
                                0x195 (size before relaxing)
 .debug_str     0x0000024a        0x8 c:/users/mohamed karem/desktop/embedded/programs/imt_sdk_win_64/imt_sdk_win_64/winavr/bin/../lib/gcc/avr/4.3.3/avr5\libgcc.a(_lt_sf.o)
                                0x195 (size before relaxing)
 .debug_str     0x00000252        0xa c:/users/mohamed karem/desktop/embedded/programs/imt_sdk_win_64/imt_sdk_win_64/winavr/bin/../lib/gcc/avr/4.3.3/avr5\libgcc.a(_sf_to_si.o)
                                0x19e (size before relaxing)
 .debug_str     0x00000000      0x103 c:/users/mohamed karem/desktop/embedded/programs/imt_sdk_win_64/imt_sdk_win_64/winavr/bin/../lib/gcc/avr/4.3.3/avr5\libgcc.a(_thenan_sf.o)
 .debug_str     0x0000025c       0x16 c:/users/mohamed karem/desktop/embedded/programs/imt_sdk_win_64/imt_sdk_win_64/winavr/bin/../lib/gcc/avr/4.3.3/avr5\libgcc.a(_pack_sf.o)
                                0x19d (size before relaxing)
 .debug_str     0x00000272        0xb c:/users/mohamed karem/desktop/embedded/programs/imt_sdk_win_64/imt_sdk_win_64/winavr/bin/../lib/gcc/avr/4.3.3/avr5\libgcc.a(_unpack_sf.o)
                                0x17f (size before relaxing)
 .debug_str     0x0000027d       0x10 c:/users/mohamed karem/desktop/embedded/programs/imt_sdk_win_64/imt_sdk_win_64/winavr/bin/../lib/gcc/avr/4.3.3/avr5\libgcc.a(_fpcmp_parts_sf.o)
                                0x163 (size before relaxing)

.debug_loc      0x00000000      0x7ce
 *(.debug_loc)
 .debug_loc     0x00000000       0x34 c:/users/mohamed karem/desktop/embedded/programs/imt_sdk_win_64/imt_sdk_win_64/winavr/bin/../lib/gcc/avr/4.3.3/avr5\libgcc.a(_fixunssfsi.o)
 .debug_loc     0x00000034      0x32a c:/users/mohamed karem/desktop/embedded/programs/imt_sdk_win_64/imt_sdk_win_64/winavr/bin/../lib/gcc/avr/4.3.3/avr5\libgcc.a(_addsub_sf.o)
 .debug_loc     0x0000035e      0x104 c:/users/mohamed karem/desktop/embedded/programs/imt_sdk_win_64/imt_sdk_win_64/winavr/bin/../lib/gcc/avr/4.3.3/avr5\libgcc.a(_mul_sf.o)
 .debug_loc     0x00000462       0x3c c:/users/mohamed karem/desktop/embedded/programs/imt_sdk_win_64/imt_sdk_win_64/winavr/bin/../lib/gcc/avr/4.3.3/avr5\libgcc.a(_gt_sf.o)
 .debug_loc     0x0000049e       0x3c c:/users/mohamed karem/desktop/embedded/programs/imt_sdk_win_64/imt_sdk_win_64/winavr/bin/../lib/gcc/avr/4.3.3/avr5\libgcc.a(_ge_sf.o)
 .debug_loc     0x000004da       0x3c c:/users/mohamed karem/desktop/embedded/programs/imt_sdk_win_64/imt_sdk_win_64/winavr/bin/../lib/gcc/avr/4.3.3/avr5\libgcc.a(_lt_sf.o)
 .debug_loc     0x00000516       0x7e c:/users/mohamed karem/desktop/embedded/programs/imt_sdk_win_64/imt_sdk_win_64/winavr/bin/../lib/gcc/avr/4.3.3/avr5\libgcc.a(_sf_to_si.o)
 .debug_loc     0x00000594      0x13e c:/users/mohamed karem/desktop/embedded/programs/imt_sdk_win_64/imt_sdk_win_64/winavr/bin/../lib/gcc/avr/4.3.3/avr5\libgcc.a(_pack_sf.o)
 .debug_loc     0x000006d2       0xac c:/users/mohamed karem/desktop/embedded/programs/imt_sdk_win_64/imt_sdk_win_64/winavr/bin/../lib/gcc/avr/4.3.3/avr5\libgcc.a(_unpack_sf.o)
 .debug_loc     0x0000077e       0x50 c:/users/mohamed karem/desktop/embedded/programs/imt_sdk_win_64/imt_sdk_win_64/winavr/bin/../lib/gcc/avr/4.3.3/avr5\libgcc.a(_fpcmp_parts_sf.o)

.debug_macinfo
 *(.debug_macinfo)
OUTPUT(ATMEGA_32_Drivers.elf elf32-avr)
LOAD linker stubs

.debug_ranges   0x00000000       0x50
 .debug_ranges  0x00000000       0x50 c:/users/mohamed karem/desktop/embedded/programs/imt_sdk_win_64/imt_sdk_win_64/winavr/bin/../lib/gcc/avr/4.3.3/avr5\libgcc.a(_mul_sf.o)
