Archive member included because of file (symbol)

c:/users/mohamed karem/desktop/embedded/programs/imt_sdk_win_64/imt_sdk_win_64/winavr/bin/../lib/gcc/avr/4.3.3/avr5\libgcc.a(_exit.o)
                              c:/users/mohamed karem/desktop/embedded/programs/imt_sdk_win_64/imt_sdk_win_64/winavr/bin/../lib/gcc/avr/4.3.3/../../../../avr/lib/avr5/crtm32.o (exit)
c:/users/mohamed karem/desktop/embedded/programs/imt_sdk_win_64/imt_sdk_win_64/winavr/bin/../lib/gcc/avr/4.3.3/avr5\libgcc.a(_copy_data.o)
                              ./app/anims.o (__do_copy_data)
c:/users/mohamed karem/desktop/embedded/programs/imt_sdk_win_64/imt_sdk_win_64/winavr/bin/../lib/gcc/avr/4.3.3/avr5\libgcc.a(_clear_bss.o)
                              ./app/lab22.o (__do_clear_bss)
c:/users/mohamed karem/desktop/embedded/programs/imt_sdk_win_64/imt_sdk_win_64/winavr/bin/../lib/gcc/avr/4.3.3/avr5\libgcc.a(_fixunssfsi.o)
                              ./app/anims.o (__fixunssfsi)
c:/users/mohamed karem/desktop/embedded/programs/imt_sdk_win_64/imt_sdk_win_64/winavr/bin/../lib/gcc/avr/4.3.3/avr5\libgcc.a(_addsub_sf.o)
                              c:/users/mohamed karem/desktop/embedded/programs/imt_sdk_win_64/imt_sdk_win_64/winavr/bin/../lib/gcc/avr/4.3.3/avr5\libgcc.a(_fixunssfsi.o) (__subsf3)
c:/users/mohamed karem/desktop/embedded/programs/imt_sdk_win_64/imt_sdk_win_64/winavr/bin/../lib/gcc/avr/4.3.3/avr5\libgcc.a(_mul_sf.o)
                              ./app/anims.o (__mulsf3)
c:/users/mohamed karem/desktop/embedded/programs/imt_sdk_win_64/imt_sdk_win_64/winavr/bin/../lib/gcc/avr/4.3.3/avr5\libgcc.a(_gt_sf.o)
                              ./app/anims.o (__gtsf2)
c:/users/mohamed karem/desktop/embedded/programs/imt_sdk_win_64/imt_sdk_win_64/winavr/bin/../lib/gcc/avr/4.3.3/avr5\libgcc.a(_ge_sf.o)
                              c:/users/mohamed karem/desktop/embedded/programs/imt_sdk_win_64/imt_sdk_win_64/winavr/bin/../lib/gcc/avr/4.3.3/avr5\libgcc.a(_fixunssfsi.o) (__gesf2)
c:/users/mohamed karem/desktop/embedded/programs/imt_sdk_win_64/imt_sdk_win_64/winavr/bin/../lib/gcc/avr/4.3.3/avr5\libgcc.a(_lt_sf.o)
                              ./app/anims.o (__ltsf2)
c:/users/mohamed karem/desktop/embedded/programs/imt_sdk_win_64/imt_sdk_win_64/winavr/bin/../lib/gcc/avr/4.3.3/avr5\libgcc.a(_sf_to_si.o)
                              c:/users/mohamed karem/desktop/embedded/programs/imt_sdk_win_64/imt_sdk_win_64/winavr/bin/../lib/gcc/avr/4.3.3/avr5\libgcc.a(_fixunssfsi.o) (__fixsfsi)
c:/users/mohamed karem/desktop/embedded/programs/imt_sdk_win_64/imt_sdk_win_64/winavr/bin/../lib/gcc/avr/4.3.3/avr5\libgcc.a(_thenan_sf.o)
                              c:/users/mohamed karem/desktop/embedded/programs/imt_sdk_win_64/imt_sdk_win_64/winavr/bin/../lib/gcc/avr/4.3.3/avr5\libgcc.a(_addsub_sf.o) (__thenan_sf)
c:/users/mohamed karem/desktop/embedded/programs/imt_sdk_win_64/imt_sdk_win_64/winavr/bin/../lib/gcc/avr/4.3.3/avr5\libgcc.a(_prologue.o)
                              c:/users/mohamed karem/desktop/embedded/programs/imt_sdk_win_64/imt_sdk_win_64/winavr/bin/../lib/gcc/avr/4.3.3/avr5\libgcc.a(_addsub_sf.o) (__prologue_saves__)
c:/users/mohamed karem/desktop/embedded/programs/imt_sdk_win_64/imt_sdk_win_64/winavr/bin/../lib/gcc/avr/4.3.3/avr5\libgcc.a(_epilogue.o)
                              c:/users/mohamed karem/desktop/embedded/programs/imt_sdk_win_64/imt_sdk_win_64/winavr/bin/../lib/gcc/avr/4.3.3/avr5\libgcc.a(_addsub_sf.o) (__epilogue_restores__)
c:/users/mohamed karem/desktop/embedded/programs/imt_sdk_win_64/imt_sdk_win_64/winavr/bin/../lib/gcc/avr/4.3.3/avr5\libgcc.a(_pack_sf.o)
                              c:/users/mohamed karem/desktop/embedded/programs/imt_sdk_win_64/imt_sdk_win_64/winavr/bin/../lib/gcc/avr/4.3.3/avr5\libgcc.a(_addsub_sf.o) (__pack_f)
c:/users/mohamed karem/desktop/embedded/programs/imt_sdk_win_64/imt_sdk_win_64/winavr/bin/../lib/gcc/avr/4.3.3/avr5\libgcc.a(_unpack_sf.o)
                              c:/users/mohamed karem/desktop/embedded/programs/imt_sdk_win_64/imt_sdk_win_64/winavr/bin/../lib/gcc/avr/4.3.3/avr5\libgcc.a(_addsub_sf.o) (__unpack_f)
c:/users/mohamed karem/desktop/embedded/programs/imt_sdk_win_64/imt_sdk_win_64/winavr/bin/../lib/gcc/avr/4.3.3/avr5\libgcc.a(_fpcmp_parts_sf.o)
                              c:/users/mohamed karem/desktop/embedded/programs/imt_sdk_win_64/imt_sdk_win_64/winavr/bin/../lib/gcc/avr/4.3.3/avr5\libgcc.a(_gt_sf.o) (__fpcmp_parts_f)
c:/users/mohamed karem/desktop/embedded/programs/imt_sdk_win_64/imt_sdk_win_64/winavr/bin/../lib/gcc/avr/4.3.3/../../../../avr/lib/avr5\libc.a(memcpy.o)
                              ./FREE_RTOS/queue.o (memcpy)
c:/users/mohamed karem/desktop/embedded/programs/imt_sdk_win_64/imt_sdk_win_64/winavr/bin/../lib/gcc/avr/4.3.3/../../../../avr/lib/avr5\libc.a(memset.o)
                              ./FREE_RTOS/tasks.o (memset)
c:/users/mohamed karem/desktop/embedded/programs/imt_sdk_win_64/imt_sdk_win_64/winavr/bin/../lib/gcc/avr/4.3.3/../../../../avr/lib/avr5\libc.a(strncpy.o)
                              ./FREE_RTOS/tasks.o (strncpy)

Memory Configuration

Name             Origin             Length             Attributes
text             0x00000000         0x00020000         xr
data             0x00800060         0x0000ffa0         rw !x
eeprom           0x00810000         0x00010000         rw !x
fuse             0x00820000         0x00000400         rw !x
lock             0x00830000         0x00000400         rw !x
signature        0x00840000         0x00000400         rw !x
*default*        0x00000000         0xffffffff

Linker script and memory map

LOAD c:/users/mohamed karem/desktop/embedded/programs/imt_sdk_win_64/imt_sdk_win_64/winavr/bin/../lib/gcc/avr/4.3.3/../../../../avr/lib/avr5/crtm32.o
LOAD ./app/anims.o
LOAD ./app/blinkled.o
LOAD ./app/lab1.o
LOAD ./app/lab2.o
LOAD ./app/lab22.o
LOAD ./app/lab3.o
LOAD ./app/lcd.o
LOAD ./app/stepper.o
LOAD ./app/testDIO.o
LOAD ./MCAL/EXTI/EXTI_program.o
LOAD ./MCAL/DIO_driver/DIO_program.o
LOAD ./HAL/LCD_driver/LCD_program.o
LOAD ./FREE_RTOS/croutine.o
LOAD ./FREE_RTOS/heap_1.o
LOAD ./FREE_RTOS/list.o
LOAD ./FREE_RTOS/port.o
LOAD ./FREE_RTOS/queue.o
LOAD ./FREE_RTOS/tasks.o
LOAD ./FREE_RTOS/timers.o
LOAD ./main.o
LOAD c:/users/mohamed karem/desktop/embedded/programs/imt_sdk_win_64/imt_sdk_win_64/winavr/bin/../lib/gcc/avr/4.3.3/avr5\libgcc.a
LOAD c:/users/mohamed karem/desktop/embedded/programs/imt_sdk_win_64/imt_sdk_win_64/winavr/bin/../lib/gcc/avr/4.3.3/../../../../avr/lib/avr5\libc.a
LOAD c:/users/mohamed karem/desktop/embedded/programs/imt_sdk_win_64/imt_sdk_win_64/winavr/bin/../lib/gcc/avr/4.3.3/avr5\libgcc.a

.hash
 *(.hash)

.dynsym
 *(.dynsym)

.dynstr
 *(.dynstr)

.gnu.version
 *(.gnu.version)

.gnu.version_d
 *(.gnu.version_d)

.gnu.version_r
 *(.gnu.version_r)

.rel.init
 *(.rel.init)

.rela.init
 *(.rela.init)

.rel.text
 *(.rel.text)
 *(.rel.text.*)
 *(.rel.gnu.linkonce.t*)

.rela.text
 *(.rela.text)
 *(.rela.text.*)
 *(.rela.gnu.linkonce.t*)

.rel.fini
 *(.rel.fini)

.rela.fini
 *(.rela.fini)

.rel.rodata
 *(.rel.rodata)
 *(.rel.rodata.*)
 *(.rel.gnu.linkonce.r*)

.rela.rodata
 *(.rela.rodata)
 *(.rela.rodata.*)
 *(.rela.gnu.linkonce.r*)

.rel.data
 *(.rel.data)
 *(.rel.data.*)
 *(.rel.gnu.linkonce.d*)

.rela.data
 *(.rela.data)
 *(.rela.data.*)
 *(.rela.gnu.linkonce.d*)

.rel.ctors
 *(.rel.ctors)

.rela.ctors
 *(.rela.ctors)

.rel.dtors
 *(.rel.dtors)

.rela.dtors
 *(.rela.dtors)

.rel.got
 *(.rel.got)

.rela.got
 *(.rela.got)

.rel.bss
 *(.rel.bss)

.rela.bss
 *(.rela.bss)

.rel.plt
 *(.rel.plt)

.rela.plt
 *(.rela.plt)

.text           0x00000000     0x4d70
 *(.vectors)
 .vectors       0x00000000       0x54 c:/users/mohamed karem/desktop/embedded/programs/imt_sdk_win_64/imt_sdk_win_64/winavr/bin/../lib/gcc/avr/4.3.3/../../../../avr/lib/avr5/crtm32.o
                0x00000000                __vectors
                0x00000000                __vector_default
 *(.vectors)
 *(.progmem.gcc*)
 *(.progmem*)
                0x00000054                . = ALIGN (0x2)
                0x00000054                __trampolines_start = .
 *(.trampolines)
 .trampolines   0x00000054        0x0 linker stubs
 *(.trampolines*)
                0x00000054                __trampolines_end = .
 *(.jumptables)
 *(.jumptables*)
 *(.lowtext)
 *(.lowtext*)
                0x00000054                __ctors_start = .
 *(.ctors)
                0x00000054                __ctors_end = .
                0x00000054                __dtors_start = .
 *(.dtors)
                0x00000054                __dtors_end = .
 SORT(*)(.ctors)
 SORT(*)(.dtors)
 *(.init0)
 .init0         0x00000054        0x0 c:/users/mohamed karem/desktop/embedded/programs/imt_sdk_win_64/imt_sdk_win_64/winavr/bin/../lib/gcc/avr/4.3.3/../../../../avr/lib/avr5/crtm32.o
                0x00000054                __init
 *(.init0)
 *(.init1)
 *(.init1)
 *(.init2)
 .init2         0x00000054        0xc c:/users/mohamed karem/desktop/embedded/programs/imt_sdk_win_64/imt_sdk_win_64/winavr/bin/../lib/gcc/avr/4.3.3/../../../../avr/lib/avr5/crtm32.o
 *(.init2)
 *(.init3)
 *(.init3)
 *(.init4)
 .init4         0x00000060       0x16 c:/users/mohamed karem/desktop/embedded/programs/imt_sdk_win_64/imt_sdk_win_64/winavr/bin/../lib/gcc/avr/4.3.3/avr5\libgcc.a(_copy_data.o)
                0x00000060                __do_copy_data
 .init4         0x00000076       0x10 c:/users/mohamed karem/desktop/embedded/programs/imt_sdk_win_64/imt_sdk_win_64/winavr/bin/../lib/gcc/avr/4.3.3/avr5\libgcc.a(_clear_bss.o)
                0x00000076                __do_clear_bss
 *(.init4)
 *(.init5)
 *(.init5)
 *(.init6)
 *(.init6)
 *(.init7)
 *(.init7)
 *(.init8)
 *(.init8)
 *(.init9)
 .init9         0x00000086        0x8 c:/users/mohamed karem/desktop/embedded/programs/imt_sdk_win_64/imt_sdk_win_64/winavr/bin/../lib/gcc/avr/4.3.3/../../../../avr/lib/avr5/crtm32.o
 *(.init9)
 *(.text)
 .text          0x0000008e        0x4 c:/users/mohamed karem/desktop/embedded/programs/imt_sdk_win_64/imt_sdk_win_64/winavr/bin/../lib/gcc/avr/4.3.3/../../../../avr/lib/avr5/crtm32.o
                0x0000008e                __vector_12
                0x0000008e                __bad_interrupt
                0x0000008e                __vector_6
                0x0000008e                __vector_3
                0x0000008e                __vector_11
                0x0000008e                __vector_13
                0x0000008e                __vector_17
                0x0000008e                __vector_19
                0x0000008e                __vector_5
                0x0000008e                __vector_4
                0x0000008e                __vector_9
                0x0000008e                __vector_15
                0x0000008e                __vector_8
                0x0000008e                __vector_14
                0x0000008e                __vector_10
                0x0000008e                __vector_16
                0x0000008e                __vector_18
                0x0000008e                __vector_20
 .text          0x00000092        0x0 ./app/anims.o
 .text          0x00000092        0x0 ./app/blinkled.o
 .text          0x00000092        0x0 ./app/lab1.o
 .text          0x00000092        0x0 ./app/lab2.o
 .text          0x00000092        0x0 ./app/lab22.o
 .text          0x00000092        0x0 ./app/lab3.o
 .text          0x00000092        0x0 ./app/lcd.o
 .text          0x00000092        0x0 ./app/stepper.o
 .text          0x00000092        0x0 ./app/testDIO.o
 .text          0x00000092        0x0 ./MCAL/EXTI/EXTI_program.o
 .text          0x00000092        0x0 ./MCAL/DIO_driver/DIO_program.o
 .text          0x00000092        0x0 ./HAL/LCD_driver/LCD_program.o
 .text          0x00000092        0x0 ./FREE_RTOS/croutine.o
 .text          0x00000092        0x0 ./FREE_RTOS/heap_1.o
 .text          0x00000092        0x0 ./FREE_RTOS/list.o
 .text          0x00000092        0x0 ./FREE_RTOS/port.o
 .text          0x00000092        0x0 ./FREE_RTOS/queue.o
 .text          0x00000092        0x0 ./FREE_RTOS/tasks.o
 .text          0x00000092        0x0 ./FREE_RTOS/timers.o
 .text          0x00000092        0x0 ./main.o
 .text          0x00000092        0x0 c:/users/mohamed karem/desktop/embedded/programs/imt_sdk_win_64/imt_sdk_win_64/winavr/bin/../lib/gcc/avr/4.3.3/avr5\libgcc.a(_exit.o)
 .text          0x00000092        0x0 c:/users/mohamed karem/desktop/embedded/programs/imt_sdk_win_64/imt_sdk_win_64/winavr/bin/../lib/gcc/avr/4.3.3/avr5\libgcc.a(_copy_data.o)
 .text          0x00000092        0x0 c:/users/mohamed karem/desktop/embedded/programs/imt_sdk_win_64/imt_sdk_win_64/winavr/bin/../lib/gcc/avr/4.3.3/avr5\libgcc.a(_clear_bss.o)
 .text          0x00000092       0x58 c:/users/mohamed karem/desktop/embedded/programs/imt_sdk_win_64/imt_sdk_win_64/winavr/bin/../lib/gcc/avr/4.3.3/avr5\libgcc.a(_fixunssfsi.o)
                0x00000092                __fixunssfsi
 .text          0x000000ea      0x354 c:/users/mohamed karem/desktop/embedded/programs/imt_sdk_win_64/imt_sdk_win_64/winavr/bin/../lib/gcc/avr/4.3.3/avr5\libgcc.a(_addsub_sf.o)
                0x00000382                __subsf3
                0x000003e4                __addsf3
 .text          0x0000043e      0x1f4 c:/users/mohamed karem/desktop/embedded/programs/imt_sdk_win_64/imt_sdk_win_64/winavr/bin/../lib/gcc/avr/4.3.3/avr5\libgcc.a(_mul_sf.o)
                0x0000043e                __mulsf3
 .text          0x00000632       0x60 c:/users/mohamed karem/desktop/embedded/programs/imt_sdk_win_64/imt_sdk_win_64/winavr/bin/../lib/gcc/avr/4.3.3/avr5\libgcc.a(_gt_sf.o)
                0x00000632                __gtsf2
 .text          0x00000692       0x60 c:/users/mohamed karem/desktop/embedded/programs/imt_sdk_win_64/imt_sdk_win_64/winavr/bin/../lib/gcc/avr/4.3.3/avr5\libgcc.a(_ge_sf.o)
                0x00000692                __gesf2
 .text          0x000006f2       0x60 c:/users/mohamed karem/desktop/embedded/programs/imt_sdk_win_64/imt_sdk_win_64/winavr/bin/../lib/gcc/avr/4.3.3/avr5\libgcc.a(_lt_sf.o)
                0x000006f2                __ltsf2
 .text          0x00000752       0xa8 c:/users/mohamed karem/desktop/embedded/programs/imt_sdk_win_64/imt_sdk_win_64/winavr/bin/../lib/gcc/avr/4.3.3/avr5\libgcc.a(_sf_to_si.o)
                0x00000752                __fixsfsi
 .text          0x000007fa        0x0 c:/users/mohamed karem/desktop/embedded/programs/imt_sdk_win_64/imt_sdk_win_64/winavr/bin/../lib/gcc/avr/4.3.3/avr5\libgcc.a(_thenan_sf.o)
 .text          0x000007fa        0x0 c:/users/mohamed karem/desktop/embedded/programs/imt_sdk_win_64/imt_sdk_win_64/winavr/bin/../lib/gcc/avr/4.3.3/avr5\libgcc.a(_prologue.o)
 .text          0x000007fa        0x0 c:/users/mohamed karem/desktop/embedded/programs/imt_sdk_win_64/imt_sdk_win_64/winavr/bin/../lib/gcc/avr/4.3.3/avr5\libgcc.a(_epilogue.o)
 .text          0x000007fa      0x1aa c:/users/mohamed karem/desktop/embedded/programs/imt_sdk_win_64/imt_sdk_win_64/winavr/bin/../lib/gcc/avr/4.3.3/avr5\libgcc.a(_pack_sf.o)
                0x000007fa                __pack_f
 .text          0x000009a4       0xf0 c:/users/mohamed karem/desktop/embedded/programs/imt_sdk_win_64/imt_sdk_win_64/winavr/bin/../lib/gcc/avr/4.3.3/avr5\libgcc.a(_unpack_sf.o)
                0x000009a4                __unpack_f
 .text          0x00000a94       0xb2 c:/users/mohamed karem/desktop/embedded/programs/imt_sdk_win_64/imt_sdk_win_64/winavr/bin/../lib/gcc/avr/4.3.3/avr5\libgcc.a(_fpcmp_parts_sf.o)
                0x00000a94                __fpcmp_parts_f
 .text          0x00000b46        0x0 c:/users/mohamed karem/desktop/embedded/programs/imt_sdk_win_64/imt_sdk_win_64/winavr/bin/../lib/gcc/avr/4.3.3/../../../../avr/lib/avr5\libc.a(memcpy.o)
 .text          0x00000b46        0x0 c:/users/mohamed karem/desktop/embedded/programs/imt_sdk_win_64/imt_sdk_win_64/winavr/bin/../lib/gcc/avr/4.3.3/../../../../avr/lib/avr5\libc.a(memset.o)
 .text          0x00000b46        0x0 c:/users/mohamed karem/desktop/embedded/programs/imt_sdk_win_64/imt_sdk_win_64/winavr/bin/../lib/gcc/avr/4.3.3/../../../../avr/lib/avr5\libc.a(strncpy.o)
                0x00000b46                . = ALIGN (0x2)
 *(.text.*)
 .text.anim     0x00000b46      0x49c ./app/anims.o
                0x00000b46                anim
 .text.blinkled
                0x00000fe2      0x20e ./app/blinkled.o
                0x00000fe2                blinkled
 .text.init_DIOPins
                0x000011f0       0x36 ./app/lab1.o
                0x000011f0                init_DIOPins
 .text.lab1     0x00001226       0x76 ./app/lab1.o
                0x00001226                lab1
 .text.Blink_200ms_Task
                0x0000129c       0x2e ./app/lab1.o
                0x0000129c                Blink_200ms_Task
 .text.Blink_1000ms_Task
                0x000012ca       0x2e ./app/lab1.o
                0x000012ca                Blink_1000ms_Task
 .text.lab2     0x000012f8       0x76 ./app/lab2.o
                0x000012f8                lab2
 .text.LCD_Task1_
                0x0000136e       0x26 ./app/lab2.o
                0x0000136e                LCD_Task1_
 .text.LCD_Task2_
                0x00001394      0x114 ./app/lab2.o
                0x00001394                LCD_Task2_
 .text.lab22    0x000014a8       0xa8 ./app/lab22.o
                0x000014a8                lab22
 .text.LCD_Task_1
                0x00001550       0x56 ./app/lab22.o
                0x00001550                LCD_Task_1
 .text.LCD_Task_2
                0x000015a6       0x56 ./app/lab22.o
                0x000015a6                LCD_Task_2
 .text.init_EXTI
                0x000015fc       0x32 ./app/lab3.o
                0x000015fc                init_EXTI
 .text.lab3     0x0000162e       0x68 ./app/lab3.o
                0x0000162e                lab3
 .text.LCD_Task
                0x00001696       0x5c ./app/lab3.o
                0x00001696                LCD_Task
 .text.SWCheck_INT
                0x000016f2       0x24 ./app/lab3.o
                0x000016f2                SWCheck_INT
 .text.LCD      0x00001716      0x158 ./app/lcd.o
                0x00001716                LCD
 .text.stepper  0x0000186e        0xa ./app/stepper.o
                0x0000186e                stepper
 .text.EXTI_voidINT0int
                0x00001878       0x38 ./MCAL/EXTI/EXTI_program.o
                0x00001878                EXTI_voidINT0int
 .text.__vector_1
                0x000018b0       0x5a ./MCAL/EXTI/EXTI_program.o
                0x000018b0                __vector_1
 .text.__vector_2
                0x0000190a       0x5a ./MCAL/EXTI/EXTI_program.o
                0x0000190a                __vector_2
 .text.GIE_voidENABLE
                0x00001964       0x1c ./MCAL/EXTI/EXTI_program.o
                0x00001964                GIE_voidENABLE
 .text.GIE_voidDISABLE
                0x00001980       0x1c ./MCAL/EXTI/EXTI_program.o
                0x00001980                GIE_voidDISABLE
 .text.EXTI_voidINT1int
                0x0000199c       0x38 ./MCAL/EXTI/EXTI_program.o
                0x0000199c                EXTI_voidINT1int
 .text.EXTI_voidINT2int
                0x000019d4       0x2a ./MCAL/EXTI/EXTI_program.o
                0x000019d4                EXTI_voidINT2int
 .text.EXTI_u8SetCallBack
                0x000019fe       0x26 ./MCAL/EXTI/EXTI_program.o
                0x000019fe                EXTI_u8SetCallBack
 .text.EXTI1_u8SetCallBack
                0x00001a24       0x26 ./MCAL/EXTI/EXTI_program.o
                0x00001a24                EXTI1_u8SetCallBack
 .text.DIO_voidsetportdirection
                0x00001a4a       0x82 ./MCAL/DIO_driver/DIO_program.o
                0x00001a4a                DIO_voidsetportdirection
 .text.DIO_voidsetpindirection
                0x00001acc      0x208 ./MCAL/DIO_driver/DIO_program.o
                0x00001acc                DIO_voidsetpindirection
 .text.DIO_voidsetportvalue
                0x00001cd4       0x82 ./MCAL/DIO_driver/DIO_program.o
                0x00001cd4                DIO_voidsetportvalue
 .text.DIO_voidsetpinvalue
                0x00001d56      0x208 ./MCAL/DIO_driver/DIO_program.o
                0x00001d56                DIO_voidsetpinvalue
 .text.DIO_u8getpinvalue
                0x00001f5e       0xf4 ./MCAL/DIO_driver/DIO_program.o
                0x00001f5e                DIO_u8getpinvalue
 .text.LCD_voidsendcommand
                0x00002052      0x220 ./HAL/LCD_driver/LCD_program.o
                0x00002052                LCD_voidsendcommand
 .text.LCD_voidsendDATA
                0x00002272      0x220 ./HAL/LCD_driver/LCD_program.o
                0x00002272                LCD_voidsendDATA
 .text.LCD_voidINST
                0x00002492      0x210 ./HAL/LCD_driver/LCD_program.o
                0x00002492                LCD_voidINST
 .text.LCD_voidsendstring
                0x000026a2       0x52 ./HAL/LCD_driver/LCD_program.o
                0x000026a2                LCD_voidsendstring
 .text.LCD_voidGoToXY
                0x000026f4       0x3c ./HAL/LCD_driver/LCD_program.o
                0x000026f4                LCD_voidGoToXY
 .text.xCoRoutineCreate
                0x00002730      0x128 ./FREE_RTOS/croutine.o
                0x00002730                xCoRoutineCreate
 .text.vCoRoutineAddToDelayedList
                0x00002858       0xc2 ./FREE_RTOS/croutine.o
                0x00002858                vCoRoutineAddToDelayedList
 .text.prvCheckPendingReadyList
                0x0000291a       0x94 ./FREE_RTOS/croutine.o
 .text.prvCheckDelayedList
                0x000029ae      0x15c ./FREE_RTOS/croutine.o
 .text.vCoRoutineSchedule
                0x00002b0a       0xf4 ./FREE_RTOS/croutine.o
                0x00002b0a                vCoRoutineSchedule
 .text.prvInitialiseCoRoutineLists
                0x00002bfe       0x72 ./FREE_RTOS/croutine.o
 .text.xCoRoutineRemoveFromEventList
                0x00002c70       0x70 ./FREE_RTOS/croutine.o
                0x00002c70                xCoRoutineRemoveFromEventList
 .text.pvPortMalloc
                0x00002ce0       0x8c ./FREE_RTOS/heap_1.o
                0x00002ce0                pvPortMalloc
 .text.vPortFree
                0x00002d6c       0x18 ./FREE_RTOS/heap_1.o
                0x00002d6c                vPortFree
 .text.vPortInitialiseBlocks
                0x00002d84       0x16 ./FREE_RTOS/heap_1.o
                0x00002d84                vPortInitialiseBlocks
 .text.xPortGetFreeHeapSize
                0x00002d9a       0x1e ./FREE_RTOS/heap_1.o
                0x00002d9a                xPortGetFreeHeapSize
 .text.vListInitialise
                0x00002db8       0x54 ./FREE_RTOS/list.o
                0x00002db8                vListInitialise
 .text.vListInitialiseItem
                0x00002e0c       0x20 ./FREE_RTOS/list.o
                0x00002e0c                vListInitialiseItem
 .text.vListInsertEnd
                0x00002e2c       0x98 ./FREE_RTOS/list.o
                0x00002e2c                vListInsertEnd
 .text.vListInsert
                0x00002ec4       0xd8 ./FREE_RTOS/list.o
                0x00002ec4                vListInsert
 .text.vListRemove
                0x00002f9c       0x92 ./FREE_RTOS/list.o
                0x00002f9c                vListRemove
 .text.pxPortInitialiseStack
                0x0000302e      0x306 ./FREE_RTOS/port.o
                0x0000302e                pxPortInitialiseStack
 .text.xPortStartScheduler
                0x00003334       0x6a ./FREE_RTOS/port.o
                0x00003334                xPortStartScheduler
 .text.vPortEndScheduler
                0x0000339e        0xe ./FREE_RTOS/port.o
                0x0000339e                vPortEndScheduler
 .text.vPortYield
                0x000033ac       0xb2 ./FREE_RTOS/port.o
                0x000033ac                vPortYield
 .text.vPortYieldFromTick
                0x0000345e       0xb6 ./FREE_RTOS/port.o
                0x0000345e                vPortYieldFromTick
 .text.prvSetupTimerInterrupt
                0x00003514       0xb8 ./FREE_RTOS/port.o
 .text.__vector_7
                0x000035cc        0x6 ./FREE_RTOS/port.o
                0x000035cc                __vector_7
 .text.xQueueCreate
                0x000035d2      0x152 ./FREE_RTOS/queue.o
                0x000035d2                xQueueCreate
 .text.xQueueGenericSend
                0x00003724      0x13c ./FREE_RTOS/queue.o
                0x00003724                xQueueGenericSend
 .text.xQueueGenericSendFromISR
                0x00003860       0x9a ./FREE_RTOS/queue.o
                0x00003860                xQueueGenericSendFromISR
 .text.xQueueGenericReceive
                0x000038fa      0x180 ./FREE_RTOS/queue.o
                0x000038fa                xQueueGenericReceive
 .text.xQueueReceiveFromISR
                0x00003a7a       0x9e ./FREE_RTOS/queue.o
                0x00003a7a                xQueueReceiveFromISR
 .text.uxQueueMessagesWaiting
                0x00003b18       0x30 ./FREE_RTOS/queue.o
                0x00003b18                uxQueueMessagesWaiting
 .text.uxQueueMessagesWaitingFromISR
                0x00003b48       0x26 ./FREE_RTOS/queue.o
                0x00003b48                uxQueueMessagesWaitingFromISR
 .text.vQueueDelete
                0x00003b6e       0x2c ./FREE_RTOS/queue.o
                0x00003b6e                vQueueDelete
 .text.prvCopyDataToQueue
                0x00003b9a      0x12a ./FREE_RTOS/queue.o
 .text.prvCopyDataFromQueue
                0x00003cc4       0x90 ./FREE_RTOS/queue.o
 .text.prvUnlockQueue
                0x00003d54       0xa8 ./FREE_RTOS/queue.o
 .text.prvIsQueueEmpty
                0x00003dfc       0x38 ./FREE_RTOS/queue.o
 .text.xQueueIsQueueEmptyFromISR
                0x00003e34       0x2e ./FREE_RTOS/queue.o
                0x00003e34                xQueueIsQueueEmptyFromISR
 .text.prvIsQueueFull
                0x00003e62       0x3e ./FREE_RTOS/queue.o
 .text.xQueueIsQueueFullFromISR
                0x00003ea0       0x34 ./FREE_RTOS/queue.o
                0x00003ea0                xQueueIsQueueFullFromISR
 .text.xTaskGenericCreate
                0x00003ed4      0x1da ./FREE_RTOS/tasks.o
                0x00003ed4                xTaskGenericCreate
 .text.vTaskDelete
                0x000040ae       0xc6 ./FREE_RTOS/tasks.o
                0x000040ae                vTaskDelete
 .text.vTaskDelayUntil
                0x00004174       0xe8 ./FREE_RTOS/tasks.o
                0x00004174                vTaskDelayUntil
 .text.vTaskDelay
                0x0000425c       0x6a ./FREE_RTOS/tasks.o
                0x0000425c                vTaskDelay
 .text.vTaskStartScheduler
                0x000042c6       0x6e ./FREE_RTOS/tasks.o
                0x000042c6                vTaskStartScheduler
 .text.vTaskEndScheduler
                0x00004334       0x18 ./FREE_RTOS/tasks.o
                0x00004334                vTaskEndScheduler
 .text.vTaskSuspendAll
                0x0000434c       0x18 ./FREE_RTOS/tasks.o
                0x0000434c                vTaskSuspendAll
 .text.xTaskResumeAll
                0x00004364      0x114 ./FREE_RTOS/tasks.o
                0x00004364                xTaskResumeAll
 .text.xTaskGetTickCount
                0x00004478       0x2e ./FREE_RTOS/tasks.o
                0x00004478                xTaskGetTickCount
 .text.xTaskGetTickCountFromISR
                0x000044a6       0x2a ./FREE_RTOS/tasks.o
                0x000044a6                xTaskGetTickCountFromISR
 .text.uxTaskGetNumberOfTasks
                0x000044d0       0x12 ./FREE_RTOS/tasks.o
                0x000044d0                uxTaskGetNumberOfTasks
 .text.vTaskIncrementTick
                0x000044e2      0x1aa ./FREE_RTOS/tasks.o
                0x000044e2                vTaskIncrementTick
 .text.vTaskSwitchContext
                0x0000468c       0xcc ./FREE_RTOS/tasks.o
                0x0000468c                vTaskSwitchContext
 .text.vTaskPlaceOnEventList
                0x00004758       0x6c ./FREE_RTOS/tasks.o
                0x00004758                vTaskPlaceOnEventList
 .text.xTaskRemoveFromEventList
                0x000047c4       0xd0 ./FREE_RTOS/tasks.o
                0x000047c4                xTaskRemoveFromEventList
 .text.vTaskSetTimeOutState
                0x00004894       0x32 ./FREE_RTOS/tasks.o
                0x00004894                vTaskSetTimeOutState
 .text.xTaskCheckForTimeOut
                0x000048c6       0xba ./FREE_RTOS/tasks.o
                0x000048c6                xTaskCheckForTimeOut
 .text.vTaskMissedYield
                0x00004980       0x14 ./FREE_RTOS/tasks.o
                0x00004980                vTaskMissedYield
 .text.prvIdleTask
                0x00004994       0x14 ./FREE_RTOS/tasks.o
 .text.prvInitialiseTCBVariables
                0x000049a8       0xae ./FREE_RTOS/tasks.o
 .text.prvInitialiseTaskLists
                0x00004a56       0x7a ./FREE_RTOS/tasks.o
 .text.prvCheckTasksWaitingTermination
                0x00004ad0       0x7c ./FREE_RTOS/tasks.o
 .text.prvAddCurrentTaskToDelayedList
                0x00004b4c       0x92 ./FREE_RTOS/tasks.o
 .text.prvAllocateTCBAndStack
                0x00004bde       0xa0 ./FREE_RTOS/tasks.o
 .text.prvDeleteTCB
                0x00004c7e       0x2c ./FREE_RTOS/tasks.o
 .text.main     0x00004caa       0x16 ./main.o
                0x00004caa                main
 .text.libgcc   0x00004cc0        0x0 c:/users/mohamed karem/desktop/embedded/programs/imt_sdk_win_64/imt_sdk_win_64/winavr/bin/../lib/gcc/avr/4.3.3/avr5\libgcc.a(_exit.o)
 .text.libgcc   0x00004cc0        0x0 c:/users/mohamed karem/desktop/embedded/programs/imt_sdk_win_64/imt_sdk_win_64/winavr/bin/../lib/gcc/avr/4.3.3/avr5\libgcc.a(_copy_data.o)
 .text.libgcc   0x00004cc0        0x0 c:/users/mohamed karem/desktop/embedded/programs/imt_sdk_win_64/imt_sdk_win_64/winavr/bin/../lib/gcc/avr/4.3.3/avr5\libgcc.a(_clear_bss.o)
 .text.libgcc   0x00004cc0       0x38 c:/users/mohamed karem/desktop/embedded/programs/imt_sdk_win_64/imt_sdk_win_64/winavr/bin/../lib/gcc/avr/4.3.3/avr5\libgcc.a(_prologue.o)
                0x00004cc0                __prologue_saves__
 .text.libgcc   0x00004cf8       0x36 c:/users/mohamed karem/desktop/embedded/programs/imt_sdk_win_64/imt_sdk_win_64/winavr/bin/../lib/gcc/avr/4.3.3/avr5\libgcc.a(_epilogue.o)
                0x00004cf8                __epilogue_restores__
 .text.avr-libc
                0x00004d2e       0x12 c:/users/mohamed karem/desktop/embedded/programs/imt_sdk_win_64/imt_sdk_win_64/winavr/bin/../lib/gcc/avr/4.3.3/../../../../avr/lib/avr5\libc.a(memcpy.o)
                0x00004d2e                memcpy
 .text.avr-libc
                0x00004d40        0xe c:/users/mohamed karem/desktop/embedded/programs/imt_sdk_win_64/imt_sdk_win_64/winavr/bin/../lib/gcc/avr/4.3.3/../../../../avr/lib/avr5\libc.a(memset.o)
                0x00004d40                memset
 .text.avr-libc
                0x00004d4e       0x1e c:/users/mohamed karem/desktop/embedded/programs/imt_sdk_win_64/imt_sdk_win_64/winavr/bin/../lib/gcc/avr/4.3.3/../../../../avr/lib/avr5\libc.a(strncpy.o)
                0x00004d4e                strncpy
                0x00004d6c                . = ALIGN (0x2)
 *(.fini9)
 .fini9         0x00004d6c        0x0 c:/users/mohamed karem/desktop/embedded/programs/imt_sdk_win_64/imt_sdk_win_64/winavr/bin/../lib/gcc/avr/4.3.3/avr5\libgcc.a(_exit.o)
                0x00004d6c                exit
                0x00004d6c                _exit
 *(.fini9)
 *(.fini8)
 *(.fini8)
 *(.fini7)
 *(.fini7)
 *(.fini6)
 *(.fini6)
 *(.fini5)
 *(.fini5)
 *(.fini4)
 *(.fini4)
 *(.fini3)
 *(.fini3)
 *(.fini2)
 *(.fini2)
 *(.fini1)
 *(.fini1)
 *(.fini0)
 .fini0         0x00004d6c        0x4 c:/users/mohamed karem/desktop/embedded/programs/imt_sdk_win_64/imt_sdk_win_64/winavr/bin/../lib/gcc/avr/4.3.3/avr5\libgcc.a(_exit.o)
 *(.fini0)
                0x00004d70                _etext = .

.data           0x00800060       0x5e load address 0x00004d70
                0x00800060                PROVIDE (__data_start, .)
 *(.data)
 .data          0x00800060        0x0 c:/users/mohamed karem/desktop/embedded/programs/imt_sdk_win_64/imt_sdk_win_64/winavr/bin/../lib/gcc/avr/4.3.3/../../../../avr/lib/avr5/crtm32.o
 .data          0x00800060        0x0 ./app/anims.o
 .data          0x00800060        0x0 ./app/blinkled.o
 .data          0x00800060        0x0 ./app/lab1.o
 .data          0x00800060       0x18 ./app/lab2.o
 .data          0x00800078       0x18 ./app/lab22.o
 .data          0x00800090       0x12 ./app/lab3.o
 .data          0x008000a2        0x5 ./app/lcd.o
 .data          0x008000a7        0x0 ./app/stepper.o
 .data          0x008000a7        0x0 ./app/testDIO.o
 .data          0x008000a7        0x0 ./MCAL/EXTI/EXTI_program.o
 .data          0x008000a7        0x0 ./MCAL/DIO_driver/DIO_program.o
 .data          0x008000a7        0x0 ./HAL/LCD_driver/LCD_program.o
 .data          0x008000a7        0x0 ./FREE_RTOS/croutine.o
 .data          0x008000a7        0x0 ./FREE_RTOS/heap_1.o
 .data          0x008000a7        0x0 ./FREE_RTOS/list.o
 .data          0x008000a7        0x0 ./FREE_RTOS/port.o
 .data          0x008000a7        0x0 ./FREE_RTOS/queue.o
 .data          0x008000a7        0x5 ./FREE_RTOS/tasks.o
 .data          0x008000ac        0x0 ./FREE_RTOS/timers.o
 .data          0x008000ac        0x0 ./main.o
 .data          0x008000ac        0x0 c:/users/mohamed karem/desktop/embedded/programs/imt_sdk_win_64/imt_sdk_win_64/winavr/bin/../lib/gcc/avr/4.3.3/avr5\libgcc.a(_exit.o)
 .data          0x008000ac        0x0 c:/users/mohamed karem/desktop/embedded/programs/imt_sdk_win_64/imt_sdk_win_64/winavr/bin/../lib/gcc/avr/4.3.3/avr5\libgcc.a(_copy_data.o)
 .data          0x008000ac        0x0 c:/users/mohamed karem/desktop/embedded/programs/imt_sdk_win_64/imt_sdk_win_64/winavr/bin/../lib/gcc/avr/4.3.3/avr5\libgcc.a(_clear_bss.o)
 .data          0x008000ac        0x0 c:/users/mohamed karem/desktop/embedded/programs/imt_sdk_win_64/imt_sdk_win_64/winavr/bin/../lib/gcc/avr/4.3.3/avr5\libgcc.a(_fixunssfsi.o)
 .data          0x008000ac        0x0 c:/users/mohamed karem/desktop/embedded/programs/imt_sdk_win_64/imt_sdk_win_64/winavr/bin/../lib/gcc/avr/4.3.3/avr5\libgcc.a(_addsub_sf.o)
 .data          0x008000ac        0x0 c:/users/mohamed karem/desktop/embedded/programs/imt_sdk_win_64/imt_sdk_win_64/winavr/bin/../lib/gcc/avr/4.3.3/avr5\libgcc.a(_mul_sf.o)
 .data          0x008000ac        0x0 c:/users/mohamed karem/desktop/embedded/programs/imt_sdk_win_64/imt_sdk_win_64/winavr/bin/../lib/gcc/avr/4.3.3/avr5\libgcc.a(_gt_sf.o)
 .data          0x008000ac        0x0 c:/users/mohamed karem/desktop/embedded/programs/imt_sdk_win_64/imt_sdk_win_64/winavr/bin/../lib/gcc/avr/4.3.3/avr5\libgcc.a(_ge_sf.o)
 .data          0x008000ac        0x0 c:/users/mohamed karem/desktop/embedded/programs/imt_sdk_win_64/imt_sdk_win_64/winavr/bin/../lib/gcc/avr/4.3.3/avr5\libgcc.a(_lt_sf.o)
 .data          0x008000ac        0x0 c:/users/mohamed karem/desktop/embedded/programs/imt_sdk_win_64/imt_sdk_win_64/winavr/bin/../lib/gcc/avr/4.3.3/avr5\libgcc.a(_sf_to_si.o)
 .data          0x008000ac        0x8 c:/users/mohamed karem/desktop/embedded/programs/imt_sdk_win_64/imt_sdk_win_64/winavr/bin/../lib/gcc/avr/4.3.3/avr5\libgcc.a(_thenan_sf.o)
                0x008000ac                __thenan_sf
 .data          0x008000b4        0x0 c:/users/mohamed karem/desktop/embedded/programs/imt_sdk_win_64/imt_sdk_win_64/winavr/bin/../lib/gcc/avr/4.3.3/avr5\libgcc.a(_prologue.o)
 .data          0x008000b4        0x0 c:/users/mohamed karem/desktop/embedded/programs/imt_sdk_win_64/imt_sdk_win_64/winavr/bin/../lib/gcc/avr/4.3.3/avr5\libgcc.a(_epilogue.o)
 .data          0x008000b4        0x0 c:/users/mohamed karem/desktop/embedded/programs/imt_sdk_win_64/imt_sdk_win_64/winavr/bin/../lib/gcc/avr/4.3.3/avr5\libgcc.a(_pack_sf.o)
 .data          0x008000b4        0x0 c:/users/mohamed karem/desktop/embedded/programs/imt_sdk_win_64/imt_sdk_win_64/winavr/bin/../lib/gcc/avr/4.3.3/avr5\libgcc.a(_unpack_sf.o)
 .data          0x008000b4        0x0 c:/users/mohamed karem/desktop/embedded/programs/imt_sdk_win_64/imt_sdk_win_64/winavr/bin/../lib/gcc/avr/4.3.3/avr5\libgcc.a(_fpcmp_parts_sf.o)
 .data          0x008000b4        0x0 c:/users/mohamed karem/desktop/embedded/programs/imt_sdk_win_64/imt_sdk_win_64/winavr/bin/../lib/gcc/avr/4.3.3/../../../../avr/lib/avr5\libc.a(memcpy.o)
 .data          0x008000b4        0x0 c:/users/mohamed karem/desktop/embedded/programs/imt_sdk_win_64/imt_sdk_win_64/winavr/bin/../lib/gcc/avr/4.3.3/../../../../avr/lib/avr5\libc.a(memset.o)
 .data          0x008000b4        0x0 c:/users/mohamed karem/desktop/embedded/programs/imt_sdk_win_64/imt_sdk_win_64/winavr/bin/../lib/gcc/avr/4.3.3/../../../../avr/lib/avr5\libc.a(strncpy.o)
 *(.data*)
 .data.xNextTaskUnblockTime
                0x008000b4        0x2 ./FREE_RTOS/tasks.o
 *(.rodata)
 *(.rodata*)
 .rodata.C.0.1288
                0x008000b6        0x8 ./app/anims.o
 *(.gnu.linkonce.d*)
                0x008000be                . = ALIGN (0x2)
                0x008000be                _edata = .
                0x008000be                PROVIDE (__data_end, .)

.bss            0x008000be      0x323
                0x008000be                PROVIDE (__bss_start, .)
 *(.bss)
 .bss           0x008000be        0x0 c:/users/mohamed karem/desktop/embedded/programs/imt_sdk_win_64/imt_sdk_win_64/winavr/bin/../lib/gcc/avr/4.3.3/../../../../avr/lib/avr5/crtm32.o
 .bss           0x008000be        0x0 ./app/anims.o
 .bss           0x008000be        0x0 ./app/blinkled.o
 .bss           0x008000be        0x0 ./app/lab1.o
 .bss           0x008000be        0x0 ./app/lab2.o
 .bss           0x008000be        0x0 ./app/lab22.o
 .bss           0x008000be        0x0 ./app/lab3.o
 .bss           0x008000be        0x0 ./app/lcd.o
 .bss           0x008000be        0x0 ./app/stepper.o
 .bss           0x008000be        0x0 ./app/testDIO.o
 .bss           0x008000be        0x0 ./MCAL/EXTI/EXTI_program.o
 .bss           0x008000be        0x0 ./MCAL/DIO_driver/DIO_program.o
 .bss           0x008000be        0x0 ./HAL/LCD_driver/LCD_program.o
 .bss           0x008000be        0x0 ./FREE_RTOS/croutine.o
 .bss           0x008000be        0x0 ./FREE_RTOS/heap_1.o
 .bss           0x008000be        0x0 ./FREE_RTOS/list.o
 .bss           0x008000be        0x0 ./FREE_RTOS/port.o
 .bss           0x008000be        0x0 ./FREE_RTOS/queue.o
 .bss           0x008000be        0x0 ./FREE_RTOS/tasks.o
 .bss           0x008000be        0x0 ./FREE_RTOS/timers.o
 .bss           0x008000be        0x0 ./main.o
 .bss           0x008000be        0x0 c:/users/mohamed karem/desktop/embedded/programs/imt_sdk_win_64/imt_sdk_win_64/winavr/bin/../lib/gcc/avr/4.3.3/avr5\libgcc.a(_exit.o)
 .bss           0x008000be        0x0 c:/users/mohamed karem/desktop/embedded/programs/imt_sdk_win_64/imt_sdk_win_64/winavr/bin/../lib/gcc/avr/4.3.3/avr5\libgcc.a(_copy_data.o)
 .bss           0x008000be        0x0 c:/users/mohamed karem/desktop/embedded/programs/imt_sdk_win_64/imt_sdk_win_64/winavr/bin/../lib/gcc/avr/4.3.3/avr5\libgcc.a(_clear_bss.o)
 .bss           0x008000be        0x0 c:/users/mohamed karem/desktop/embedded/programs/imt_sdk_win_64/imt_sdk_win_64/winavr/bin/../lib/gcc/avr/4.3.3/avr5\libgcc.a(_fixunssfsi.o)
 .bss           0x008000be        0x0 c:/users/mohamed karem/desktop/embedded/programs/imt_sdk_win_64/imt_sdk_win_64/winavr/bin/../lib/gcc/avr/4.3.3/avr5\libgcc.a(_addsub_sf.o)
 .bss           0x008000be        0x0 c:/users/mohamed karem/desktop/embedded/programs/imt_sdk_win_64/imt_sdk_win_64/winavr/bin/../lib/gcc/avr/4.3.3/avr5\libgcc.a(_mul_sf.o)
 .bss           0x008000be        0x0 c:/users/mohamed karem/desktop/embedded/programs/imt_sdk_win_64/imt_sdk_win_64/winavr/bin/../lib/gcc/avr/4.3.3/avr5\libgcc.a(_gt_sf.o)
 .bss           0x008000be        0x0 c:/users/mohamed karem/desktop/embedded/programs/imt_sdk_win_64/imt_sdk_win_64/winavr/bin/../lib/gcc/avr/4.3.3/avr5\libgcc.a(_ge_sf.o)
 .bss           0x008000be        0x0 c:/users/mohamed karem/desktop/embedded/programs/imt_sdk_win_64/imt_sdk_win_64/winavr/bin/../lib/gcc/avr/4.3.3/avr5\libgcc.a(_lt_sf.o)
 .bss           0x008000be        0x0 c:/users/mohamed karem/desktop/embedded/programs/imt_sdk_win_64/imt_sdk_win_64/winavr/bin/../lib/gcc/avr/4.3.3/avr5\libgcc.a(_sf_to_si.o)
 .bss           0x008000be        0x0 c:/users/mohamed karem/desktop/embedded/programs/imt_sdk_win_64/imt_sdk_win_64/winavr/bin/../lib/gcc/avr/4.3.3/avr5\libgcc.a(_thenan_sf.o)
 .bss           0x008000be        0x0 c:/users/mohamed karem/desktop/embedded/programs/imt_sdk_win_64/imt_sdk_win_64/winavr/bin/../lib/gcc/avr/4.3.3/avr5\libgcc.a(_prologue.o)
 .bss           0x008000be        0x0 c:/users/mohamed karem/desktop/embedded/programs/imt_sdk_win_64/imt_sdk_win_64/winavr/bin/../lib/gcc/avr/4.3.3/avr5\libgcc.a(_epilogue.o)
 .bss           0x008000be        0x0 c:/users/mohamed karem/desktop/embedded/programs/imt_sdk_win_64/imt_sdk_win_64/winavr/bin/../lib/gcc/avr/4.3.3/avr5\libgcc.a(_pack_sf.o)
 .bss           0x008000be        0x0 c:/users/mohamed karem/desktop/embedded/programs/imt_sdk_win_64/imt_sdk_win_64/winavr/bin/../lib/gcc/avr/4.3.3/avr5\libgcc.a(_unpack_sf.o)
 .bss           0x008000be        0x0 c:/users/mohamed karem/desktop/embedded/programs/imt_sdk_win_64/imt_sdk_win_64/winavr/bin/../lib/gcc/avr/4.3.3/avr5\libgcc.a(_fpcmp_parts_sf.o)
 .bss           0x008000be        0x0 c:/users/mohamed karem/desktop/embedded/programs/imt_sdk_win_64/imt_sdk_win_64/winavr/bin/../lib/gcc/avr/4.3.3/../../../../avr/lib/avr5\libc.a(memcpy.o)
 .bss           0x008000be        0x0 c:/users/mohamed karem/desktop/embedded/programs/imt_sdk_win_64/imt_sdk_win_64/winavr/bin/../lib/gcc/avr/4.3.3/../../../../avr/lib/avr5\libc.a(memset.o)
 .bss           0x008000be        0x0 c:/users/mohamed karem/desktop/embedded/programs/imt_sdk_win_64/imt_sdk_win_64/winavr/bin/../lib/gcc/avr/4.3.3/../../../../avr/lib/avr5\libc.a(strncpy.o)
 *(.bss*)
 .bss.binarysemaphore
                0x008000be        0x2 ./app/lab22.o
                0x008000be                binarysemaphore
 .bss.task_sync_sem
                0x008000c0        0x2 ./app/lab3.o
                0x008000c0                task_sync_sem
 .bss.EXTI_INT0func
                0x008000c2        0x2 ./MCAL/EXTI/EXTI_program.o
                0x008000c2                EXTI_INT0func
 .bss.EXTI_INT1func
                0x008000c4        0x2 ./MCAL/EXTI/EXTI_program.o
                0x008000c4                EXTI_INT1func
 .bss.pxCurrentCoRoutine
                0x008000c6        0x2 ./FREE_RTOS/croutine.o
                0x008000c6                pxCurrentCoRoutine
 .bss.uxTopCoRoutineReadyPriority
                0x008000c8        0x1 ./FREE_RTOS/croutine.o
 .bss.xCoRoutineTickCount
                0x008000c9        0x2 ./FREE_RTOS/croutine.o
 .bss.xLastTickCount
                0x008000cb        0x2 ./FREE_RTOS/croutine.o
 .bss.xPassedTicks
                0x008000cd        0x2 ./FREE_RTOS/croutine.o
 .bss.pxReadyCoRoutineLists
                0x008000cf       0x12 ./FREE_RTOS/croutine.o
 .bss.xDelayedCoRoutineList1
                0x008000e1        0x9 ./FREE_RTOS/croutine.o
 .bss.xDelayedCoRoutineList2
                0x008000ea        0x9 ./FREE_RTOS/croutine.o
 .bss.pxDelayedCoRoutineList
                0x008000f3        0x2 ./FREE_RTOS/croutine.o
 .bss.pxOverflowDelayedCoRoutineList
                0x008000f5        0x2 ./FREE_RTOS/croutine.o
 .bss.xPendingReadyCoRoutineList
                0x008000f7        0x9 ./FREE_RTOS/croutine.o
 .bss.xNextFreeByte
                0x00800100        0x2 ./FREE_RTOS/heap_1.o
 .bss.xHeap     0x00800102      0x258 ./FREE_RTOS/heap_1.o
 .bss.pxCurrentTCB
                0x0080035a        0x2 ./FREE_RTOS/tasks.o
                0x0080035a                pxCurrentTCB
 .bss.uxTasksDeleted
                0x0080035c        0x1 ./FREE_RTOS/tasks.o
 .bss.uxCurrentNumberOfTasks
                0x0080035d        0x1 ./FREE_RTOS/tasks.o
 .bss.xTickCount
                0x0080035e        0x2 ./FREE_RTOS/tasks.o
 .bss.uxTopUsedPriority
                0x00800360        0x1 ./FREE_RTOS/tasks.o
 .bss.uxTopReadyPriority
                0x00800361        0x1 ./FREE_RTOS/tasks.o
 .bss.xSchedulerRunning
                0x00800362        0x1 ./FREE_RTOS/tasks.o
 .bss.uxSchedulerSuspended
                0x00800363        0x1 ./FREE_RTOS/tasks.o
 .bss.uxMissedTicks
                0x00800364        0x1 ./FREE_RTOS/tasks.o
 .bss.xMissedYield
                0x00800365        0x1 ./FREE_RTOS/tasks.o
 .bss.xNumOfOverflows
                0x00800366        0x1 ./FREE_RTOS/tasks.o
 .bss.uxTaskNumber
                0x00800367        0x1 ./FREE_RTOS/tasks.o
 .bss.pxReadyTasksLists
                0x00800368       0x51 ./FREE_RTOS/tasks.o
 .bss.xDelayedTaskList1
                0x008003b9        0x9 ./FREE_RTOS/tasks.o
 .bss.xDelayedTaskList2
                0x008003c2        0x9 ./FREE_RTOS/tasks.o
 .bss.pxDelayedTaskList
                0x008003cb        0x2 ./FREE_RTOS/tasks.o
 .bss.pxOverflowDelayedTaskList
                0x008003cd        0x2 ./FREE_RTOS/tasks.o
 .bss.xPendingReadyList
                0x008003cf        0x9 ./FREE_RTOS/tasks.o
 .bss.xTasksWaitingTermination
                0x008003d8        0x9 ./FREE_RTOS/tasks.o
 *(COMMON)
                0x008003e1                PROVIDE (__bss_end, .)
                0x00004d70                __data_load_start = LOADADDR (.data)
                0x00004dce                __data_load_end = (__data_load_start + SIZEOF (.data))

.noinit         0x008003e1        0x0
                0x008003e1                PROVIDE (__noinit_start, .)
 *(.noinit*)
                0x008003e1                PROVIDE (__noinit_end, .)
                0x008003e1                _end = .
                0x008003e1                PROVIDE (__heap_start, .)

.eeprom         0x00810000        0x0
 *(.eeprom*)
                0x00810000                __eeprom_end = .

.fuse
 *(.fuse)
 *(.lfuse)
 *(.hfuse)
 *(.efuse)

.lock
 *(.lock*)

.signature
 *(.signature*)

.stab           0x00000000     0x6c54
 *(.stab)
 .stab          0x00000000      0x6d8 ./app/anims.o
 .stab          0x000006d8      0x2e8 ./app/blinkled.o
                                0x4ec (size before relaxing)
 .stab          0x000009c0      0x414 ./app/lab1.o
                                0x60c (size before relaxing)
 .stab          0x00000dd4      0x318 ./app/lab2.o
                                0x684 (size before relaxing)
 .stab          0x000010ec      0x2f4 ./app/lab22.o
                                0x660 (size before relaxing)
 .stab          0x000013e0      0x318 ./app/lab3.o
                                0x6b4 (size before relaxing)
 .stab          0x000016f8      0x27c ./app/lcd.o
                                0x480 (size before relaxing)
 .stab          0x00001974      0x120 ./app/stepper.o
                                0x324 (size before relaxing)
 .stab          0x00001a94      0x120 ./app/testDIO.o
                                0x348 (size before relaxing)
 .stab          0x00001bb4      0x384 ./MCAL/EXTI/EXTI_program.o
                                0x390 (size before relaxing)
 .stab          0x00001f38      0x4bc ./MCAL/DIO_driver/DIO_program.o
                                0x4c8 (size before relaxing)
 .stab          0x000023f4      0x804 ./HAL/LCD_driver/LCD_program.o
                                0x99c (size before relaxing)
 .stab          0x00002bf8      0x954 ./FREE_RTOS/croutine.o
                                0xb40 (size before relaxing)
 .stab          0x0000354c      0x354 ./FREE_RTOS/heap_1.o
                                0x624 (size before relaxing)
 .stab          0x000038a0      0x474 ./FREE_RTOS/list.o
                                0x750 (size before relaxing)
 .stab          0x00003d14      0x840 ./FREE_RTOS/port.o
                                0xb70 (size before relaxing)
 .stab          0x00004554      0xe94 ./FREE_RTOS/queue.o
                               0x11d0 (size before relaxing)
 .stab          0x000053e8     0x1578 ./FREE_RTOS/tasks.o
                               0x17d0 (size before relaxing)
 .stab          0x00006960      0x1c8 ./FREE_RTOS/timers.o
                                0x4c8 (size before relaxing)
 .stab          0x00006b28      0x12c ./main.o
                                0x138 (size before relaxing)

.stabstr        0x00000000     0x3b26
 *(.stabstr)
 .stabstr       0x00000000     0x3b26 ./app/anims.o

.stab.excl
 *(.stab.excl)

.stab.exclstr
 *(.stab.exclstr)

.stab.index
 *(.stab.index)

.stab.indexstr
 *(.stab.indexstr)

.comment
 *(.comment)

.debug
 *(.debug)

.line
 *(.line)

.debug_srcinfo
 *(.debug_srcinfo)

.debug_sfnames
 *(.debug_sfnames)

.debug_aranges  0x00000000      0x140
 *(.debug_aranges)
 .debug_aranges
                0x00000000       0x20 c:/users/mohamed karem/desktop/embedded/programs/imt_sdk_win_64/imt_sdk_win_64/winavr/bin/../lib/gcc/avr/4.3.3/avr5\libgcc.a(_fixunssfsi.o)
 .debug_aranges
                0x00000020       0x20 c:/users/mohamed karem/desktop/embedded/programs/imt_sdk_win_64/imt_sdk_win_64/winavr/bin/../lib/gcc/avr/4.3.3/avr5\libgcc.a(_addsub_sf.o)
 .debug_aranges
                0x00000040       0x20 c:/users/mohamed karem/desktop/embedded/programs/imt_sdk_win_64/imt_sdk_win_64/winavr/bin/../lib/gcc/avr/4.3.3/avr5\libgcc.a(_mul_sf.o)
 .debug_aranges
                0x00000060       0x20 c:/users/mohamed karem/desktop/embedded/programs/imt_sdk_win_64/imt_sdk_win_64/winavr/bin/../lib/gcc/avr/4.3.3/avr5\libgcc.a(_gt_sf.o)
 .debug_aranges
                0x00000080       0x20 c:/users/mohamed karem/desktop/embedded/programs/imt_sdk_win_64/imt_sdk_win_64/winavr/bin/../lib/gcc/avr/4.3.3/avr5\libgcc.a(_ge_sf.o)
 .debug_aranges
                0x000000a0       0x20 c:/users/mohamed karem/desktop/embedded/programs/imt_sdk_win_64/imt_sdk_win_64/winavr/bin/../lib/gcc/avr/4.3.3/avr5\libgcc.a(_lt_sf.o)
 .debug_aranges
                0x000000c0       0x20 c:/users/mohamed karem/desktop/embedded/programs/imt_sdk_win_64/imt_sdk_win_64/winavr/bin/../lib/gcc/avr/4.3.3/avr5\libgcc.a(_sf_to_si.o)
 .debug_aranges
                0x000000e0       0x20 c:/users/mohamed karem/desktop/embedded/programs/imt_sdk_win_64/imt_sdk_win_64/winavr/bin/../lib/gcc/avr/4.3.3/avr5\libgcc.a(_pack_sf.o)
 .debug_aranges
                0x00000100       0x20 c:/users/mohamed karem/desktop/embedded/programs/imt_sdk_win_64/imt_sdk_win_64/winavr/bin/../lib/gcc/avr/4.3.3/avr5\libgcc.a(_unpack_sf.o)
 .debug_aranges
                0x00000120       0x20 c:/users/mohamed karem/desktop/embedded/programs/imt_sdk_win_64/imt_sdk_win_64/winavr/bin/../lib/gcc/avr/4.3.3/avr5\libgcc.a(_fpcmp_parts_sf.o)

.debug_pubnames
                0x00000000      0x170
 *(.debug_pubnames)
 .debug_pubnames
                0x00000000       0x23 c:/users/mohamed karem/desktop/embedded/programs/imt_sdk_win_64/imt_sdk_win_64/winavr/bin/../lib/gcc/avr/4.3.3/avr5\libgcc.a(_fixunssfsi.o)
 .debug_pubnames
                0x00000023       0x2c c:/users/mohamed karem/desktop/embedded/programs/imt_sdk_win_64/imt_sdk_win_64/winavr/bin/../lib/gcc/avr/4.3.3/avr5\libgcc.a(_addsub_sf.o)
 .debug_pubnames
                0x0000004f       0x1f c:/users/mohamed karem/desktop/embedded/programs/imt_sdk_win_64/imt_sdk_win_64/winavr/bin/../lib/gcc/avr/4.3.3/avr5\libgcc.a(_mul_sf.o)
 .debug_pubnames
                0x0000006e       0x1e c:/users/mohamed karem/desktop/embedded/programs/imt_sdk_win_64/imt_sdk_win_64/winavr/bin/../lib/gcc/avr/4.3.3/avr5\libgcc.a(_gt_sf.o)
 .debug_pubnames
                0x0000008c       0x1e c:/users/mohamed karem/desktop/embedded/programs/imt_sdk_win_64/imt_sdk_win_64/winavr/bin/../lib/gcc/avr/4.3.3/avr5\libgcc.a(_ge_sf.o)
 .debug_pubnames
                0x000000aa       0x1e c:/users/mohamed karem/desktop/embedded/programs/imt_sdk_win_64/imt_sdk_win_64/winavr/bin/../lib/gcc/avr/4.3.3/avr5\libgcc.a(_lt_sf.o)
 .debug_pubnames
                0x000000c8       0x20 c:/users/mohamed karem/desktop/embedded/programs/imt_sdk_win_64/imt_sdk_win_64/winavr/bin/../lib/gcc/avr/4.3.3/avr5\libgcc.a(_sf_to_si.o)
 .debug_pubnames
                0x000000e8       0x22 c:/users/mohamed karem/desktop/embedded/programs/imt_sdk_win_64/imt_sdk_win_64/winavr/bin/../lib/gcc/avr/4.3.3/avr5\libgcc.a(_thenan_sf.o)
 .debug_pubnames
                0x0000010a       0x1f c:/users/mohamed karem/desktop/embedded/programs/imt_sdk_win_64/imt_sdk_win_64/winavr/bin/../lib/gcc/avr/4.3.3/avr5\libgcc.a(_pack_sf.o)
 .debug_pubnames
                0x00000129       0x21 c:/users/mohamed karem/desktop/embedded/programs/imt_sdk_win_64/imt_sdk_win_64/winavr/bin/../lib/gcc/avr/4.3.3/avr5\libgcc.a(_unpack_sf.o)
 .debug_pubnames
                0x0000014a       0x26 c:/users/mohamed karem/desktop/embedded/programs/imt_sdk_win_64/imt_sdk_win_64/winavr/bin/../lib/gcc/avr/4.3.3/avr5\libgcc.a(_fpcmp_parts_sf.o)

.debug_info     0x00000000     0x1c49
 *(.debug_info)
 .debug_info    0x00000000       0xb1 c:/users/mohamed karem/desktop/embedded/programs/imt_sdk_win_64/imt_sdk_win_64/winavr/bin/../lib/gcc/avr/4.3.3/avr5\libgcc.a(_fixunssfsi.o)
 .debug_info    0x000000b1      0x47a c:/users/mohamed karem/desktop/embedded/programs/imt_sdk_win_64/imt_sdk_win_64/winavr/bin/../lib/gcc/avr/4.3.3/avr5\libgcc.a(_addsub_sf.o)
 .debug_info    0x0000052b      0x485 c:/users/mohamed karem/desktop/embedded/programs/imt_sdk_win_64/imt_sdk_win_64/winavr/bin/../lib/gcc/avr/4.3.3/avr5\libgcc.a(_mul_sf.o)
 .debug_info    0x000009b0      0x27f c:/users/mohamed karem/desktop/embedded/programs/imt_sdk_win_64/imt_sdk_win_64/winavr/bin/../lib/gcc/avr/4.3.3/avr5\libgcc.a(_gt_sf.o)
 .debug_info    0x00000c2f      0x27f c:/users/mohamed karem/desktop/embedded/programs/imt_sdk_win_64/imt_sdk_win_64/winavr/bin/../lib/gcc/avr/4.3.3/avr5\libgcc.a(_ge_sf.o)
 .debug_info    0x00000eae      0x27f c:/users/mohamed karem/desktop/embedded/programs/imt_sdk_win_64/imt_sdk_win_64/winavr/bin/../lib/gcc/avr/4.3.3/avr5\libgcc.a(_lt_sf.o)
 .debug_info    0x0000112d      0x2b0 c:/users/mohamed karem/desktop/embedded/programs/imt_sdk_win_64/imt_sdk_win_64/winavr/bin/../lib/gcc/avr/4.3.3/avr5\libgcc.a(_sf_to_si.o)
 .debug_info    0x000013dd      0x12c c:/users/mohamed karem/desktop/embedded/programs/imt_sdk_win_64/imt_sdk_win_64/winavr/bin/../lib/gcc/avr/4.3.3/avr5\libgcc.a(_thenan_sf.o)
 .debug_info    0x00001509      0x2df c:/users/mohamed karem/desktop/embedded/programs/imt_sdk_win_64/imt_sdk_win_64/winavr/bin/../lib/gcc/avr/4.3.3/avr5\libgcc.a(_pack_sf.o)
 .debug_info    0x000017e8      0x251 c:/users/mohamed karem/desktop/embedded/programs/imt_sdk_win_64/imt_sdk_win_64/winavr/bin/../lib/gcc/avr/4.3.3/avr5\libgcc.a(_unpack_sf.o)
 .debug_info    0x00001a39      0x210 c:/users/mohamed karem/desktop/embedded/programs/imt_sdk_win_64/imt_sdk_win_64/winavr/bin/../lib/gcc/avr/4.3.3/avr5\libgcc.a(_fpcmp_parts_sf.o)
 *(.gnu.linkonce.wi.*)

.debug_abbrev   0x00000000      0xeeb
 *(.debug_abbrev)
 .debug_abbrev  0x00000000       0x5d c:/users/mohamed karem/desktop/embedded/programs/imt_sdk_win_64/imt_sdk_win_64/winavr/bin/../lib/gcc/avr/4.3.3/avr5\libgcc.a(_fixunssfsi.o)
 .debug_abbrev  0x0000005d      0x1ea c:/users/mohamed karem/desktop/embedded/programs/imt_sdk_win_64/imt_sdk_win_64/winavr/bin/../lib/gcc/avr/4.3.3/avr5\libgcc.a(_addsub_sf.o)
 .debug_abbrev  0x00000247      0x21b c:/users/mohamed karem/desktop/embedded/programs/imt_sdk_win_64/imt_sdk_win_64/winavr/bin/../lib/gcc/avr/4.3.3/avr5\libgcc.a(_mul_sf.o)
 .debug_abbrev  0x00000462      0x15a c:/users/mohamed karem/desktop/embedded/programs/imt_sdk_win_64/imt_sdk_win_64/winavr/bin/../lib/gcc/avr/4.3.3/avr5\libgcc.a(_gt_sf.o)
 .debug_abbrev  0x000005bc      0x15a c:/users/mohamed karem/desktop/embedded/programs/imt_sdk_win_64/imt_sdk_win_64/winavr/bin/../lib/gcc/avr/4.3.3/avr5\libgcc.a(_ge_sf.o)
 .debug_abbrev  0x00000716      0x15a c:/users/mohamed karem/desktop/embedded/programs/imt_sdk_win_64/imt_sdk_win_64/winavr/bin/../lib/gcc/avr/4.3.3/avr5\libgcc.a(_lt_sf.o)
 .debug_abbrev  0x00000870      0x17f c:/users/mohamed karem/desktop/embedded/programs/imt_sdk_win_64/imt_sdk_win_64/winavr/bin/../lib/gcc/avr/4.3.3/avr5\libgcc.a(_sf_to_si.o)
 .debug_abbrev  0x000009ef       0xad c:/users/mohamed karem/desktop/embedded/programs/imt_sdk_win_64/imt_sdk_win_64/winavr/bin/../lib/gcc/avr/4.3.3/avr5\libgcc.a(_thenan_sf.o)
 .debug_abbrev  0x00000a9c      0x1c0 c:/users/mohamed karem/desktop/embedded/programs/imt_sdk_win_64/imt_sdk_win_64/winavr/bin/../lib/gcc/avr/4.3.3/avr5\libgcc.a(_pack_sf.o)
 .debug_abbrev  0x00000c5c      0x154 c:/users/mohamed karem/desktop/embedded/programs/imt_sdk_win_64/imt_sdk_win_64/winavr/bin/../lib/gcc/avr/4.3.3/avr5\libgcc.a(_unpack_sf.o)
 .debug_abbrev  0x00000db0      0x13b c:/users/mohamed karem/desktop/embedded/programs/imt_sdk_win_64/imt_sdk_win_64/winavr/bin/../lib/gcc/avr/4.3.3/avr5\libgcc.a(_fpcmp_parts_sf.o)

.debug_line     0x00000000      0xdad
 *(.debug_line)
 .debug_line    0x00000000       0xa7 c:/users/mohamed karem/desktop/embedded/programs/imt_sdk_win_64/imt_sdk_win_64/winavr/bin/../lib/gcc/avr/4.3.3/avr5\libgcc.a(_fixunssfsi.o)
 .debug_line    0x000000a7      0x2af c:/users/mohamed karem/desktop/embedded/programs/imt_sdk_win_64/imt_sdk_win_64/winavr/bin/../lib/gcc/avr/4.3.3/avr5\libgcc.a(_addsub_sf.o)
 .debug_line    0x00000356      0x239 c:/users/mohamed karem/desktop/embedded/programs/imt_sdk_win_64/imt_sdk_win_64/winavr/bin/../lib/gcc/avr/4.3.3/avr5\libgcc.a(_mul_sf.o)
 .debug_line    0x0000058f       0xd3 c:/users/mohamed karem/desktop/embedded/programs/imt_sdk_win_64/imt_sdk_win_64/winavr/bin/../lib/gcc/avr/4.3.3/avr5\libgcc.a(_gt_sf.o)
 .debug_line    0x00000662       0xd3 c:/users/mohamed karem/desktop/embedded/programs/imt_sdk_win_64/imt_sdk_win_64/winavr/bin/../lib/gcc/avr/4.3.3/avr5\libgcc.a(_ge_sf.o)
 .debug_line    0x00000735       0xd3 c:/users/mohamed karem/desktop/embedded/programs/imt_sdk_win_64/imt_sdk_win_64/winavr/bin/../lib/gcc/avr/4.3.3/avr5\libgcc.a(_lt_sf.o)
 .debug_line    0x00000808      0x109 c:/users/mohamed karem/desktop/embedded/programs/imt_sdk_win_64/imt_sdk_win_64/winavr/bin/../lib/gcc/avr/4.3.3/avr5\libgcc.a(_sf_to_si.o)
 .debug_line    0x00000911       0x90 c:/users/mohamed karem/desktop/embedded/programs/imt_sdk_win_64/imt_sdk_win_64/winavr/bin/../lib/gcc/avr/4.3.3/avr5\libgcc.a(_thenan_sf.o)
 .debug_line    0x000009a1      0x18a c:/users/mohamed karem/desktop/embedded/programs/imt_sdk_win_64/imt_sdk_win_64/winavr/bin/../lib/gcc/avr/4.3.3/avr5\libgcc.a(_pack_sf.o)
 .debug_line    0x00000b2b      0x14b c:/users/mohamed karem/desktop/embedded/programs/imt_sdk_win_64/imt_sdk_win_64/winavr/bin/../lib/gcc/avr/4.3.3/avr5\libgcc.a(_unpack_sf.o)
 .debug_line    0x00000c76      0x137 c:/users/mohamed karem/desktop/embedded/programs/imt_sdk_win_64/imt_sdk_win_64/winavr/bin/../lib/gcc/avr/4.3.3/avr5\libgcc.a(_fpcmp_parts_sf.o)

.debug_frame    0x00000000      0x160
 *(.debug_frame)
 .debug_frame   0x00000000       0x20 c:/users/mohamed karem/desktop/embedded/programs/imt_sdk_win_64/imt_sdk_win_64/winavr/bin/../lib/gcc/avr/4.3.3/avr5\libgcc.a(_fixunssfsi.o)
 .debug_frame   0x00000020       0x40 c:/users/mohamed karem/desktop/embedded/programs/imt_sdk_win_64/imt_sdk_win_64/winavr/bin/../lib/gcc/avr/4.3.3/avr5\libgcc.a(_addsub_sf.o)
 .debug_frame   0x00000060       0x20 c:/users/mohamed karem/desktop/embedded/programs/imt_sdk_win_64/imt_sdk_win_64/winavr/bin/../lib/gcc/avr/4.3.3/avr5\libgcc.a(_mul_sf.o)
 .debug_frame   0x00000080       0x20 c:/users/mohamed karem/desktop/embedded/programs/imt_sdk_win_64/imt_sdk_win_64/winavr/bin/../lib/gcc/avr/4.3.3/avr5\libgcc.a(_gt_sf.o)
 .debug_frame   0x000000a0       0x20 c:/users/mohamed karem/desktop/embedded/programs/imt_sdk_win_64/imt_sdk_win_64/winavr/bin/../lib/gcc/avr/4.3.3/avr5\libgcc.a(_ge_sf.o)
 .debug_frame   0x000000c0       0x20 c:/users/mohamed karem/desktop/embedded/programs/imt_sdk_win_64/imt_sdk_win_64/winavr/bin/../lib/gcc/avr/4.3.3/avr5\libgcc.a(_lt_sf.o)
 .debug_frame   0x000000e0       0x20 c:/users/mohamed karem/desktop/embedded/programs/imt_sdk_win_64/imt_sdk_win_64/winavr/bin/../lib/gcc/avr/4.3.3/avr5\libgcc.a(_sf_to_si.o)
 .debug_frame   0x00000100       0x20 c:/users/mohamed karem/desktop/embedded/programs/imt_sdk_win_64/imt_sdk_win_64/winavr/bin/../lib/gcc/avr/4.3.3/avr5\libgcc.a(_pack_sf.o)
 .debug_frame   0x00000120       0x20 c:/users/mohamed karem/desktop/embedded/programs/imt_sdk_win_64/imt_sdk_win_64/winavr/bin/../lib/gcc/avr/4.3.3/avr5\libgcc.a(_unpack_sf.o)
 .debug_frame   0x00000140       0x20 c:/users/mohamed karem/desktop/embedded/programs/imt_sdk_win_64/imt_sdk_win_64/winavr/bin/../lib/gcc/avr/4.3.3/avr5\libgcc.a(_fpcmp_parts_sf.o)

.debug_str      0x00000000      0x28d
 *(.debug_str)
 .debug_str     0x00000000       0xbf c:/users/mohamed karem/desktop/embedded/programs/imt_sdk_win_64/imt_sdk_win_64/winavr/bin/../lib/gcc/avr/4.3.3/avr5\libgcc.a(_fixunssfsi.o)
                                 0xfe (size before relaxing)
 .debug_str     0x000000bf      0x14d c:/users/mohamed karem/desktop/embedded/programs/imt_sdk_win_64/imt_sdk_win_64/winavr/bin/../lib/gcc/avr/4.3.3/avr5\libgcc.a(_addsub_sf.o)
                                0x206 (size before relaxing)
 .debug_str     0x0000020c       0x27 c:/users/mohamed karem/desktop/embedded/programs/imt_sdk_win_64/imt_sdk_win_64/winavr/bin/../lib/gcc/avr/4.3.3/avr5\libgcc.a(_mul_sf.o)
                                0x1bf (size before relaxing)
 .debug_str     0x00000233        0xf c:/users/mohamed karem/desktop/embedded/programs/imt_sdk_win_64/imt_sdk_win_64/winavr/bin/../lib/gcc/avr/4.3.3/avr5\libgcc.a(_gt_sf.o)
                                0x195 (size before relaxing)
 .debug_str     0x00000242        0x8 c:/users/mohamed karem/desktop/embedded/programs/imt_sdk_win_64/imt_sdk_win_64/winavr/bin/../lib/gcc/avr/4.3.3/avr5\libgcc.a(_ge_sf.o)
                                0x195 (size before relaxing)
 .debug_str     0x0000024a        0x8 c:/users/mohamed karem/desktop/embedded/programs/imt_sdk_win_64/imt_sdk_win_64/winavr/bin/../lib/gcc/avr/4.3.3/avr5\libgcc.a(_lt_sf.o)
                                0x195 (size before relaxing)
 .debug_str     0x00000252        0xa c:/users/mohamed karem/desktop/embedded/programs/imt_sdk_win_64/imt_sdk_win_64/winavr/bin/../lib/gcc/avr/4.3.3/avr5\libgcc.a(_sf_to_si.o)
                                0x19e (size before relaxing)
 .debug_str     0x00000000      0x103 c:/users/mohamed karem/desktop/embedded/programs/imt_sdk_win_64/imt_sdk_win_64/winavr/bin/../lib/gcc/avr/4.3.3/avr5\libgcc.a(_thenan_sf.o)
 .debug_str     0x0000025c       0x16 c:/users/mohamed karem/desktop/embedded/programs/imt_sdk_win_64/imt_sdk_win_64/winavr/bin/../lib/gcc/avr/4.3.3/avr5\libgcc.a(_pack_sf.o)
                                0x19d (size before relaxing)
 .debug_str     0x00000272        0xb c:/users/mohamed karem/desktop/embedded/programs/imt_sdk_win_64/imt_sdk_win_64/winavr/bin/../lib/gcc/avr/4.3.3/avr5\libgcc.a(_unpack_sf.o)
                                0x17f (size before relaxing)
 .debug_str     0x0000027d       0x10 c:/users/mohamed karem/desktop/embedded/programs/imt_sdk_win_64/imt_sdk_win_64/winavr/bin/../lib/gcc/avr/4.3.3/avr5\libgcc.a(_fpcmp_parts_sf.o)
                                0x163 (size before relaxing)

.debug_loc      0x00000000      0x7ce
 *(.debug_loc)
 .debug_loc     0x00000000       0x34 c:/users/mohamed karem/desktop/embedded/programs/imt_sdk_win_64/imt_sdk_win_64/winavr/bin/../lib/gcc/avr/4.3.3/avr5\libgcc.a(_fixunssfsi.o)
 .debug_loc     0x00000034      0x32a c:/users/mohamed karem/desktop/embedded/programs/imt_sdk_win_64/imt_sdk_win_64/winavr/bin/../lib/gcc/avr/4.3.3/avr5\libgcc.a(_addsub_sf.o)
 .debug_loc     0x0000035e      0x104 c:/users/mohamed karem/desktop/embedded/programs/imt_sdk_win_64/imt_sdk_win_64/winavr/bin/../lib/gcc/avr/4.3.3/avr5\libgcc.a(_mul_sf.o)
 .debug_loc     0x00000462       0x3c c:/users/mohamed karem/desktop/embedded/programs/imt_sdk_win_64/imt_sdk_win_64/winavr/bin/../lib/gcc/avr/4.3.3/avr5\libgcc.a(_gt_sf.o)
 .debug_loc     0x0000049e       0x3c c:/users/mohamed karem/desktop/embedded/programs/imt_sdk_win_64/imt_sdk_win_64/winavr/bin/../lib/gcc/avr/4.3.3/avr5\libgcc.a(_ge_sf.o)
 .debug_loc     0x000004da       0x3c c:/users/mohamed karem/desktop/embedded/programs/imt_sdk_win_64/imt_sdk_win_64/winavr/bin/../lib/gcc/avr/4.3.3/avr5\libgcc.a(_lt_sf.o)
 .debug_loc     0x00000516       0x7e c:/users/mohamed karem/desktop/embedded/programs/imt_sdk_win_64/imt_sdk_win_64/winavr/bin/../lib/gcc/avr/4.3.3/avr5\libgcc.a(_sf_to_si.o)
 .debug_loc     0x00000594      0x13e c:/users/mohamed karem/desktop/embedded/programs/imt_sdk_win_64/imt_sdk_win_64/winavr/bin/../lib/gcc/avr/4.3.3/avr5\libgcc.a(_pack_sf.o)
 .debug_loc     0x000006d2       0xac c:/users/mohamed karem/desktop/embedded/programs/imt_sdk_win_64/imt_sdk_win_64/winavr/bin/../lib/gcc/avr/4.3.3/avr5\libgcc.a(_unpack_sf.o)
 .debug_loc     0x0000077e       0x50 c:/users/mohamed karem/desktop/embedded/programs/imt_sdk_win_64/imt_sdk_win_64/winavr/bin/../lib/gcc/avr/4.3.3/avr5\libgcc.a(_fpcmp_parts_sf.o)

.debug_macinfo
 *(.debug_macinfo)
OUTPUT(Global_Project.elf elf32-avr)
LOAD linker stubs

.debug_ranges   0x00000000       0x50
 .debug_ranges  0x00000000       0x50 c:/users/mohamed karem/desktop/embedded/programs/imt_sdk_win_64/imt_sdk_win_64/winavr/bin/../lib/gcc/avr/4.3.3/avr5\libgcc.a(_mul_sf.o)
