Archive member included because of file (symbol)

c:/users/mohamed karem/desktop/embedded/programs/imt_sdk_win_64/imt_sdk_win_64/winavr/bin/../lib/gcc/avr/4.3.3/avr5\libgcc.a(_mulsi3.o)
                              ./app/Test_ADC.o (__mulsi3)
c:/users/mohamed karem/desktop/embedded/programs/imt_sdk_win_64/imt_sdk_win_64/winavr/bin/../lib/gcc/avr/4.3.3/avr5\libgcc.a(_udivmodqi4.o)
                              ./HAL/LCD_driver/Log_program.o (__udivmodqi4)
c:/users/mohamed karem/desktop/embedded/programs/imt_sdk_win_64/imt_sdk_win_64/winavr/bin/../lib/gcc/avr/4.3.3/avr5\libgcc.a(_udivmodhi4.o)
                              ./app/ICU_Using_Timer.o (__udivmodhi4)
c:/users/mohamed karem/desktop/embedded/programs/imt_sdk_win_64/imt_sdk_win_64/winavr/bin/../lib/gcc/avr/4.3.3/avr5\libgcc.a(_exit.o)
                              c:/users/mohamed karem/desktop/embedded/programs/imt_sdk_win_64/imt_sdk_win_64/winavr/bin/../lib/gcc/avr/4.3.3/../../../../avr/lib/avr5/crtm32.o (exit)
c:/users/mohamed karem/desktop/embedded/programs/imt_sdk_win_64/imt_sdk_win_64/winavr/bin/../lib/gcc/avr/4.3.3/avr5\libgcc.a(_copy_data.o)
                              ./app/FreeRtos_2TasksHasLCDSource.o (__do_copy_data)
c:/users/mohamed karem/desktop/embedded/programs/imt_sdk_win_64/imt_sdk_win_64/winavr/bin/../lib/gcc/avr/4.3.3/avr5\libgcc.a(_clear_bss.o)
                              ./app/FreeRtos_2TasksHasLCDSource_Semahore.o (__do_clear_bss)
c:/users/mohamed karem/desktop/embedded/programs/imt_sdk_win_64/imt_sdk_win_64/winavr/bin/../lib/gcc/avr/4.3.3/../../../../avr/lib/avr5\libc.a(memcpy.o)
                              ./FREE_RTOS/queue.o (memcpy)
c:/users/mohamed karem/desktop/embedded/programs/imt_sdk_win_64/imt_sdk_win_64/winavr/bin/../lib/gcc/avr/4.3.3/../../../../avr/lib/avr5\libc.a(memset.o)
                              ./FREE_RTOS/tasks.o (memset)
c:/users/mohamed karem/desktop/embedded/programs/imt_sdk_win_64/imt_sdk_win_64/winavr/bin/../lib/gcc/avr/4.3.3/../../../../avr/lib/avr5\libc.a(strncpy.o)
                              ./FREE_RTOS/tasks.o (strncpy)

Allocating common symbols
Common symbol       size              file

taskinit            0x2               ./app/FreeRtos_SynchSemaphore_Task_INT.o
buffer              0x2               ./app/FreeRtos_Queue.o

Memory Configuration

Name             Origin             Length             Attributes
text             0x00000000         0x00020000         xr
data             0x00800060         0x0000ffa0         rw !x
eeprom           0x00810000         0x00010000         rw !x
fuse             0x00820000         0x00000400         rw !x
lock             0x00830000         0x00000400         rw !x
signature        0x00840000         0x00000400         rw !x
*default*        0x00000000         0xffffffff

Linker script and memory map

LOAD c:/users/mohamed karem/desktop/embedded/programs/imt_sdk_win_64/imt_sdk_win_64/winavr/bin/../lib/gcc/avr/4.3.3/../../../../avr/lib/avr5/crtm32.o
LOAD ./app/FreeRtos_2TasksHasLCDSource.o
LOAD ./app/FreeRtos_2TasksHasLCDSource_Semahore.o
LOAD ./app/FreeRtos_Blinking2Leds.o
LOAD ./app/FreeRtos_Queue.o
LOAD ./app/FreeRtos_SynchSemaphore_Task_INT.o
LOAD ./app/ICU_Using_Timer.o
LOAD ./app/Test_ADC.o
LOAD ./app/Test_EXTI.o
LOAD ./app/Test_I2c_Ext_EEPROM.o
LOAD ./app/Test_LCD_Keypad.o
LOAD ./app/Test_OverFlow_Timer.o
LOAD ./app/Test_SPI.o
LOAD ./app/Test_UART.o
LOAD ./app/Test_WD.o
LOAD ./app/anims.o
LOAD ./app/blinkled.o
LOAD ./app/lcd.o
LOAD ./app/testDIO.o
LOAD ./MCAL/WatchDog/WATCHDOG.program.o
LOAD ./MCAL/UART/UART_program.o
LOAD ./MCAL/TIMER/TIMER.program.o
LOAD ./MCAL/SPI/SPI_program.o
LOAD ./MCAL/I2C/IIC_program.o
LOAD ./MCAL/EXTI/EXTI_program.o
LOAD ./MCAL/DIO_driver/DIO_program.o
LOAD ./MCAL/ADC/ADC_program.o
LOAD ./HAL/LCD_driver/LCD_program.o
LOAD ./HAL/LCD_driver/Log_program.o
LOAD ./HAL/Keypad_driver/keypad_program.o
LOAD ./HAL/EXT_EEPROM/EXT_EEPROM_program.o
LOAD ./FREE_RTOS/croutine.o
LOAD ./FREE_RTOS/heap_1.o
LOAD ./FREE_RTOS/list.o
LOAD ./FREE_RTOS/port.o
LOAD ./FREE_RTOS/queue.o
LOAD ./FREE_RTOS/tasks.o
LOAD ./FREE_RTOS/timers.o
LOAD ./main.o
LOAD c:/users/mohamed karem/desktop/embedded/programs/imt_sdk_win_64/imt_sdk_win_64/winavr/bin/../lib/gcc/avr/4.3.3/avr5\libgcc.a
LOAD c:/users/mohamed karem/desktop/embedded/programs/imt_sdk_win_64/imt_sdk_win_64/winavr/bin/../lib/gcc/avr/4.3.3/../../../../avr/lib/avr5\libc.a
LOAD c:/users/mohamed karem/desktop/embedded/programs/imt_sdk_win_64/imt_sdk_win_64/winavr/bin/../lib/gcc/avr/4.3.3/avr5\libgcc.a

.hash
 *(.hash)

.dynsym
 *(.dynsym)

.dynstr
 *(.dynstr)

.gnu.version
 *(.gnu.version)

.gnu.version_d
 *(.gnu.version_d)

.gnu.version_r
 *(.gnu.version_r)

.rel.init
 *(.rel.init)

.rela.init
 *(.rela.init)

.rel.text
 *(.rel.text)
 *(.rel.text.*)
 *(.rel.gnu.linkonce.t*)

.rela.text
 *(.rela.text)
 *(.rela.text.*)
 *(.rela.gnu.linkonce.t*)

.rel.fini
 *(.rel.fini)

.rela.fini
 *(.rela.fini)

.rel.rodata
 *(.rel.rodata)
 *(.rel.rodata.*)
 *(.rel.gnu.linkonce.r*)

.rela.rodata
 *(.rela.rodata)
 *(.rela.rodata.*)
 *(.rela.gnu.linkonce.r*)

.rel.data
 *(.rel.data)
 *(.rel.data.*)
 *(.rel.gnu.linkonce.d*)

.rela.data
 *(.rela.data)
 *(.rela.data.*)
 *(.rela.gnu.linkonce.d*)

.rel.ctors
 *(.rel.ctors)

.rela.ctors
 *(.rela.ctors)

.rel.dtors
 *(.rel.dtors)

.rela.dtors
 *(.rela.dtors)

.rel.got
 *(.rel.got)

.rela.got
 *(.rela.got)

.rel.bss
 *(.rel.bss)

.rela.bss
 *(.rela.bss)

.rel.plt
 *(.rel.plt)

.rela.plt
 *(.rela.plt)

.text           0x00000000     0x2ba8
 *(.vectors)
 .vectors       0x00000000       0x54 c:/users/mohamed karem/desktop/embedded/programs/imt_sdk_win_64/imt_sdk_win_64/winavr/bin/../lib/gcc/avr/4.3.3/../../../../avr/lib/avr5/crtm32.o
                0x00000000                __vectors
                0x00000000                __vector_default
 *(.vectors)
 *(.progmem.gcc*)
 *(.progmem*)
                0x00000054                . = ALIGN (0x2)
                0x00000054                __trampolines_start = .
 *(.trampolines)
 .trampolines   0x00000054        0x0 linker stubs
 *(.trampolines*)
                0x00000054                __trampolines_end = .
 *(.jumptables)
 *(.jumptables*)
 *(.lowtext)
 *(.lowtext*)
                0x00000054                __ctors_start = .
 *(.ctors)
                0x00000054                __ctors_end = .
                0x00000054                __dtors_start = .
 *(.dtors)
                0x00000054                __dtors_end = .
 SORT(*)(.ctors)
 SORT(*)(.dtors)
 *(.init0)
 .init0         0x00000054        0x0 c:/users/mohamed karem/desktop/embedded/programs/imt_sdk_win_64/imt_sdk_win_64/winavr/bin/../lib/gcc/avr/4.3.3/../../../../avr/lib/avr5/crtm32.o
                0x00000054                __init
 *(.init0)
 *(.init1)
 *(.init1)
 *(.init2)
 .init2         0x00000054        0xc c:/users/mohamed karem/desktop/embedded/programs/imt_sdk_win_64/imt_sdk_win_64/winavr/bin/../lib/gcc/avr/4.3.3/../../../../avr/lib/avr5/crtm32.o
 *(.init2)
 *(.init3)
 *(.init3)
 *(.init4)
 .init4         0x00000060       0x16 c:/users/mohamed karem/desktop/embedded/programs/imt_sdk_win_64/imt_sdk_win_64/winavr/bin/../lib/gcc/avr/4.3.3/avr5\libgcc.a(_copy_data.o)
                0x00000060                __do_copy_data
 .init4         0x00000076       0x10 c:/users/mohamed karem/desktop/embedded/programs/imt_sdk_win_64/imt_sdk_win_64/winavr/bin/../lib/gcc/avr/4.3.3/avr5\libgcc.a(_clear_bss.o)
                0x00000076                __do_clear_bss
 *(.init4)
 *(.init5)
 *(.init5)
 *(.init6)
 *(.init6)
 *(.init7)
 *(.init7)
 *(.init8)
 *(.init8)
 *(.init9)
 .init9         0x00000086        0x8 c:/users/mohamed karem/desktop/embedded/programs/imt_sdk_win_64/imt_sdk_win_64/winavr/bin/../lib/gcc/avr/4.3.3/../../../../avr/lib/avr5/crtm32.o
 *(.init9)
 *(.text)
 .text          0x0000008e        0x4 c:/users/mohamed karem/desktop/embedded/programs/imt_sdk_win_64/imt_sdk_win_64/winavr/bin/../lib/gcc/avr/4.3.3/../../../../avr/lib/avr5/crtm32.o
                0x0000008e                __vector_12
                0x0000008e                __bad_interrupt
                0x0000008e                __vector_3
                0x0000008e                __vector_11
                0x0000008e                __vector_13
                0x0000008e                __vector_17
                0x0000008e                __vector_19
                0x0000008e                __vector_5
                0x0000008e                __vector_4
                0x0000008e                __vector_9
                0x0000008e                __vector_15
                0x0000008e                __vector_8
                0x0000008e                __vector_14
                0x0000008e                __vector_10
                0x0000008e                __vector_16
                0x0000008e                __vector_18
                0x0000008e                __vector_20
 .text          0x00000092        0x0 ./app/FreeRtos_2TasksHasLCDSource.o
 .text          0x00000092        0x0 ./app/FreeRtos_2TasksHasLCDSource_Semahore.o
 .text          0x00000092        0x0 ./app/FreeRtos_Blinking2Leds.o
 .text          0x00000092        0x0 ./app/FreeRtos_Queue.o
 .text          0x00000092        0x0 ./app/FreeRtos_SynchSemaphore_Task_INT.o
 .text          0x00000092        0x0 ./app/ICU_Using_Timer.o
 .text          0x00000092        0x0 ./app/Test_ADC.o
 .text          0x00000092        0x0 ./app/Test_EXTI.o
 .text          0x00000092        0x0 ./app/Test_I2c_Ext_EEPROM.o
 .text          0x00000092        0x0 ./app/Test_LCD_Keypad.o
 .text          0x00000092        0x0 ./app/Test_OverFlow_Timer.o
 .text          0x00000092        0x0 ./app/Test_SPI.o
 .text          0x00000092        0x0 ./app/Test_UART.o
 .text          0x00000092        0x0 ./app/Test_WD.o
 .text          0x00000092        0x0 ./app/anims.o
 .text          0x00000092        0x0 ./app/blinkled.o
 .text          0x00000092        0x0 ./app/lcd.o
 .text          0x00000092        0x0 ./app/testDIO.o
 .text          0x00000092        0x0 ./MCAL/WatchDog/WATCHDOG.program.o
 .text          0x00000092        0x0 ./MCAL/UART/UART_program.o
 .text          0x00000092        0x0 ./MCAL/TIMER/TIMER.program.o
 .text          0x00000092        0x0 ./MCAL/SPI/SPI_program.o
 .text          0x00000092        0x0 ./MCAL/I2C/IIC_program.o
 .text          0x00000092        0x0 ./MCAL/EXTI/EXTI_program.o
 .text          0x00000092        0x0 ./MCAL/DIO_driver/DIO_program.o
 .text          0x00000092        0x0 ./MCAL/ADC/ADC_program.o
 .text          0x00000092        0x0 ./HAL/LCD_driver/LCD_program.o
 .text          0x00000092        0x0 ./HAL/LCD_driver/Log_program.o
 .text          0x00000092        0x0 ./HAL/Keypad_driver/keypad_program.o
 .text          0x00000092        0x0 ./HAL/EXT_EEPROM/EXT_EEPROM_program.o
 .text          0x00000092        0x0 ./FREE_RTOS/croutine.o
 .text          0x00000092        0x0 ./FREE_RTOS/heap_1.o
 .text          0x00000092        0x0 ./FREE_RTOS/list.o
 .text          0x00000092        0x0 ./FREE_RTOS/port.o
 .text          0x00000092        0x0 ./FREE_RTOS/queue.o
 .text          0x00000092        0x0 ./FREE_RTOS/tasks.o
 .text          0x00000092        0x0 ./FREE_RTOS/timers.o
 .text          0x00000092        0x0 ./main.o
 .text          0x00000092        0x0 c:/users/mohamed karem/desktop/embedded/programs/imt_sdk_win_64/imt_sdk_win_64/winavr/bin/../lib/gcc/avr/4.3.3/avr5\libgcc.a(_mulsi3.o)
 .text          0x00000092        0x0 c:/users/mohamed karem/desktop/embedded/programs/imt_sdk_win_64/imt_sdk_win_64/winavr/bin/../lib/gcc/avr/4.3.3/avr5\libgcc.a(_udivmodqi4.o)
 .text          0x00000092        0x0 c:/users/mohamed karem/desktop/embedded/programs/imt_sdk_win_64/imt_sdk_win_64/winavr/bin/../lib/gcc/avr/4.3.3/avr5\libgcc.a(_udivmodhi4.o)
 .text          0x00000092        0x0 c:/users/mohamed karem/desktop/embedded/programs/imt_sdk_win_64/imt_sdk_win_64/winavr/bin/../lib/gcc/avr/4.3.3/avr5\libgcc.a(_exit.o)
 .text          0x00000092        0x0 c:/users/mohamed karem/desktop/embedded/programs/imt_sdk_win_64/imt_sdk_win_64/winavr/bin/../lib/gcc/avr/4.3.3/avr5\libgcc.a(_copy_data.o)
 .text          0x00000092        0x0 c:/users/mohamed karem/desktop/embedded/programs/imt_sdk_win_64/imt_sdk_win_64/winavr/bin/../lib/gcc/avr/4.3.3/avr5\libgcc.a(_clear_bss.o)
 .text          0x00000092        0x0 c:/users/mohamed karem/desktop/embedded/programs/imt_sdk_win_64/imt_sdk_win_64/winavr/bin/../lib/gcc/avr/4.3.3/../../../../avr/lib/avr5\libc.a(memcpy.o)
 .text          0x00000092        0x0 c:/users/mohamed karem/desktop/embedded/programs/imt_sdk_win_64/imt_sdk_win_64/winavr/bin/../lib/gcc/avr/4.3.3/../../../../avr/lib/avr5\libc.a(memset.o)
 .text          0x00000092        0x0 c:/users/mohamed karem/desktop/embedded/programs/imt_sdk_win_64/imt_sdk_win_64/winavr/bin/../lib/gcc/avr/4.3.3/../../../../avr/lib/avr5\libc.a(strncpy.o)
                0x00000092                . = ALIGN (0x2)
 *(.text.*)
 .text.LCD_Task2_
                0x00000092       0x18 ./app/FreeRtos_2TasksHasLCDSource.o
                0x00000092                LCD_Task2_
 .text.LCD_Task1_
                0x000000aa       0x18 ./app/FreeRtos_2TasksHasLCDSource.o
                0x000000aa                LCD_Task1_
 .text.lab2     0x000000c2       0x5e ./app/FreeRtos_2TasksHasLCDSource.o
                0x000000c2                lab2
 .text.LCD_Task_2
                0x00000120       0x46 ./app/FreeRtos_2TasksHasLCDSource_Semahore.o
                0x00000120                LCD_Task_2
 .text.LCD_Task_1
                0x00000166       0x46 ./app/FreeRtos_2TasksHasLCDSource_Semahore.o
                0x00000166                LCD_Task_1
 .text.lab22    0x000001ac       0x7e ./app/FreeRtos_2TasksHasLCDSource_Semahore.o
                0x000001ac                lab22
 .text.Blink_1000ms_Task
                0x0000022a       0x1e ./app/FreeRtos_Blinking2Leds.o
                0x0000022a                Blink_1000ms_Task
 .text.Blink_200ms_Task
                0x00000248       0x22 ./app/FreeRtos_Blinking2Leds.o
                0x00000248                Blink_200ms_Task
 .text.init_DIOPins
                0x0000026a       0x2a ./app/FreeRtos_Blinking2Leds.o
                0x0000026a                init_DIOPins
 .text.lab1     0x00000294       0x5c ./app/FreeRtos_Blinking2Leds.o
                0x00000294                lab1
 .text.Keypad_Task
                0x000002f0       0x3e ./app/FreeRtos_Queue.o
                0x000002f0                Keypad_Task
 .text.LCD_Task_
                0x0000032e       0x56 ./app/FreeRtos_Queue.o
                0x0000032e                LCD_Task_
 .text.lab4     0x00000384       0x70 ./app/FreeRtos_Queue.o
                0x00000384                lab4
 .text.SWCheck_INT
                0x000003f4       0x18 ./app/FreeRtos_SynchSemaphore_Task_INT.o
                0x000003f4                SWCheck_INT
 .text.LCD_Task
                0x0000040c       0x36 ./app/FreeRtos_SynchSemaphore_Task_INT.o
                0x0000040c                LCD_Task
 .text.INIT_Task
                0x00000442       0x24 ./app/FreeRtos_SynchSemaphore_Task_INT.o
                0x00000442                INIT_Task
 .text.init_EXTI
                0x00000466       0x26 ./app/FreeRtos_SynchSemaphore_Task_INT.o
                0x00000466                init_EXTI
 .text.lab3     0x0000048c       0x8c ./app/FreeRtos_SynchSemaphore_Task_INT.o
                0x0000048c                lab3
 .text.Test_ICU
                0x00000518       0xfa ./app/ICU_Using_Timer.o
                0x00000518                Test_ICU
 .text.ICU      0x00000612       0x5c ./app/ICU_Using_Timer.o
                0x00000612                ICU
 .text.ADC_Keypad
                0x0000066e       0x5a ./app/Test_ADC.o
                0x0000066e                ADC_Keypad
 .text.LED_ISR1
                0x000006c8       0x28 ./app/Test_EXTI.o
                0x000006c8                LED_ISR1
 .text.LED_ISR0
                0x000006f0       0x28 ./app/Test_EXTI.o
                0x000006f0                LED_ISR0
 .text.EXTI     0x00000718       0x5a ./app/Test_EXTI.o
                0x00000718                EXTI
 .text.I2C_EXT_EEPROM
                0x00000772       0x12 ./app/Test_I2c_Ext_EEPROM.o
                0x00000772                I2C_EXT_EEPROM
 .text.GetButtonKeyppad_PresentLCD
                0x00000784       0x80 ./app/Test_LCD_Keypad.o
                0x00000784                GetButtonKeyppad_PresentLCD
 .text.Timer_Overflow_1000msBlinkingLED
                0x00000804       0x26 ./app/Test_OverFlow_Timer.o
                0x00000804                Timer_Overflow_1000msBlinkingLED
 .text.LED_Toggle
                0x0000082a       0x36 ./app/Test_OverFlow_Timer.o
                0x0000082a                LED_Toggle
 .text.SPI      0x00000860       0x82 ./app/Test_SPI.o
                0x00000860                SPI
 .text.UART_SENDReceive_DATA
                0x000008e2       0x4a ./app/Test_UART.o
                0x000008e2                UART_SENDReceive_DATA
 .text.WatchDog_Reset
                0x0000092c       0x3c ./app/Test_WD.o
                0x0000092c                WatchDog_Reset
 .text.anim     0x00000968       0xde ./app/anims.o
                0x00000968                anim
 .text.blinkled
                0x00000a46       0x50 ./app/blinkled.o
                0x00000a46                blinkled
 .text.LCD      0x00000a96       0x5a ./app/lcd.o
                0x00000a96                LCD
 .text.WGT_voidEnable
                0x00000af0        0x8 ./MCAL/WatchDog/WATCHDOG.program.o
                0x00000af0                WGT_voidEnable
 .text.WGT_voiddisable
                0x00000af8        0xe ./MCAL/WatchDog/WATCHDOG.program.o
                0x00000af8                WGT_voiddisable
 .text.WGT_voidSleep
                0x00000b06        0xe ./MCAL/WatchDog/WATCHDOG.program.o
                0x00000b06                WGT_voidSleep
 .text.UART_voidINST
                0x00000b14       0x10 ./MCAL/UART/UART_program.o
                0x00000b14                UART_voidINST
 .text.UART_voidSend
                0x00000b24        0x8 ./MCAL/UART/UART_program.o
                0x00000b24                UART_voidSend
 .text.UART_u8Recieve
                0x00000b2c        0x8 ./MCAL/UART/UART_program.o
                0x00000b2c                UART_u8Recieve
 .text.TIMER_voidINST
                0x00000b34       0x2c ./MCAL/TIMER/TIMER.program.o
                0x00000b34                TIMER_voidINST
 .text.TIMER_voidSetCOMPAREMATCHvalue
                0x00000b60        0x4 ./MCAL/TIMER/TIMER.program.o
                0x00000b60                TIMER_voidSetCOMPAREMATCHvalue
 .text.TIMER1_voidINST
                0x00000b64       0x2a ./MCAL/TIMER/TIMER.program.o
                0x00000b64                TIMER1_voidINST
 .text.TIMER1_voidSetTopValue
                0x00000b8e        0x2 ./MCAL/TIMER/TIMER.program.o
                0x00000b8e                TIMER1_voidSetTopValue
 .text.TIMER1_voidSetChannelACompareMatch
                0x00000b90        0x2 ./MCAL/TIMER/TIMER.program.o
                0x00000b90                TIMER1_voidSetChannelACompareMatch
 .text.TIMER1_Value
                0x00000b92       0x10 ./MCAL/TIMER/TIMER.program.o
                0x00000b92                TIMER1_Value
 .text.ICU_voidINST
                0x00000ba2        0x8 ./MCAL/TIMER/TIMER.program.o
                0x00000ba2                ICU_voidINST
 .text.ICU_u16ReadCapture
                0x00000baa        0x2 ./MCAL/TIMER/TIMER.program.o
                0x00000baa                ICU_u16ReadCapture
 .text.ICU_voidEdgeSelect
                0x00000bac        0xe ./MCAL/TIMER/TIMER.program.o
                0x00000bac                ICU_voidEdgeSelect
 .text.TIMER_u8SetCallBack
                0x00000bba        0xc ./MCAL/TIMER/TIMER.program.o
                0x00000bba                TIMER_u8SetCallBack
 .text.ICU_u8SetCallBack
                0x00000bc6        0xc ./MCAL/TIMER/TIMER.program.o
                0x00000bc6                ICU_u8SetCallBack
 .text.__vector_6
                0x00000bd2       0x14 ./MCAL/TIMER/TIMER.program.o
                0x00000bd2                __vector_6
 .text.SPI_voidMasterInit
                0x00000be6        0xc ./MCAL/SPI/SPI_program.o
                0x00000be6                SPI_voidMasterInit
 .text.SPI_voidSlaveInit
                0x00000bf2        0x6 ./MCAL/SPI/SPI_program.o
                0x00000bf2                SPI_voidSlaveInit
 .text.SPI_u8SendRecieve
                0x00000bf8        0xa ./MCAL/SPI/SPI_program.o
                0x00000bf8                SPI_u8SendRecieve
 .text.TWI_voidMasterINST
                0x00000c02       0x16 ./MCAL/I2C/IIC_program.o
                0x00000c02                TWI_voidMasterINST
 .text.TWI_voidSlaveINST
                0x00000c18        0xa ./MCAL/I2C/IIC_program.o
                0x00000c18                TWI_voidSlaveINST
 .text.TWI_SendStartcondition
                0x00000c22       0x2a ./MCAL/I2C/IIC_program.o
                0x00000c22                TWI_SendStartcondition
 .text.TWI_SendRepeatedStart
                0x00000c4c       0x22 ./MCAL/I2C/IIC_program.o
                0x00000c4c                TWI_SendRepeatedStart
 .text.TWI_SendSlaveAddressWithWrite
                0x00000c6e       0x2e ./MCAL/I2C/IIC_program.o
                0x00000c6e                TWI_SendSlaveAddressWithWrite
 .text.TWI_SendSlaveAddressWithRead
                0x00000c9c       0x32 ./MCAL/I2C/IIC_program.o
                0x00000c9c                TWI_SendSlaveAddressWithRead
 .text.TWI_MasterSendDataByte
                0x00000cce       0x26 ./MCAL/I2C/IIC_program.o
                0x00000cce                TWI_MasterSendDataByte
 .text.TWI_MasterReceiveDataByte
                0x00000cf4       0x2c ./MCAL/I2C/IIC_program.o
                0x00000cf4                TWI_MasterReceiveDataByte
 .text.IIC_voidSendStopcondition
                0x00000d20       0x14 ./MCAL/I2C/IIC_program.o
                0x00000d20                IIC_voidSendStopcondition
 .text.EXTI_voidINT0int
                0x00000d34       0x14 ./MCAL/EXTI/EXTI_program.o
                0x00000d34                EXTI_voidINT0int
 .text.__vector_1
                0x00000d48       0x4e ./MCAL/EXTI/EXTI_program.o
                0x00000d48                __vector_1
 .text.__vector_2
                0x00000d96       0x4e ./MCAL/EXTI/EXTI_program.o
                0x00000d96                __vector_2
 .text.GIE_voidENABLE
                0x00000de4        0x8 ./MCAL/EXTI/EXTI_program.o
                0x00000de4                GIE_voidENABLE
 .text.GIE_voidDISABLE
                0x00000dec        0x8 ./MCAL/EXTI/EXTI_program.o
                0x00000dec                GIE_voidDISABLE
 .text.EXTI_voidINT1int
                0x00000df4       0x14 ./MCAL/EXTI/EXTI_program.o
                0x00000df4                EXTI_voidINT1int
 .text.EXTI_voidINT2int
                0x00000e08        0xe ./MCAL/EXTI/EXTI_program.o
                0x00000e08                EXTI_voidINT2int
 .text.EXTI_u8SetCallBack
                0x00000e16        0xc ./MCAL/EXTI/EXTI_program.o
                0x00000e16                EXTI_u8SetCallBack
 .text.EXTI1_u8SetCallBack
                0x00000e22        0xc ./MCAL/EXTI/EXTI_program.o
                0x00000e22                EXTI1_u8SetCallBack
 .text.DIO_voidsetportdirection
                0x00000e2e       0x22 ./MCAL/DIO_driver/DIO_program.o
                0x00000e2e                DIO_voidsetportdirection
 .text.DIO_voidsetpindirection
                0x00000e50       0xec ./MCAL/DIO_driver/DIO_program.o
                0x00000e50                DIO_voidsetpindirection
 .text.DIO_voidsetportvalue
                0x00000f3c       0x22 ./MCAL/DIO_driver/DIO_program.o
                0x00000f3c                DIO_voidsetportvalue
 .text.DIO_voidsetpinvalue
                0x00000f5e       0xec ./MCAL/DIO_driver/DIO_program.o
                0x00000f5e                DIO_voidsetpinvalue
 .text.DIO_u8getpinvalue
                0x0000104a       0x40 ./MCAL/DIO_driver/DIO_program.o
                0x0000104a                DIO_u8getpinvalue
 .text.ADC_voidINST
                0x0000108a       0x10 ./MCAL/ADC/ADC_program.o
                0x0000108a                ADC_voidINST
 .text.ADC_u8GetChannelRead
                0x0000109a       0x18 ./MCAL/ADC/ADC_program.o
                0x0000109a                ADC_u8GetChannelRead
 .text.LCD_voidsendDATA
                0x000010b2       0x4c ./HAL/LCD_driver/LCD_program.o
                0x000010b2                LCD_voidsendDATA
 .text.LCD_voidsendstring
                0x000010fe       0x26 ./HAL/LCD_driver/LCD_program.o
                0x000010fe                LCD_voidsendstring
 .text.LCD_voidsendcommand
                0x00001124       0x4c ./HAL/LCD_driver/LCD_program.o
                0x00001124                LCD_voidsendcommand
 .text.LCD_voidGoToXY
                0x00001170       0x12 ./HAL/LCD_driver/LCD_program.o
                0x00001170                LCD_voidGoToXY
 .text.LCD_voidINST
                0x00001182       0x3e ./HAL/LCD_driver/LCD_program.o
                0x00001182                LCD_voidINST
 .text.Log_voidPrintNumber
                0x000011c0      0x16c ./HAL/LCD_driver/Log_program.o
                0x000011c0                Log_voidPrintNumber
 .text.Log_voidPrintString
                0x0000132c       0x1a ./HAL/LCD_driver/Log_program.o
                0x0000132c                Log_voidPrintString
 .text.keypad_u8GetPressedkey
                0x00001346       0xb6 ./HAL/Keypad_driver/keypad_program.o
                0x00001346                keypad_u8GetPressedkey
 .text.keypad_voidInit
                0x000013fc       0x5a ./HAL/Keypad_driver/keypad_program.o
                0x000013fc                keypad_voidInit
 .text.EEPROM_ReadData
                0x00001456       0x3a ./HAL/EXT_EEPROM/EXT_EEPROM_program.o
                0x00001456                EEPROM_ReadData
 .text.EEPROM_WriteData
                0x00001490       0x28 ./HAL/EXT_EEPROM/EXT_EEPROM_program.o
                0x00001490                EEPROM_WriteData
 .text.EEPROM_Init
                0x000014b8        0x8 ./HAL/EXT_EEPROM/EXT_EEPROM_program.o
                0x000014b8                EEPROM_Init
 .text.xCoRoutineRemoveFromEventList
                0x000014c0       0x4e ./FREE_RTOS/croutine.o
                0x000014c0                xCoRoutineRemoveFromEventList
 .text.vCoRoutineSchedule
                0x0000150e      0x1c0 ./FREE_RTOS/croutine.o
                0x0000150e                vCoRoutineSchedule
 .text.vCoRoutineAddToDelayedList
                0x000016ce       0x7a ./FREE_RTOS/croutine.o
                0x000016ce                vCoRoutineAddToDelayedList
 .text.xCoRoutineCreate
                0x00001748       0xf4 ./FREE_RTOS/croutine.o
                0x00001748                xCoRoutineCreate
 .text.vPortFree
                0x0000183c        0x2 ./FREE_RTOS/heap_1.o
                0x0000183c                vPortFree
 .text.vPortInitialiseBlocks
                0x0000183e        0xa ./FREE_RTOS/heap_1.o
                0x0000183e                vPortInitialiseBlocks
 .text.xPortGetFreeHeapSize
                0x00001848       0x14 ./FREE_RTOS/heap_1.o
                0x00001848                xPortGetFreeHeapSize
 .text.pvPortMalloc
                0x0000185c       0x4e ./FREE_RTOS/heap_1.o
                0x0000185c                pvPortMalloc
 .text.vListInitialise
                0x000018aa       0x20 ./FREE_RTOS/list.o
                0x000018aa                vListInitialise
 .text.vListInitialiseItem
                0x000018ca        0x8 ./FREE_RTOS/list.o
                0x000018ca                vListInitialiseItem
 .text.vListInsertEnd
                0x000018d2       0x52 ./FREE_RTOS/list.o
                0x000018d2                vListInsertEnd
 .text.vListInsert
                0x00001924       0x6a ./FREE_RTOS/list.o
                0x00001924                vListInsert
 .text.vListRemove
                0x0000198e       0x50 ./FREE_RTOS/list.o
                0x0000198e                vListRemove
 .text.pxPortInitialiseStack
                0x000019de       0x90 ./FREE_RTOS/port.o
                0x000019de                pxPortInitialiseStack
 .text.xPortStartScheduler
                0x00001a6e       0x6a ./FREE_RTOS/port.o
                0x00001a6e                xPortStartScheduler
 .text.vPortEndScheduler
                0x00001ad8        0x2 ./FREE_RTOS/port.o
                0x00001ad8                vPortEndScheduler
 .text.vPortYieldFromTick
                0x00001ada       0xb6 ./FREE_RTOS/port.o
                0x00001ada                vPortYieldFromTick
 .text.__vector_7
                0x00001b90        0x6 ./FREE_RTOS/port.o
                0x00001b90                __vector_7
 .text.vPortYield
                0x00001b96       0xb2 ./FREE_RTOS/port.o
                0x00001b96                vPortYield
 .text.uxQueueMessagesWaiting
                0x00001c48       0x10 ./FREE_RTOS/queue.o
                0x00001c48                uxQueueMessagesWaiting
 .text.uxQueueMessagesWaitingFromISR
                0x00001c58        0x6 ./FREE_RTOS/queue.o
                0x00001c58                uxQueueMessagesWaitingFromISR
 .text.xQueueIsQueueEmptyFromISR
                0x00001c5e       0x10 ./FREE_RTOS/queue.o
                0x00001c5e                xQueueIsQueueEmptyFromISR
 .text.xQueueIsQueueFullFromISR
                0x00001c6e       0x12 ./FREE_RTOS/queue.o
                0x00001c6e                xQueueIsQueueFullFromISR
 .text.vQueueDelete
                0x00001c80       0x1c ./FREE_RTOS/queue.o
                0x00001c80                vQueueDelete
 .text.xQueueReceiveFromISR
                0x00001c9c       0x7e ./FREE_RTOS/queue.o
                0x00001c9c                xQueueReceiveFromISR
 .text.prvCopyDataToQueue
                0x00001d1a       0x82 ./FREE_RTOS/queue.o
 .text.xQueueGenericSendFromISR
                0x00001d9c       0x50 ./FREE_RTOS/queue.o
                0x00001d9c                xQueueGenericSendFromISR
 .text.prvUnlockQueue
                0x00001dec       0x80 ./FREE_RTOS/queue.o
 .text.xQueueGenericReceive
                0x00001e6c      0x198 ./FREE_RTOS/queue.o
                0x00001e6c                xQueueGenericReceive
 .text.xQueueGenericSend
                0x00002004      0x148 ./FREE_RTOS/queue.o
                0x00002004                xQueueGenericSend
 .text.xQueueCreate
                0x0000214c       0xbe ./FREE_RTOS/queue.o
                0x0000214c                xQueueCreate
 .text.vTaskSuspendAll
                0x0000220a        0xc ./FREE_RTOS/tasks.o
                0x0000220a                vTaskSuspendAll
 .text.xTaskGetTickCount
                0x00002216       0x16 ./FREE_RTOS/tasks.o
                0x00002216                xTaskGetTickCount
 .text.xTaskGetTickCountFromISR
                0x0000222c        0xc ./FREE_RTOS/tasks.o
                0x0000222c                xTaskGetTickCountFromISR
 .text.uxTaskGetNumberOfTasks
                0x00002238        0x6 ./FREE_RTOS/tasks.o
                0x00002238                uxTaskGetNumberOfTasks
 .text.vTaskSwitchContext
                0x0000223e       0x84 ./FREE_RTOS/tasks.o
                0x0000223e                vTaskSwitchContext
 .text.vTaskSetTimeOutState
                0x000022c2       0x16 ./FREE_RTOS/tasks.o
                0x000022c2                vTaskSetTimeOutState
 .text.xTaskCheckForTimeOut
                0x000022d8       0x74 ./FREE_RTOS/tasks.o
                0x000022d8                xTaskCheckForTimeOut
 .text.vTaskMissedYield
                0x0000234c        0x8 ./FREE_RTOS/tasks.o
                0x0000234c                vTaskMissedYield
 .text.xTaskRemoveFromEventList
                0x00002354       0x7e ./FREE_RTOS/tasks.o
                0x00002354                xTaskRemoveFromEventList
 .text.vTaskIncrementTick
                0x000023d2      0x148 ./FREE_RTOS/tasks.o
                0x000023d2                vTaskIncrementTick
 .text.prvAddCurrentTaskToDelayedList
                0x0000251a       0x6e ./FREE_RTOS/tasks.o
 .text.vTaskPlaceOnEventList
                0x00002588       0x3a ./FREE_RTOS/tasks.o
                0x00002588                vTaskPlaceOnEventList
 .text.xTaskResumeAll
                0x000025c2       0xf6 ./FREE_RTOS/tasks.o
                0x000025c2                xTaskResumeAll
 .text.vTaskDelay
                0x000026b8       0x4e ./FREE_RTOS/tasks.o
                0x000026b8                vTaskDelay
 .text.vTaskDelayUntil
                0x00002706       0x78 ./FREE_RTOS/tasks.o
                0x00002706                vTaskDelayUntil
 .text.vTaskDelete
                0x0000277e       0x9a ./FREE_RTOS/tasks.o
                0x0000277e                vTaskDelete
 .text.vTaskEndScheduler
                0x00002818        0xc ./FREE_RTOS/tasks.o
                0x00002818                vTaskEndScheduler
 .text.prvIdleTask
                0x00002824       0x66 ./FREE_RTOS/tasks.o
 .text.xTaskGenericCreate
                0x0000288a      0x1fe ./FREE_RTOS/tasks.o
                0x0000288a                xTaskGenericCreate
 .text.vTaskStartScheduler
                0x00002a88       0x56 ./FREE_RTOS/tasks.o
                0x00002a88                vTaskStartScheduler
 .text.main     0x00002ade        0xa ./main.o
                0x00002ade                main
 .text.libgcc   0x00002ae8       0x3e c:/users/mohamed karem/desktop/embedded/programs/imt_sdk_win_64/imt_sdk_win_64/winavr/bin/../lib/gcc/avr/4.3.3/avr5\libgcc.a(_mulsi3.o)
                0x00002ae8                __mulsi3
 .text.libgcc   0x00002b26       0x18 c:/users/mohamed karem/desktop/embedded/programs/imt_sdk_win_64/imt_sdk_win_64/winavr/bin/../lib/gcc/avr/4.3.3/avr5\libgcc.a(_udivmodqi4.o)
                0x00002b26                __udivmodqi4
 .text.libgcc   0x00002b3e       0x28 c:/users/mohamed karem/desktop/embedded/programs/imt_sdk_win_64/imt_sdk_win_64/winavr/bin/../lib/gcc/avr/4.3.3/avr5\libgcc.a(_udivmodhi4.o)
                0x00002b3e                __udivmodhi4
 .text.libgcc   0x00002b66        0x0 c:/users/mohamed karem/desktop/embedded/programs/imt_sdk_win_64/imt_sdk_win_64/winavr/bin/../lib/gcc/avr/4.3.3/avr5\libgcc.a(_exit.o)
 .text.libgcc   0x00002b66        0x0 c:/users/mohamed karem/desktop/embedded/programs/imt_sdk_win_64/imt_sdk_win_64/winavr/bin/../lib/gcc/avr/4.3.3/avr5\libgcc.a(_copy_data.o)
 .text.libgcc   0x00002b66        0x0 c:/users/mohamed karem/desktop/embedded/programs/imt_sdk_win_64/imt_sdk_win_64/winavr/bin/../lib/gcc/avr/4.3.3/avr5\libgcc.a(_clear_bss.o)
 .text.avr-libc
                0x00002b66       0x12 c:/users/mohamed karem/desktop/embedded/programs/imt_sdk_win_64/imt_sdk_win_64/winavr/bin/../lib/gcc/avr/4.3.3/../../../../avr/lib/avr5\libc.a(memcpy.o)
                0x00002b66                memcpy
 .text.avr-libc
                0x00002b78        0xe c:/users/mohamed karem/desktop/embedded/programs/imt_sdk_win_64/imt_sdk_win_64/winavr/bin/../lib/gcc/avr/4.3.3/../../../../avr/lib/avr5\libc.a(memset.o)
                0x00002b78                memset
 .text.avr-libc
                0x00002b86       0x1e c:/users/mohamed karem/desktop/embedded/programs/imt_sdk_win_64/imt_sdk_win_64/winavr/bin/../lib/gcc/avr/4.3.3/../../../../avr/lib/avr5\libc.a(strncpy.o)
                0x00002b86                strncpy
                0x00002ba4                . = ALIGN (0x2)
 *(.fini9)
 .fini9         0x00002ba4        0x0 c:/users/mohamed karem/desktop/embedded/programs/imt_sdk_win_64/imt_sdk_win_64/winavr/bin/../lib/gcc/avr/4.3.3/avr5\libgcc.a(_exit.o)
                0x00002ba4                exit
                0x00002ba4                _exit
 *(.fini9)
 *(.fini8)
 *(.fini8)
 *(.fini7)
 *(.fini7)
 *(.fini6)
 *(.fini6)
 *(.fini5)
 *(.fini5)
 *(.fini4)
 *(.fini4)
 *(.fini3)
 *(.fini3)
 *(.fini2)
 *(.fini2)
 *(.fini1)
 *(.fini1)
 *(.fini0)
 .fini0         0x00002ba4        0x4 c:/users/mohamed karem/desktop/embedded/programs/imt_sdk_win_64/imt_sdk_win_64/winavr/bin/../lib/gcc/avr/4.3.3/avr5\libgcc.a(_exit.o)
 *(.fini0)
                0x00002ba8                _etext = .

.data           0x00800060       0x98 load address 0x00002ba8
                0x00800060                PROVIDE (__data_start, .)
 *(.data)
 .data          0x00800060        0x0 c:/users/mohamed karem/desktop/embedded/programs/imt_sdk_win_64/imt_sdk_win_64/winavr/bin/../lib/gcc/avr/4.3.3/../../../../avr/lib/avr5/crtm32.o
 .data          0x00800060       0x18 ./app/FreeRtos_2TasksHasLCDSource.o
 .data          0x00800078       0x18 ./app/FreeRtos_2TasksHasLCDSource_Semahore.o
 .data          0x00800090        0x0 ./app/FreeRtos_Blinking2Leds.o
 .data          0x00800090        0x0 ./app/FreeRtos_Queue.o
 .data          0x00800090       0x12 ./app/FreeRtos_SynchSemaphore_Task_INT.o
 .data          0x008000a2       0x15 ./app/ICU_Using_Timer.o
 .data          0x008000b7        0x2 ./app/Test_ADC.o
 .data          0x008000b9        0x0 ./app/Test_EXTI.o
 .data          0x008000b9        0x2 ./app/Test_I2c_Ext_EEPROM.o
 .data          0x008000bb       0x1d ./app/Test_LCD_Keypad.o
 .data          0x008000d8        0x0 ./app/Test_OverFlow_Timer.o
 .data          0x008000d8        0x0 ./app/Test_SPI.o
 .data          0x008000d8        0x0 ./app/Test_UART.o
 .data          0x008000d8        0x0 ./app/Test_WD.o
 .data          0x008000d8        0x0 ./app/anims.o
 .data          0x008000d8        0x0 ./app/blinkled.o
 .data          0x008000d8        0x0 ./app/lcd.o
 .data          0x008000d8        0x0 ./app/testDIO.o
 .data          0x008000d8        0x0 ./MCAL/WatchDog/WATCHDOG.program.o
 .data          0x008000d8        0x0 ./MCAL/UART/UART_program.o
 .data          0x008000d8        0x0 ./MCAL/TIMER/TIMER.program.o
 .data          0x008000d8        0x0 ./MCAL/SPI/SPI_program.o
 .data          0x008000d8        0x0 ./MCAL/I2C/IIC_program.o
 .data          0x008000d8        0x0 ./MCAL/EXTI/EXTI_program.o
 .data          0x008000d8        0x0 ./MCAL/DIO_driver/DIO_program.o
 .data          0x008000d8        0x0 ./MCAL/ADC/ADC_program.o
 .data          0x008000d8        0x0 ./HAL/LCD_driver/LCD_program.o
 .data          0x008000d8        0x0 ./HAL/LCD_driver/Log_program.o
 .data          0x008000d8        0x0 ./HAL/Keypad_driver/keypad_program.o
 .data          0x008000d8        0x0 ./HAL/EXT_EEPROM/EXT_EEPROM_program.o
 .data          0x008000d8        0x0 ./FREE_RTOS/croutine.o
 .data          0x008000d8        0x0 ./FREE_RTOS/heap_1.o
 .data          0x008000d8        0x0 ./FREE_RTOS/list.o
 .data          0x008000d8        0x0 ./FREE_RTOS/port.o
 .data          0x008000d8        0x0 ./FREE_RTOS/queue.o
 .data          0x008000d8        0x5 ./FREE_RTOS/tasks.o
 .data          0x008000dd        0x0 ./FREE_RTOS/timers.o
 .data          0x008000dd        0x0 ./main.o
 .data          0x008000dd        0x0 c:/users/mohamed karem/desktop/embedded/programs/imt_sdk_win_64/imt_sdk_win_64/winavr/bin/../lib/gcc/avr/4.3.3/avr5\libgcc.a(_mulsi3.o)
 .data          0x008000dd        0x0 c:/users/mohamed karem/desktop/embedded/programs/imt_sdk_win_64/imt_sdk_win_64/winavr/bin/../lib/gcc/avr/4.3.3/avr5\libgcc.a(_udivmodqi4.o)
 .data          0x008000dd        0x0 c:/users/mohamed karem/desktop/embedded/programs/imt_sdk_win_64/imt_sdk_win_64/winavr/bin/../lib/gcc/avr/4.3.3/avr5\libgcc.a(_udivmodhi4.o)
 .data          0x008000dd        0x0 c:/users/mohamed karem/desktop/embedded/programs/imt_sdk_win_64/imt_sdk_win_64/winavr/bin/../lib/gcc/avr/4.3.3/avr5\libgcc.a(_exit.o)
 .data          0x008000dd        0x0 c:/users/mohamed karem/desktop/embedded/programs/imt_sdk_win_64/imt_sdk_win_64/winavr/bin/../lib/gcc/avr/4.3.3/avr5\libgcc.a(_copy_data.o)
 .data          0x008000dd        0x0 c:/users/mohamed karem/desktop/embedded/programs/imt_sdk_win_64/imt_sdk_win_64/winavr/bin/../lib/gcc/avr/4.3.3/avr5\libgcc.a(_clear_bss.o)
 .data          0x008000dd        0x0 c:/users/mohamed karem/desktop/embedded/programs/imt_sdk_win_64/imt_sdk_win_64/winavr/bin/../lib/gcc/avr/4.3.3/../../../../avr/lib/avr5\libc.a(memcpy.o)
 .data          0x008000dd        0x0 c:/users/mohamed karem/desktop/embedded/programs/imt_sdk_win_64/imt_sdk_win_64/winavr/bin/../lib/gcc/avr/4.3.3/../../../../avr/lib/avr5\libc.a(memset.o)
 .data          0x008000dd        0x0 c:/users/mohamed karem/desktop/embedded/programs/imt_sdk_win_64/imt_sdk_win_64/winavr/bin/../lib/gcc/avr/4.3.3/../../../../avr/lib/avr5\libc.a(strncpy.o)
 *(.data*)
 .data.keypad_Array
                0x008000dd       0x10 ./HAL/Keypad_driver/keypad_program.o
                0x008000dd                keypad_Array
 .data.xNextTaskUnblockTime
                0x008000ed        0x2 ./FREE_RTOS/tasks.o
 *(.rodata)
 *(.rodata*)
 .rodata.C.0.1276
                0x008000ef        0x8 ./app/anims.o
 *(.gnu.linkonce.d*)
                0x008000f8                . = ALIGN (0x2)
 *fill*         0x008000f7        0x1 00
                0x008000f8                _edata = .
                0x008000f8                PROVIDE (__data_end, .)

.bss            0x008000f8      0x334
                0x008000f8                PROVIDE (__bss_start, .)
 *(.bss)
 .bss           0x008000f8        0x0 c:/users/mohamed karem/desktop/embedded/programs/imt_sdk_win_64/imt_sdk_win_64/winavr/bin/../lib/gcc/avr/4.3.3/../../../../avr/lib/avr5/crtm32.o
 .bss           0x008000f8        0x0 ./app/FreeRtos_2TasksHasLCDSource.o
 .bss           0x008000f8        0x0 ./app/FreeRtos_2TasksHasLCDSource_Semahore.o
 .bss           0x008000f8        0x0 ./app/FreeRtos_Blinking2Leds.o
 .bss           0x008000f8        0x0 ./app/FreeRtos_Queue.o
 .bss           0x008000f8        0x0 ./app/FreeRtos_SynchSemaphore_Task_INT.o
 .bss           0x008000f8        0x0 ./app/ICU_Using_Timer.o
 .bss           0x008000f8        0x0 ./app/Test_ADC.o
 .bss           0x008000f8        0x0 ./app/Test_EXTI.o
 .bss           0x008000f8        0x0 ./app/Test_I2c_Ext_EEPROM.o
 .bss           0x008000f8        0x0 ./app/Test_LCD_Keypad.o
 .bss           0x008000f8        0x0 ./app/Test_OverFlow_Timer.o
 .bss           0x008000f8        0x0 ./app/Test_SPI.o
 .bss           0x008000f8        0x0 ./app/Test_UART.o
 .bss           0x008000f8        0x0 ./app/Test_WD.o
 .bss           0x008000f8        0x0 ./app/anims.o
 .bss           0x008000f8        0x0 ./app/blinkled.o
 .bss           0x008000f8        0x0 ./app/lcd.o
 .bss           0x008000f8        0x0 ./app/testDIO.o
 .bss           0x008000f8        0x0 ./MCAL/WatchDog/WATCHDOG.program.o
 .bss           0x008000f8        0x0 ./MCAL/UART/UART_program.o
 .bss           0x008000f8        0x0 ./MCAL/TIMER/TIMER.program.o
 .bss           0x008000f8        0x0 ./MCAL/SPI/SPI_program.o
 .bss           0x008000f8        0x0 ./MCAL/I2C/IIC_program.o
 .bss           0x008000f8        0x0 ./MCAL/EXTI/EXTI_program.o
 .bss           0x008000f8        0x0 ./MCAL/DIO_driver/DIO_program.o
 .bss           0x008000f8        0x0 ./MCAL/ADC/ADC_program.o
 .bss           0x008000f8        0x0 ./HAL/LCD_driver/LCD_program.o
 .bss           0x008000f8        0x0 ./HAL/LCD_driver/Log_program.o
 .bss           0x008000f8        0x0 ./HAL/Keypad_driver/keypad_program.o
 .bss           0x008000f8        0x0 ./HAL/EXT_EEPROM/EXT_EEPROM_program.o
 .bss           0x008000f8        0x0 ./FREE_RTOS/croutine.o
 .bss           0x008000f8        0x0 ./FREE_RTOS/heap_1.o
 .bss           0x008000f8        0x0 ./FREE_RTOS/list.o
 .bss           0x008000f8        0x0 ./FREE_RTOS/port.o
 .bss           0x008000f8        0x0 ./FREE_RTOS/queue.o
 .bss           0x008000f8        0x0 ./FREE_RTOS/tasks.o
 .bss           0x008000f8        0x0 ./FREE_RTOS/timers.o
 .bss           0x008000f8        0x0 ./main.o
 .bss           0x008000f8        0x0 c:/users/mohamed karem/desktop/embedded/programs/imt_sdk_win_64/imt_sdk_win_64/winavr/bin/../lib/gcc/avr/4.3.3/avr5\libgcc.a(_mulsi3.o)
 .bss           0x008000f8        0x0 c:/users/mohamed karem/desktop/embedded/programs/imt_sdk_win_64/imt_sdk_win_64/winavr/bin/../lib/gcc/avr/4.3.3/avr5\libgcc.a(_udivmodqi4.o)
 .bss           0x008000f8        0x0 c:/users/mohamed karem/desktop/embedded/programs/imt_sdk_win_64/imt_sdk_win_64/winavr/bin/../lib/gcc/avr/4.3.3/avr5\libgcc.a(_udivmodhi4.o)
 .bss           0x008000f8        0x0 c:/users/mohamed karem/desktop/embedded/programs/imt_sdk_win_64/imt_sdk_win_64/winavr/bin/../lib/gcc/avr/4.3.3/avr5\libgcc.a(_exit.o)
 .bss           0x008000f8        0x0 c:/users/mohamed karem/desktop/embedded/programs/imt_sdk_win_64/imt_sdk_win_64/winavr/bin/../lib/gcc/avr/4.3.3/avr5\libgcc.a(_copy_data.o)
 .bss           0x008000f8        0x0 c:/users/mohamed karem/desktop/embedded/programs/imt_sdk_win_64/imt_sdk_win_64/winavr/bin/../lib/gcc/avr/4.3.3/avr5\libgcc.a(_clear_bss.o)
 .bss           0x008000f8        0x0 c:/users/mohamed karem/desktop/embedded/programs/imt_sdk_win_64/imt_sdk_win_64/winavr/bin/../lib/gcc/avr/4.3.3/../../../../avr/lib/avr5\libc.a(memcpy.o)
 .bss           0x008000f8        0x0 c:/users/mohamed karem/desktop/embedded/programs/imt_sdk_win_64/imt_sdk_win_64/winavr/bin/../lib/gcc/avr/4.3.3/../../../../avr/lib/avr5\libc.a(memset.o)
 .bss           0x008000f8        0x0 c:/users/mohamed karem/desktop/embedded/programs/imt_sdk_win_64/imt_sdk_win_64/winavr/bin/../lib/gcc/avr/4.3.3/../../../../avr/lib/avr5\libc.a(strncpy.o)
 *(.bss*)
 .bss.binarysemaphore
                0x008000f8        0x2 ./app/FreeRtos_2TasksHasLCDSource_Semahore.o
                0x008000f8                binarysemaphore
 .bss.Binarysemaphore
                0x008000fa        0x2 ./app/FreeRtos_SynchSemaphore_Task_INT.o
                0x008000fa                Binarysemaphore
 .bss.ONFunction
                0x008000fc        0x1 ./app/ICU_Using_Timer.o
                0x008000fc                ONFunction
 .bss.TON       0x008000fd        0x2 ./app/ICU_Using_Timer.o
                0x008000fd                TON
 .bss.TOFF      0x008000ff        0x2 ./app/ICU_Using_Timer.o
                0x008000ff                TOFF
 .bss.Frequency
                0x00800101        0x2 ./app/ICU_Using_Timer.o
                0x00800101                Frequency
 .bss.DutyCycle
                0x00800103        0x2 ./app/ICU_Using_Timer.o
                0x00800103                DutyCycle
 .bss.num_overflow
                0x00800105        0x2 ./app/Test_OverFlow_Timer.o
                0x00800105                num_overflow
 .bss.TIMER_pvGlobalCallBack
                0x00800107        0x2 ./MCAL/TIMER/TIMER.program.o
                0x00800107                TIMER_pvGlobalCallBack
 .bss.EXTI_INT0func
                0x00800109        0x2 ./MCAL/EXTI/EXTI_program.o
                0x00800109                EXTI_INT0func
 .bss.EXTI_INT1func
                0x0080010b        0x2 ./MCAL/EXTI/EXTI_program.o
                0x0080010b                EXTI_INT1func
 .bss.pxCurrentCoRoutine
                0x0080010d        0x2 ./FREE_RTOS/croutine.o
                0x0080010d                pxCurrentCoRoutine
 .bss.uxTopCoRoutineReadyPriority
                0x0080010f        0x1 ./FREE_RTOS/croutine.o
 .bss.xLastTickCount
                0x00800110        0x2 ./FREE_RTOS/croutine.o
 .bss.xPassedTicks
                0x00800112        0x2 ./FREE_RTOS/croutine.o
 .bss.xCoRoutineTickCount
                0x00800114        0x2 ./FREE_RTOS/croutine.o
 .bss.pxReadyCoRoutineLists
                0x00800116       0x12 ./FREE_RTOS/croutine.o
 .bss.xDelayedCoRoutineList1
                0x00800128        0x9 ./FREE_RTOS/croutine.o
 .bss.xDelayedCoRoutineList2
                0x00800131        0x9 ./FREE_RTOS/croutine.o
 .bss.pxDelayedCoRoutineList
                0x0080013a        0x2 ./FREE_RTOS/croutine.o
 .bss.pxOverflowDelayedCoRoutineList
                0x0080013c        0x2 ./FREE_RTOS/croutine.o
 .bss.xPendingReadyCoRoutineList
                0x0080013e        0x9 ./FREE_RTOS/croutine.o
 .bss.xNextFreeByte
                0x00800147        0x2 ./FREE_RTOS/heap_1.o
 .bss.xHeap     0x00800149      0x258 ./FREE_RTOS/heap_1.o
 .bss.pxCurrentTCB
                0x008003a1        0x2 ./FREE_RTOS/tasks.o
                0x008003a1                pxCurrentTCB
 .bss.xMissedYield
                0x008003a3        0x1 ./FREE_RTOS/tasks.o
 .bss.xNumOfOverflows
                0x008003a4        0x1 ./FREE_RTOS/tasks.o
 .bss.xTickCount
                0x008003a5        0x2 ./FREE_RTOS/tasks.o
 .bss.uxSchedulerSuspended
                0x008003a7        0x1 ./FREE_RTOS/tasks.o
 .bss.uxTopReadyPriority
                0x008003a8        0x1 ./FREE_RTOS/tasks.o
 .bss.uxMissedTicks
                0x008003a9        0x1 ./FREE_RTOS/tasks.o
 .bss.uxCurrentNumberOfTasks
                0x008003aa        0x1 ./FREE_RTOS/tasks.o
 .bss.xSchedulerRunning
                0x008003ab        0x1 ./FREE_RTOS/tasks.o
 .bss.uxTasksDeleted
                0x008003ac        0x1 ./FREE_RTOS/tasks.o
 .bss.uxTaskNumber
                0x008003ad        0x1 ./FREE_RTOS/tasks.o
 .bss.uxTopUsedPriority
                0x008003ae        0x1 ./FREE_RTOS/tasks.o
 .bss.pxReadyTasksLists
                0x008003af       0x51 ./FREE_RTOS/tasks.o
 .bss.xDelayedTaskList1
                0x00800400        0x9 ./FREE_RTOS/tasks.o
 .bss.xDelayedTaskList2
                0x00800409        0x9 ./FREE_RTOS/tasks.o
 .bss.pxDelayedTaskList
                0x00800412        0x2 ./FREE_RTOS/tasks.o
 .bss.pxOverflowDelayedTaskList
                0x00800414        0x2 ./FREE_RTOS/tasks.o
 .bss.xPendingReadyList
                0x00800416        0x9 ./FREE_RTOS/tasks.o
 .bss.xTasksWaitingTermination
                0x0080041f        0x9 ./FREE_RTOS/tasks.o
 *(COMMON)
 COMMON         0x00800428        0x2 ./app/FreeRtos_Queue.o
                0x00800428                buffer
 COMMON         0x0080042a        0x2 ./app/FreeRtos_SynchSemaphore_Task_INT.o
                0x0080042a                taskinit
                0x0080042c                PROVIDE (__bss_end, .)
                0x00002ba8                __data_load_start = LOADADDR (.data)
                0x00002c40                __data_load_end = (__data_load_start + SIZEOF (.data))

.noinit         0x0080042c        0x0
                0x0080042c                PROVIDE (__noinit_start, .)
 *(.noinit*)
                0x0080042c                PROVIDE (__noinit_end, .)
                0x0080042c                _end = .
                0x0080042c                PROVIDE (__heap_start, .)

.eeprom         0x00810000        0x0
 *(.eeprom*)
                0x00810000                __eeprom_end = .

.fuse
 *(.fuse)
 *(.lfuse)
 *(.hfuse)
 *(.efuse)

.lock
 *(.lock*)

.signature
 *(.signature*)

.stab
 *(.stab)

.stabstr
 *(.stabstr)

.stab.excl
 *(.stab.excl)

.stab.exclstr
 *(.stab.exclstr)

.stab.index
 *(.stab.index)

.stab.indexstr
 *(.stab.indexstr)

.comment
 *(.comment)

.debug
 *(.debug)

.line
 *(.line)

.debug_srcinfo
 *(.debug_srcinfo)

.debug_sfnames
 *(.debug_sfnames)

.debug_aranges
 *(.debug_aranges)

.debug_pubnames
 *(.debug_pubnames)

.debug_info
 *(.debug_info)
 *(.gnu.linkonce.wi.*)

.debug_abbrev
 *(.debug_abbrev)

.debug_line
 *(.debug_line)

.debug_frame
 *(.debug_frame)

.debug_str
 *(.debug_str)

.debug_loc
 *(.debug_loc)

.debug_macinfo
 *(.debug_macinfo)
OUTPUT(ATMEGA_32_Drivers.elf elf32-avr)
LOAD linker stubs
