Archive member included because of file (symbol)

c:/users/mohamed karem/desktop/embedded/programs/imt_sdk_win_64/imt_sdk_win_64/winavr/bin/../lib/gcc/avr/4.3.3/avr5\libgcc.a(_exit.o)
                              c:/users/mohamed karem/desktop/embedded/programs/imt_sdk_win_64/imt_sdk_win_64/winavr/bin/../lib/gcc/avr/4.3.3/../../../../avr/lib/avr5/crtm32.o (exit)
c:/users/mohamed karem/desktop/embedded/programs/imt_sdk_win_64/imt_sdk_win_64/winavr/bin/../lib/gcc/avr/4.3.3/avr5\libgcc.a(_copy_data.o)
                              ./app/anims.o (__do_copy_data)
c:/users/mohamed karem/desktop/embedded/programs/imt_sdk_win_64/imt_sdk_win_64/winavr/bin/../lib/gcc/avr/4.3.3/avr5\libgcc.a(_clear_bss.o)
                              ./app/lab22.o (__do_clear_bss)
c:/users/mohamed karem/desktop/embedded/programs/imt_sdk_win_64/imt_sdk_win_64/winavr/bin/../lib/gcc/avr/4.3.3/../../../../avr/lib/avr5\libc.a(memcpy.o)
                              ./FREE_RTOS/queue.o (memcpy)
c:/users/mohamed karem/desktop/embedded/programs/imt_sdk_win_64/imt_sdk_win_64/winavr/bin/../lib/gcc/avr/4.3.3/../../../../avr/lib/avr5\libc.a(memset.o)
                              ./FREE_RTOS/tasks.o (memset)
c:/users/mohamed karem/desktop/embedded/programs/imt_sdk_win_64/imt_sdk_win_64/winavr/bin/../lib/gcc/avr/4.3.3/../../../../avr/lib/avr5\libc.a(strncpy.o)
                              ./FREE_RTOS/tasks.o (strncpy)

Memory Configuration

Name             Origin             Length             Attributes
text             0x00000000         0x00020000         xr
data             0x00800060         0x0000ffa0         rw !x
eeprom           0x00810000         0x00010000         rw !x
fuse             0x00820000         0x00000400         rw !x
lock             0x00830000         0x00000400         rw !x
signature        0x00840000         0x00000400         rw !x
*default*        0x00000000         0xffffffff

Linker script and memory map

LOAD c:/users/mohamed karem/desktop/embedded/programs/imt_sdk_win_64/imt_sdk_win_64/winavr/bin/../lib/gcc/avr/4.3.3/../../../../avr/lib/avr5/crtm32.o
LOAD ./app/anims.o
LOAD ./app/blinkled.o
LOAD ./app/lab1.o
LOAD ./app/lab2.o
LOAD ./app/lab22.o
LOAD ./app/lab3.o
LOAD ./app/lcd.o
LOAD ./app/stepper.o
LOAD ./app/testDIO.o
LOAD ./MCAL/EXTI/EXTI_program.o
LOAD ./MCAL/DIO_driver/DIO_program.o
LOAD ./HAL/LCD_driver/LCD_program.o
LOAD ./FREE_RTOS/croutine.o
LOAD ./FREE_RTOS/heap_1.o
LOAD ./FREE_RTOS/list.o
LOAD ./FREE_RTOS/port.o
LOAD ./FREE_RTOS/queue.o
LOAD ./FREE_RTOS/tasks.o
LOAD ./FREE_RTOS/timers.o
LOAD ./main.o
LOAD c:/users/mohamed karem/desktop/embedded/programs/imt_sdk_win_64/imt_sdk_win_64/winavr/bin/../lib/gcc/avr/4.3.3/avr5\libgcc.a
LOAD c:/users/mohamed karem/desktop/embedded/programs/imt_sdk_win_64/imt_sdk_win_64/winavr/bin/../lib/gcc/avr/4.3.3/../../../../avr/lib/avr5\libc.a
LOAD c:/users/mohamed karem/desktop/embedded/programs/imt_sdk_win_64/imt_sdk_win_64/winavr/bin/../lib/gcc/avr/4.3.3/avr5\libgcc.a

.hash
 *(.hash)

.dynsym
 *(.dynsym)

.dynstr
 *(.dynstr)

.gnu.version
 *(.gnu.version)

.gnu.version_d
 *(.gnu.version_d)

.gnu.version_r
 *(.gnu.version_r)

.rel.init
 *(.rel.init)

.rela.init
 *(.rela.init)

.rel.text
 *(.rel.text)
 *(.rel.text.*)
 *(.rel.gnu.linkonce.t*)

.rela.text
 *(.rela.text)
 *(.rela.text.*)
 *(.rela.gnu.linkonce.t*)

.rel.fini
 *(.rel.fini)

.rela.fini
 *(.rela.fini)

.rel.rodata
 *(.rel.rodata)
 *(.rel.rodata.*)
 *(.rel.gnu.linkonce.r*)

.rela.rodata
 *(.rela.rodata)
 *(.rela.rodata.*)
 *(.rela.gnu.linkonce.r*)

.rel.data
 *(.rel.data)
 *(.rel.data.*)
 *(.rel.gnu.linkonce.d*)

.rela.data
 *(.rela.data)
 *(.rela.data.*)
 *(.rela.gnu.linkonce.d*)

.rel.ctors
 *(.rel.ctors)

.rela.ctors
 *(.rela.ctors)

.rel.dtors
 *(.rel.dtors)

.rela.dtors
 *(.rela.dtors)

.rel.got
 *(.rel.got)

.rela.got
 *(.rela.got)

.rel.bss
 *(.rel.bss)

.rela.bss
 *(.rela.bss)

.rel.plt
 *(.rel.plt)

.rela.plt
 *(.rela.plt)

.text           0x00000000     0x204a
 *(.vectors)
 .vectors       0x00000000       0x54 c:/users/mohamed karem/desktop/embedded/programs/imt_sdk_win_64/imt_sdk_win_64/winavr/bin/../lib/gcc/avr/4.3.3/../../../../avr/lib/avr5/crtm32.o
                0x00000000                __vectors
                0x00000000                __vector_default
 *(.vectors)
 *(.progmem.gcc*)
 *(.progmem*)
                0x00000054                . = ALIGN (0x2)
                0x00000054                __trampolines_start = .
 *(.trampolines)
 .trampolines   0x00000054        0x0 linker stubs
 *(.trampolines*)
                0x00000054                __trampolines_end = .
 *(.jumptables)
 *(.jumptables*)
 *(.lowtext)
 *(.lowtext*)
                0x00000054                __ctors_start = .
 *(.ctors)
                0x00000054                __ctors_end = .
                0x00000054                __dtors_start = .
 *(.dtors)
                0x00000054                __dtors_end = .
 SORT(*)(.ctors)
 SORT(*)(.dtors)
 *(.init0)
 .init0         0x00000054        0x0 c:/users/mohamed karem/desktop/embedded/programs/imt_sdk_win_64/imt_sdk_win_64/winavr/bin/../lib/gcc/avr/4.3.3/../../../../avr/lib/avr5/crtm32.o
                0x00000054                __init
 *(.init0)
 *(.init1)
 *(.init1)
 *(.init2)
 .init2         0x00000054        0xc c:/users/mohamed karem/desktop/embedded/programs/imt_sdk_win_64/imt_sdk_win_64/winavr/bin/../lib/gcc/avr/4.3.3/../../../../avr/lib/avr5/crtm32.o
 *(.init2)
 *(.init3)
 *(.init3)
 *(.init4)
 .init4         0x00000060       0x16 c:/users/mohamed karem/desktop/embedded/programs/imt_sdk_win_64/imt_sdk_win_64/winavr/bin/../lib/gcc/avr/4.3.3/avr5\libgcc.a(_copy_data.o)
                0x00000060                __do_copy_data
 .init4         0x00000076       0x10 c:/users/mohamed karem/desktop/embedded/programs/imt_sdk_win_64/imt_sdk_win_64/winavr/bin/../lib/gcc/avr/4.3.3/avr5\libgcc.a(_clear_bss.o)
                0x00000076                __do_clear_bss
 *(.init4)
 *(.init5)
 *(.init5)
 *(.init6)
 *(.init6)
 *(.init7)
 *(.init7)
 *(.init8)
 *(.init8)
 *(.init9)
 .init9         0x00000086        0x8 c:/users/mohamed karem/desktop/embedded/programs/imt_sdk_win_64/imt_sdk_win_64/winavr/bin/../lib/gcc/avr/4.3.3/../../../../avr/lib/avr5/crtm32.o
 *(.init9)
 *(.text)
 .text          0x0000008e        0x4 c:/users/mohamed karem/desktop/embedded/programs/imt_sdk_win_64/imt_sdk_win_64/winavr/bin/../lib/gcc/avr/4.3.3/../../../../avr/lib/avr5/crtm32.o
                0x0000008e                __vector_12
                0x0000008e                __bad_interrupt
                0x0000008e                __vector_6
                0x0000008e                __vector_3
                0x0000008e                __vector_11
                0x0000008e                __vector_13
                0x0000008e                __vector_17
                0x0000008e                __vector_19
                0x0000008e                __vector_5
                0x0000008e                __vector_4
                0x0000008e                __vector_9
                0x0000008e                __vector_15
                0x0000008e                __vector_8
                0x0000008e                __vector_14
                0x0000008e                __vector_10
                0x0000008e                __vector_16
                0x0000008e                __vector_18
                0x0000008e                __vector_20
 .text          0x00000092        0x0 ./app/anims.o
 .text          0x00000092        0x0 ./app/blinkled.o
 .text          0x00000092        0x0 ./app/lab1.o
 .text          0x00000092        0x0 ./app/lab2.o
 .text          0x00000092        0x0 ./app/lab22.o
 .text          0x00000092        0x0 ./app/lab3.o
 .text          0x00000092        0x0 ./app/lcd.o
 .text          0x00000092        0x0 ./app/stepper.o
 .text          0x00000092        0x0 ./app/testDIO.o
 .text          0x00000092        0x0 ./MCAL/EXTI/EXTI_program.o
 .text          0x00000092        0x0 ./MCAL/DIO_driver/DIO_program.o
 .text          0x00000092        0x0 ./HAL/LCD_driver/LCD_program.o
 .text          0x00000092        0x0 ./FREE_RTOS/croutine.o
 .text          0x00000092        0x0 ./FREE_RTOS/heap_1.o
 .text          0x00000092        0x0 ./FREE_RTOS/list.o
 .text          0x00000092        0x0 ./FREE_RTOS/port.o
 .text          0x00000092        0x0 ./FREE_RTOS/queue.o
 .text          0x00000092        0x0 ./FREE_RTOS/tasks.o
 .text          0x00000092        0x0 ./FREE_RTOS/timers.o
 .text          0x00000092        0x0 ./main.o
 .text          0x00000092        0x0 c:/users/mohamed karem/desktop/embedded/programs/imt_sdk_win_64/imt_sdk_win_64/winavr/bin/../lib/gcc/avr/4.3.3/avr5\libgcc.a(_exit.o)
 .text          0x00000092        0x0 c:/users/mohamed karem/desktop/embedded/programs/imt_sdk_win_64/imt_sdk_win_64/winavr/bin/../lib/gcc/avr/4.3.3/avr5\libgcc.a(_copy_data.o)
 .text          0x00000092        0x0 c:/users/mohamed karem/desktop/embedded/programs/imt_sdk_win_64/imt_sdk_win_64/winavr/bin/../lib/gcc/avr/4.3.3/avr5\libgcc.a(_clear_bss.o)
 .text          0x00000092        0x0 c:/users/mohamed karem/desktop/embedded/programs/imt_sdk_win_64/imt_sdk_win_64/winavr/bin/../lib/gcc/avr/4.3.3/../../../../avr/lib/avr5\libc.a(memcpy.o)
 .text          0x00000092        0x0 c:/users/mohamed karem/desktop/embedded/programs/imt_sdk_win_64/imt_sdk_win_64/winavr/bin/../lib/gcc/avr/4.3.3/../../../../avr/lib/avr5\libc.a(memset.o)
 .text          0x00000092        0x0 c:/users/mohamed karem/desktop/embedded/programs/imt_sdk_win_64/imt_sdk_win_64/winavr/bin/../lib/gcc/avr/4.3.3/../../../../avr/lib/avr5\libc.a(strncpy.o)
                0x00000092                . = ALIGN (0x2)
 *(.text.*)
 .text.anim     0x00000092       0xde ./app/anims.o
                0x00000092                anim
 .text.blinkled
                0x00000170       0x50 ./app/blinkled.o
                0x00000170                blinkled
 .text.Blink_1000ms_Task
                0x000001c0       0x1e ./app/lab1.o
                0x000001c0                Blink_1000ms_Task
 .text.Blink_200ms_Task
                0x000001de       0x22 ./app/lab1.o
                0x000001de                Blink_200ms_Task
 .text.init_DIOPins
                0x00000200       0x2a ./app/lab1.o
                0x00000200                init_DIOPins
 .text.lab1     0x0000022a       0x5c ./app/lab1.o
                0x0000022a                lab1
 .text.LCD_Task2_
                0x00000286       0x2e ./app/lab2.o
                0x00000286                LCD_Task2_
 .text.LCD_Task1_
                0x000002b4       0x18 ./app/lab2.o
                0x000002b4                LCD_Task1_
 .text.lab2     0x000002cc       0x5c ./app/lab2.o
                0x000002cc                lab2
 .text.LCD_Task_2
                0x00000328       0x46 ./app/lab22.o
                0x00000328                LCD_Task_2
 .text.LCD_Task_1
                0x0000036e       0x46 ./app/lab22.o
                0x0000036e                LCD_Task_1
 .text.lab22    0x000003b4       0x7e ./app/lab22.o
                0x000003b4                lab22
 .text.SWCheck_INT
                0x00000432       0x18 ./app/lab3.o
                0x00000432                SWCheck_INT
 .text.LCD_Task
                0x0000044a       0x4c ./app/lab3.o
                0x0000044a                LCD_Task
 .text.init_EXTI
                0x00000496       0x26 ./app/lab3.o
                0x00000496                init_EXTI
 .text.lab3     0x000004bc       0x5c ./app/lab3.o
                0x000004bc                lab3
 .text.LCD      0x00000518       0x62 ./app/lcd.o
                0x00000518                LCD
 .text.stepper  0x0000057a        0x2 ./app/stepper.o
                0x0000057a                stepper
 .text.EXTI_voidINT0int
                0x0000057c       0x14 ./MCAL/EXTI/EXTI_program.o
                0x0000057c                EXTI_voidINT0int
 .text.__vector_1
                0x00000590       0x4e ./MCAL/EXTI/EXTI_program.o
                0x00000590                __vector_1
 .text.__vector_2
                0x000005de       0x4e ./MCAL/EXTI/EXTI_program.o
                0x000005de                __vector_2
 .text.GIE_voidENABLE
                0x0000062c        0x8 ./MCAL/EXTI/EXTI_program.o
                0x0000062c                GIE_voidENABLE
 .text.GIE_voidDISABLE
                0x00000634        0x8 ./MCAL/EXTI/EXTI_program.o
                0x00000634                GIE_voidDISABLE
 .text.EXTI_voidINT1int
                0x0000063c       0x14 ./MCAL/EXTI/EXTI_program.o
                0x0000063c                EXTI_voidINT1int
 .text.EXTI_voidINT2int
                0x00000650        0xe ./MCAL/EXTI/EXTI_program.o
                0x00000650                EXTI_voidINT2int
 .text.EXTI_u8SetCallBack
                0x0000065e        0xc ./MCAL/EXTI/EXTI_program.o
                0x0000065e                EXTI_u8SetCallBack
 .text.EXTI1_u8SetCallBack
                0x0000066a        0xc ./MCAL/EXTI/EXTI_program.o
                0x0000066a                EXTI1_u8SetCallBack
 .text.DIO_voidsetportdirection
                0x00000676       0x22 ./MCAL/DIO_driver/DIO_program.o
                0x00000676                DIO_voidsetportdirection
 .text.DIO_voidsetpindirection
                0x00000698       0xec ./MCAL/DIO_driver/DIO_program.o
                0x00000698                DIO_voidsetpindirection
 .text.DIO_voidsetportvalue
                0x00000784       0x22 ./MCAL/DIO_driver/DIO_program.o
                0x00000784                DIO_voidsetportvalue
 .text.DIO_voidsetpinvalue
                0x000007a6       0xec ./MCAL/DIO_driver/DIO_program.o
                0x000007a6                DIO_voidsetpinvalue
 .text.DIO_u8getpinvalue
                0x00000892       0x40 ./MCAL/DIO_driver/DIO_program.o
                0x00000892                DIO_u8getpinvalue
 .text.LCD_voidsendDATA
                0x000008d2       0x4c ./HAL/LCD_driver/LCD_program.o
                0x000008d2                LCD_voidsendDATA
 .text.LCD_voidsendstring
                0x0000091e       0x26 ./HAL/LCD_driver/LCD_program.o
                0x0000091e                LCD_voidsendstring
 .text.LCD_voidsendcommand
                0x00000944       0x4c ./HAL/LCD_driver/LCD_program.o
                0x00000944                LCD_voidsendcommand
 .text.LCD_voidGoToXY
                0x00000990       0x12 ./HAL/LCD_driver/LCD_program.o
                0x00000990                LCD_voidGoToXY
 .text.LCD_voidINST
                0x000009a2       0x3e ./HAL/LCD_driver/LCD_program.o
                0x000009a2                LCD_voidINST
 .text.xCoRoutineRemoveFromEventList
                0x000009e0       0x4e ./FREE_RTOS/croutine.o
                0x000009e0                xCoRoutineRemoveFromEventList
 .text.vCoRoutineSchedule
                0x00000a2e      0x1c0 ./FREE_RTOS/croutine.o
                0x00000a2e                vCoRoutineSchedule
 .text.vCoRoutineAddToDelayedList
                0x00000bee       0x7a ./FREE_RTOS/croutine.o
                0x00000bee                vCoRoutineAddToDelayedList
 .text.xCoRoutineCreate
                0x00000c68       0xf4 ./FREE_RTOS/croutine.o
                0x00000c68                xCoRoutineCreate
 .text.vPortFree
                0x00000d5c        0x2 ./FREE_RTOS/heap_1.o
                0x00000d5c                vPortFree
 .text.vPortInitialiseBlocks
                0x00000d5e        0xa ./FREE_RTOS/heap_1.o
                0x00000d5e                vPortInitialiseBlocks
 .text.xPortGetFreeHeapSize
                0x00000d68       0x14 ./FREE_RTOS/heap_1.o
                0x00000d68                xPortGetFreeHeapSize
 .text.pvPortMalloc
                0x00000d7c       0x4e ./FREE_RTOS/heap_1.o
                0x00000d7c                pvPortMalloc
 .text.vListInitialise
                0x00000dca       0x20 ./FREE_RTOS/list.o
                0x00000dca                vListInitialise
 .text.vListInitialiseItem
                0x00000dea        0x8 ./FREE_RTOS/list.o
                0x00000dea                vListInitialiseItem
 .text.vListInsertEnd
                0x00000df2       0x52 ./FREE_RTOS/list.o
                0x00000df2                vListInsertEnd
 .text.vListInsert
                0x00000e44       0x6a ./FREE_RTOS/list.o
                0x00000e44                vListInsert
 .text.vListRemove
                0x00000eae       0x50 ./FREE_RTOS/list.o
                0x00000eae                vListRemove
 .text.pxPortInitialiseStack
                0x00000efe       0x90 ./FREE_RTOS/port.o
                0x00000efe                pxPortInitialiseStack
 .text.xPortStartScheduler
                0x00000f8e       0x6a ./FREE_RTOS/port.o
                0x00000f8e                xPortStartScheduler
 .text.vPortEndScheduler
                0x00000ff8        0x2 ./FREE_RTOS/port.o
                0x00000ff8                vPortEndScheduler
 .text.vPortYieldFromTick
                0x00000ffa       0xb6 ./FREE_RTOS/port.o
                0x00000ffa                vPortYieldFromTick
 .text.__vector_7
                0x000010b0        0x6 ./FREE_RTOS/port.o
                0x000010b0                __vector_7
 .text.vPortYield
                0x000010b6       0xb2 ./FREE_RTOS/port.o
                0x000010b6                vPortYield
 .text.uxQueueMessagesWaiting
                0x00001168       0x10 ./FREE_RTOS/queue.o
                0x00001168                uxQueueMessagesWaiting
 .text.uxQueueMessagesWaitingFromISR
                0x00001178        0x6 ./FREE_RTOS/queue.o
                0x00001178                uxQueueMessagesWaitingFromISR
 .text.xQueueIsQueueEmptyFromISR
                0x0000117e       0x10 ./FREE_RTOS/queue.o
                0x0000117e                xQueueIsQueueEmptyFromISR
 .text.xQueueIsQueueFullFromISR
                0x0000118e       0x12 ./FREE_RTOS/queue.o
                0x0000118e                xQueueIsQueueFullFromISR
 .text.vQueueDelete
                0x000011a0       0x1c ./FREE_RTOS/queue.o
                0x000011a0                vQueueDelete
 .text.xQueueReceiveFromISR
                0x000011bc       0x7e ./FREE_RTOS/queue.o
                0x000011bc                xQueueReceiveFromISR
 .text.prvCopyDataToQueue
                0x0000123a       0x82 ./FREE_RTOS/queue.o
 .text.xQueueGenericSendFromISR
                0x000012bc       0x50 ./FREE_RTOS/queue.o
                0x000012bc                xQueueGenericSendFromISR
 .text.prvUnlockQueue
                0x0000130c       0x80 ./FREE_RTOS/queue.o
 .text.xQueueGenericReceive
                0x0000138c      0x198 ./FREE_RTOS/queue.o
                0x0000138c                xQueueGenericReceive
 .text.xQueueGenericSend
                0x00001524      0x148 ./FREE_RTOS/queue.o
                0x00001524                xQueueGenericSend
 .text.xQueueCreate
                0x0000166c       0xbe ./FREE_RTOS/queue.o
                0x0000166c                xQueueCreate
 .text.vTaskSuspendAll
                0x0000172a        0xc ./FREE_RTOS/tasks.o
                0x0000172a                vTaskSuspendAll
 .text.xTaskGetTickCount
                0x00001736       0x16 ./FREE_RTOS/tasks.o
                0x00001736                xTaskGetTickCount
 .text.xTaskGetTickCountFromISR
                0x0000174c        0xc ./FREE_RTOS/tasks.o
                0x0000174c                xTaskGetTickCountFromISR
 .text.uxTaskGetNumberOfTasks
                0x00001758        0x6 ./FREE_RTOS/tasks.o
                0x00001758                uxTaskGetNumberOfTasks
 .text.vTaskSwitchContext
                0x0000175e       0x84 ./FREE_RTOS/tasks.o
                0x0000175e                vTaskSwitchContext
 .text.vTaskSetTimeOutState
                0x000017e2       0x16 ./FREE_RTOS/tasks.o
                0x000017e2                vTaskSetTimeOutState
 .text.xTaskCheckForTimeOut
                0x000017f8       0x74 ./FREE_RTOS/tasks.o
                0x000017f8                xTaskCheckForTimeOut
 .text.vTaskMissedYield
                0x0000186c        0x8 ./FREE_RTOS/tasks.o
                0x0000186c                vTaskMissedYield
 .text.xTaskRemoveFromEventList
                0x00001874       0x7e ./FREE_RTOS/tasks.o
                0x00001874                xTaskRemoveFromEventList
 .text.vTaskIncrementTick
                0x000018f2      0x148 ./FREE_RTOS/tasks.o
                0x000018f2                vTaskIncrementTick
 .text.prvAddCurrentTaskToDelayedList
                0x00001a3a       0x6e ./FREE_RTOS/tasks.o
 .text.vTaskPlaceOnEventList
                0x00001aa8       0x3a ./FREE_RTOS/tasks.o
                0x00001aa8                vTaskPlaceOnEventList
 .text.xTaskResumeAll
                0x00001ae2       0xf6 ./FREE_RTOS/tasks.o
                0x00001ae2                xTaskResumeAll
 .text.vTaskDelay
                0x00001bd8       0x4e ./FREE_RTOS/tasks.o
                0x00001bd8                vTaskDelay
 .text.vTaskDelayUntil
                0x00001c26       0x78 ./FREE_RTOS/tasks.o
                0x00001c26                vTaskDelayUntil
 .text.vTaskDelete
                0x00001c9e       0x9a ./FREE_RTOS/tasks.o
                0x00001c9e                vTaskDelete
 .text.vTaskEndScheduler
                0x00001d38        0xc ./FREE_RTOS/tasks.o
                0x00001d38                vTaskEndScheduler
 .text.prvIdleTask
                0x00001d44       0x66 ./FREE_RTOS/tasks.o
 .text.xTaskGenericCreate
                0x00001daa      0x1fe ./FREE_RTOS/tasks.o
                0x00001daa                xTaskGenericCreate
 .text.vTaskStartScheduler
                0x00001fa8       0x56 ./FREE_RTOS/tasks.o
                0x00001fa8                vTaskStartScheduler
 .text.main     0x00001ffe        0xa ./main.o
                0x00001ffe                main
 .text.libgcc   0x00002008        0x0 c:/users/mohamed karem/desktop/embedded/programs/imt_sdk_win_64/imt_sdk_win_64/winavr/bin/../lib/gcc/avr/4.3.3/avr5\libgcc.a(_exit.o)
 .text.libgcc   0x00002008        0x0 c:/users/mohamed karem/desktop/embedded/programs/imt_sdk_win_64/imt_sdk_win_64/winavr/bin/../lib/gcc/avr/4.3.3/avr5\libgcc.a(_copy_data.o)
 .text.libgcc   0x00002008        0x0 c:/users/mohamed karem/desktop/embedded/programs/imt_sdk_win_64/imt_sdk_win_64/winavr/bin/../lib/gcc/avr/4.3.3/avr5\libgcc.a(_clear_bss.o)
 .text.avr-libc
                0x00002008       0x12 c:/users/mohamed karem/desktop/embedded/programs/imt_sdk_win_64/imt_sdk_win_64/winavr/bin/../lib/gcc/avr/4.3.3/../../../../avr/lib/avr5\libc.a(memcpy.o)
                0x00002008                memcpy
 .text.avr-libc
                0x0000201a        0xe c:/users/mohamed karem/desktop/embedded/programs/imt_sdk_win_64/imt_sdk_win_64/winavr/bin/../lib/gcc/avr/4.3.3/../../../../avr/lib/avr5\libc.a(memset.o)
                0x0000201a                memset
 .text.avr-libc
                0x00002028       0x1e c:/users/mohamed karem/desktop/embedded/programs/imt_sdk_win_64/imt_sdk_win_64/winavr/bin/../lib/gcc/avr/4.3.3/../../../../avr/lib/avr5\libc.a(strncpy.o)
                0x00002028                strncpy
                0x00002046                . = ALIGN (0x2)
 *(.fini9)
 .fini9         0x00002046        0x0 c:/users/mohamed karem/desktop/embedded/programs/imt_sdk_win_64/imt_sdk_win_64/winavr/bin/../lib/gcc/avr/4.3.3/avr5\libgcc.a(_exit.o)
                0x00002046                exit
                0x00002046                _exit
 *(.fini9)
 *(.fini8)
 *(.fini8)
 *(.fini7)
 *(.fini7)
 *(.fini6)
 *(.fini6)
 *(.fini5)
 *(.fini5)
 *(.fini4)
 *(.fini4)
 *(.fini3)
 *(.fini3)
 *(.fini2)
 *(.fini2)
 *(.fini1)
 *(.fini1)
 *(.fini0)
 .fini0         0x00002046        0x4 c:/users/mohamed karem/desktop/embedded/programs/imt_sdk_win_64/imt_sdk_win_64/winavr/bin/../lib/gcc/avr/4.3.3/avr5\libgcc.a(_exit.o)
 *(.fini0)
                0x0000204a                _etext = .

.data           0x00800060       0x50 load address 0x0000204a
                0x00800060                PROVIDE (__data_start, .)
 *(.data)
 .data          0x00800060        0x0 c:/users/mohamed karem/desktop/embedded/programs/imt_sdk_win_64/imt_sdk_win_64/winavr/bin/../lib/gcc/avr/4.3.3/../../../../avr/lib/avr5/crtm32.o
 .data          0x00800060        0x0 ./app/anims.o
 .data          0x00800060        0x0 ./app/blinkled.o
 .data          0x00800060        0x0 ./app/lab1.o
 .data          0x00800060       0x18 ./app/lab2.o
 .data          0x00800078       0x18 ./app/lab22.o
 .data          0x00800090        0xc ./app/lab3.o
 .data          0x0080009c        0x5 ./app/lcd.o
 .data          0x008000a1        0x0 ./app/stepper.o
 .data          0x008000a1        0x0 ./app/testDIO.o
 .data          0x008000a1        0x0 ./MCAL/EXTI/EXTI_program.o
 .data          0x008000a1        0x0 ./MCAL/DIO_driver/DIO_program.o
 .data          0x008000a1        0x0 ./HAL/LCD_driver/LCD_program.o
 .data          0x008000a1        0x0 ./FREE_RTOS/croutine.o
 .data          0x008000a1        0x0 ./FREE_RTOS/heap_1.o
 .data          0x008000a1        0x0 ./FREE_RTOS/list.o
 .data          0x008000a1        0x0 ./FREE_RTOS/port.o
 .data          0x008000a1        0x0 ./FREE_RTOS/queue.o
 .data          0x008000a1        0x5 ./FREE_RTOS/tasks.o
 .data          0x008000a6        0x0 ./FREE_RTOS/timers.o
 .data          0x008000a6        0x0 ./main.o
 .data          0x008000a6        0x0 c:/users/mohamed karem/desktop/embedded/programs/imt_sdk_win_64/imt_sdk_win_64/winavr/bin/../lib/gcc/avr/4.3.3/avr5\libgcc.a(_exit.o)
 .data          0x008000a6        0x0 c:/users/mohamed karem/desktop/embedded/programs/imt_sdk_win_64/imt_sdk_win_64/winavr/bin/../lib/gcc/avr/4.3.3/avr5\libgcc.a(_copy_data.o)
 .data          0x008000a6        0x0 c:/users/mohamed karem/desktop/embedded/programs/imt_sdk_win_64/imt_sdk_win_64/winavr/bin/../lib/gcc/avr/4.3.3/avr5\libgcc.a(_clear_bss.o)
 .data          0x008000a6        0x0 c:/users/mohamed karem/desktop/embedded/programs/imt_sdk_win_64/imt_sdk_win_64/winavr/bin/../lib/gcc/avr/4.3.3/../../../../avr/lib/avr5\libc.a(memcpy.o)
 .data          0x008000a6        0x0 c:/users/mohamed karem/desktop/embedded/programs/imt_sdk_win_64/imt_sdk_win_64/winavr/bin/../lib/gcc/avr/4.3.3/../../../../avr/lib/avr5\libc.a(memset.o)
 .data          0x008000a6        0x0 c:/users/mohamed karem/desktop/embedded/programs/imt_sdk_win_64/imt_sdk_win_64/winavr/bin/../lib/gcc/avr/4.3.3/../../../../avr/lib/avr5\libc.a(strncpy.o)
 *(.data*)
 .data.xNextTaskUnblockTime
                0x008000a6        0x2 ./FREE_RTOS/tasks.o
 *(.rodata)
 *(.rodata*)
 .rodata.C.0.1276
                0x008000a8        0x8 ./app/anims.o
 *(.gnu.linkonce.d*)
                0x008000b0                . = ALIGN (0x2)
                0x008000b0                _edata = .
                0x008000b0                PROVIDE (__data_end, .)

.bss            0x008000b0      0x323
                0x008000b0                PROVIDE (__bss_start, .)
 *(.bss)
 .bss           0x008000b0        0x0 c:/users/mohamed karem/desktop/embedded/programs/imt_sdk_win_64/imt_sdk_win_64/winavr/bin/../lib/gcc/avr/4.3.3/../../../../avr/lib/avr5/crtm32.o
 .bss           0x008000b0        0x0 ./app/anims.o
 .bss           0x008000b0        0x0 ./app/blinkled.o
 .bss           0x008000b0        0x0 ./app/lab1.o
 .bss           0x008000b0        0x0 ./app/lab2.o
 .bss           0x008000b0        0x0 ./app/lab22.o
 .bss           0x008000b0        0x0 ./app/lab3.o
 .bss           0x008000b0        0x0 ./app/lcd.o
 .bss           0x008000b0        0x0 ./app/stepper.o
 .bss           0x008000b0        0x0 ./app/testDIO.o
 .bss           0x008000b0        0x0 ./MCAL/EXTI/EXTI_program.o
 .bss           0x008000b0        0x0 ./MCAL/DIO_driver/DIO_program.o
 .bss           0x008000b0        0x0 ./HAL/LCD_driver/LCD_program.o
 .bss           0x008000b0        0x0 ./FREE_RTOS/croutine.o
 .bss           0x008000b0        0x0 ./FREE_RTOS/heap_1.o
 .bss           0x008000b0        0x0 ./FREE_RTOS/list.o
 .bss           0x008000b0        0x0 ./FREE_RTOS/port.o
 .bss           0x008000b0        0x0 ./FREE_RTOS/queue.o
 .bss           0x008000b0        0x0 ./FREE_RTOS/tasks.o
 .bss           0x008000b0        0x0 ./FREE_RTOS/timers.o
 .bss           0x008000b0        0x0 ./main.o
 .bss           0x008000b0        0x0 c:/users/mohamed karem/desktop/embedded/programs/imt_sdk_win_64/imt_sdk_win_64/winavr/bin/../lib/gcc/avr/4.3.3/avr5\libgcc.a(_exit.o)
 .bss           0x008000b0        0x0 c:/users/mohamed karem/desktop/embedded/programs/imt_sdk_win_64/imt_sdk_win_64/winavr/bin/../lib/gcc/avr/4.3.3/avr5\libgcc.a(_copy_data.o)
 .bss           0x008000b0        0x0 c:/users/mohamed karem/desktop/embedded/programs/imt_sdk_win_64/imt_sdk_win_64/winavr/bin/../lib/gcc/avr/4.3.3/avr5\libgcc.a(_clear_bss.o)
 .bss           0x008000b0        0x0 c:/users/mohamed karem/desktop/embedded/programs/imt_sdk_win_64/imt_sdk_win_64/winavr/bin/../lib/gcc/avr/4.3.3/../../../../avr/lib/avr5\libc.a(memcpy.o)
 .bss           0x008000b0        0x0 c:/users/mohamed karem/desktop/embedded/programs/imt_sdk_win_64/imt_sdk_win_64/winavr/bin/../lib/gcc/avr/4.3.3/../../../../avr/lib/avr5\libc.a(memset.o)
 .bss           0x008000b0        0x0 c:/users/mohamed karem/desktop/embedded/programs/imt_sdk_win_64/imt_sdk_win_64/winavr/bin/../lib/gcc/avr/4.3.3/../../../../avr/lib/avr5\libc.a(strncpy.o)
 *(.bss*)
 .bss.binarysemaphore
                0x008000b0        0x2 ./app/lab22.o
                0x008000b0                binarysemaphore
 .bss.task_sync_sem
                0x008000b2        0x2 ./app/lab3.o
                0x008000b2                task_sync_sem
 .bss.EXTI_INT0func
                0x008000b4        0x2 ./MCAL/EXTI/EXTI_program.o
                0x008000b4                EXTI_INT0func
 .bss.EXTI_INT1func
                0x008000b6        0x2 ./MCAL/EXTI/EXTI_program.o
                0x008000b6                EXTI_INT1func
 .bss.pxCurrentCoRoutine
                0x008000b8        0x2 ./FREE_RTOS/croutine.o
                0x008000b8                pxCurrentCoRoutine
 .bss.uxTopCoRoutineReadyPriority
                0x008000ba        0x1 ./FREE_RTOS/croutine.o
 .bss.xLastTickCount
                0x008000bb        0x2 ./FREE_RTOS/croutine.o
 .bss.xPassedTicks
                0x008000bd        0x2 ./FREE_RTOS/croutine.o
 .bss.xCoRoutineTickCount
                0x008000bf        0x2 ./FREE_RTOS/croutine.o
 .bss.pxReadyCoRoutineLists
                0x008000c1       0x12 ./FREE_RTOS/croutine.o
 .bss.xDelayedCoRoutineList1
                0x008000d3        0x9 ./FREE_RTOS/croutine.o
 .bss.xDelayedCoRoutineList2
                0x008000dc        0x9 ./FREE_RTOS/croutine.o
 .bss.pxDelayedCoRoutineList
                0x008000e5        0x2 ./FREE_RTOS/croutine.o
 .bss.pxOverflowDelayedCoRoutineList
                0x008000e7        0x2 ./FREE_RTOS/croutine.o
 .bss.xPendingReadyCoRoutineList
                0x008000e9        0x9 ./FREE_RTOS/croutine.o
 .bss.xNextFreeByte
                0x008000f2        0x2 ./FREE_RTOS/heap_1.o
 .bss.xHeap     0x008000f4      0x258 ./FREE_RTOS/heap_1.o
 .bss.pxCurrentTCB
                0x0080034c        0x2 ./FREE_RTOS/tasks.o
                0x0080034c                pxCurrentTCB
 .bss.xMissedYield
                0x0080034e        0x1 ./FREE_RTOS/tasks.o
 .bss.xNumOfOverflows
                0x0080034f        0x1 ./FREE_RTOS/tasks.o
 .bss.xTickCount
                0x00800350        0x2 ./FREE_RTOS/tasks.o
 .bss.uxSchedulerSuspended
                0x00800352        0x1 ./FREE_RTOS/tasks.o
 .bss.uxTopReadyPriority
                0x00800353        0x1 ./FREE_RTOS/tasks.o
 .bss.uxMissedTicks
                0x00800354        0x1 ./FREE_RTOS/tasks.o
 .bss.uxCurrentNumberOfTasks
                0x00800355        0x1 ./FREE_RTOS/tasks.o
 .bss.xSchedulerRunning
                0x00800356        0x1 ./FREE_RTOS/tasks.o
 .bss.uxTasksDeleted
                0x00800357        0x1 ./FREE_RTOS/tasks.o
 .bss.uxTaskNumber
                0x00800358        0x1 ./FREE_RTOS/tasks.o
 .bss.uxTopUsedPriority
                0x00800359        0x1 ./FREE_RTOS/tasks.o
 .bss.pxReadyTasksLists
                0x0080035a       0x51 ./FREE_RTOS/tasks.o
 .bss.xDelayedTaskList1
                0x008003ab        0x9 ./FREE_RTOS/tasks.o
 .bss.xDelayedTaskList2
                0x008003b4        0x9 ./FREE_RTOS/tasks.o
 .bss.pxDelayedTaskList
                0x008003bd        0x2 ./FREE_RTOS/tasks.o
 .bss.pxOverflowDelayedTaskList
                0x008003bf        0x2 ./FREE_RTOS/tasks.o
 .bss.xPendingReadyList
                0x008003c1        0x9 ./FREE_RTOS/tasks.o
 .bss.xTasksWaitingTermination
                0x008003ca        0x9 ./FREE_RTOS/tasks.o
 *(COMMON)
                0x008003d3                PROVIDE (__bss_end, .)
                0x0000204a                __data_load_start = LOADADDR (.data)
                0x0000209a                __data_load_end = (__data_load_start + SIZEOF (.data))

.noinit         0x008003d3        0x0
                0x008003d3                PROVIDE (__noinit_start, .)
 *(.noinit*)
                0x008003d3                PROVIDE (__noinit_end, .)
                0x008003d3                _end = .
                0x008003d3                PROVIDE (__heap_start, .)

.eeprom         0x00810000        0x0
 *(.eeprom*)
                0x00810000                __eeprom_end = .

.fuse
 *(.fuse)
 *(.lfuse)
 *(.hfuse)
 *(.efuse)

.lock
 *(.lock*)

.signature
 *(.signature*)

.stab
 *(.stab)

.stabstr
 *(.stabstr)

.stab.excl
 *(.stab.excl)

.stab.exclstr
 *(.stab.exclstr)

.stab.index
 *(.stab.index)

.stab.indexstr
 *(.stab.indexstr)

.comment
 *(.comment)

.debug
 *(.debug)

.line
 *(.line)

.debug_srcinfo
 *(.debug_srcinfo)

.debug_sfnames
 *(.debug_sfnames)

.debug_aranges
 *(.debug_aranges)

.debug_pubnames
 *(.debug_pubnames)

.debug_info
 *(.debug_info)
 *(.gnu.linkonce.wi.*)

.debug_abbrev
 *(.debug_abbrev)

.debug_line
 *(.debug_line)

.debug_frame
 *(.debug_frame)

.debug_str
 *(.debug_str)

.debug_loc
 *(.debug_loc)

.debug_macinfo
 *(.debug_macinfo)
OUTPUT(Global_Project.elf elf32-avr)
LOAD linker stubs
